******************************************************************************
               TMS320C6x Linker Unix v7.3.23                   
******************************************************************************
>> Linked Fri Jul 31 14:11:16 2020

OUTPUT FILE NAME:   </home/admin/Projects/embedded/ti/dsplink-1_65_02/dsplink/dsp/BUILD/OMAP3530_0/MESSAGE/BIN/DEBUG/message.out>
ENTRY POINT SYMBOL: "_c_int00"  address: 87e24ec0


MEMORY CONFIGURATION

         name            origin    length      used     unused   attr    fill
----------------------  --------  ---------  --------  --------  ----  --------
  IRAM                  107f8000   00010000  00005a00  0000a600  RWIX
  CACHE_L2              10808000   00008000  00000000  00008000  RWIX
  CACHE_L1P             10e04000   00004000  00000000  00004000  RWIX
  L1DSRAM               10f04000   00004000  00000352  00003cae  RWIX
  CACHE_L1D             10f10000   00008000  00000000  00008000  RWIX
  RESET_VECTOR          87e00000   00000080  00000000  00000080  RWIX
  DDR2                  87e00080   000fff80  00025a47  000da539  RWIX
  DSPLINKMEM            87f00000   00030000  00000000  00030000  RWIX
  POOLMEM               87f30000   000d0000  00000000  000d0000  RWIX


SECTION ALLOCATION MAP

 output                                  attributes/
section   page    origin      length       input sections
--------  ----  ----------  ----------   ----------------
.pinit     0    87e00080    00000000     UNINITIALIZED

.vers      0    00000000    0000003c     COPY SECTION
                  00000000    0000003c     messagecfg.obj (.vers)

.bios      0    107f8000    00005800     
                  107f8000    000005c0     bios.a64P : sys_prin.o64P (.bios)
                  107f85c0    00000520               : exc.o64P (.bios)
                  107f8ae0    000004e0               : hwi_disp_asm.o64P (.bios)
                  107f8fc0    000004c0               : swi.o64P (.bios)
                  107f9480    00000380               : prd.o64P (.bios)
                  107f9800    00000340               : tsk_crea.o64P (.bios)
                  107f9b40    00000240               : knl_run.o64P (.bios)
                  107f9d80    00000200               : mem_free.o64P (.bios:.near)
                  107f9f80    00000200               : sem_pend.o64P (.bios)
                  107fa180    00000200     bios3430.a64P : clk2430.o64P (.bios)
                  107fa380    000001e0     bios.a64P : mem_allo.o64P (.bios:.near)
                  107fa560    000001e0               : c62_plug.o64P (.bios)
                  107fa740    000001e0               : exc_asm.o64P (.bios)
                  107fa920    000001e0               : knl_tick.o64P (.bios)
                  107fab00    000001c0               : sem_dopo.o64P (.bios)
                  107facc0    000001c0               : tsk_dele.o64P (.bios)
                  107fae80    000001c0     bios3430.a64P : clk.o64P (.bios)
                  107fb040    000001a0     bios.a64P : tsk_setu.o64P (.bios)
                  107fb1e0    00000180               : knl_swit.o64P (.bios)
                  107fb360    00000180               : msgq_locateAsync.o64P (.bios)
                  107fb4e0    00000140               : autoinit.o64P (.bios)
                  107fb620    00000140               : knl_read.o64P (.bios)
                  107fb760    00000140               : msgq_open.o64P (.bios)
                  107fb8a0    00000140               : tsk_exit.o64P (.bios)
                  107fb9e0    00000140     bios3430.a64P : bcache_init.o64P (.bios)
                  107fbb20    00000140                   : clk2430_reconfig.o64P (.bios)
                  107fbc60    00000120     bios.a64P : gbl_cacheinit64P.o64P (.bios)
                  107fbd80    00000120               : knl_chec.o64P (.bios)
                  107fbea0    00000120               : tsk_stup.o64P (.bios)
                  107fbfc0    00000100               : msgq_locate.o64P (.bios)
                  107fc0c0    00000100               : msgq_stup.o64P (.bios)
                  107fc1c0    00000100     bios3430.a64P : bcache_block.o64P (.bios)
                  107fc2c0    000000e0     bios.a64P : msgq_locatelocal.o64P (.bios)
                  107fc3a0    000000e0               : sem_post_asm.o64P (.bios)
                  107fc480    000000c0               : knl_exit.o64P (.bios)
                  107fc540    000000c0               : msgq_alloc.o64P (.bios)
                  107fc600    000000a0               : knl_star.o64P (.bios)
                  107fc6a0    000000a0               : msgq_close.o64P (.bios)
                  107fc740    000000a0               : msgq_get.o64P (.bios)
                  107fc7e0    000000a0               : msgq_put.o64P (.bios)
                  107fc880    000000a0               : sem_post.o64P (.bios)
                  107fc920    000000a0               : swi_seta.o64P (.bios)
                  107fc9c0    000000a0               : sys_exit.o64P (.bios)
                  107fca60    00000080               : atm.o64P (.bios)
                  107fcae0    00000080               : hwi_disp.o64P (.bios)
                  107fcb60    00000080               : hwi_eventmap64P.o64P (.bios)
                  107fcbe0    00000080               : knl_ipos.o64P (.bios)
                  107fcc60    00000080               : knl_post.o64P (.bios)
                  107fcce0    00000080               : lck.o64P (.bios)
                  107fcd60    00000080               : log.o64P (.bios)
                  107fcde0    00000080               : obj_crea.o64P (.bios)
                  107fce60    00000080               : swi_crea.o64P (.bios)
                  107fcee0    00000080     bios3430.a64P : bcache_all.o64P (.bios)
                  107fcf60    00000080                   : bcache_wait.o64P (.bios)
                  107fcfe0    00000060     bios.a64P : mem_vall.o64P (.bios:.near)
                  107fd040    00000060               : sys_erro.o64P (.bios:.near)
                  107fd0a0    00000060               : fxn.o64P (.bios)
                  107fd100    00000060               : hwi_c.o64P (.bios)
                  107fd160    00000060               : lck_crea.o64P (.bios)
                  107fd1c0    00000060               : msgq_release.o64P (.bios)
                  107fd220    00000060               : obj_dele.o64P (.bios)
                  107fd280    00000060               : sem_pend_binary.o64P (.bios)
                  107fd2e0    00000060               : sem_pend_counting.o64P (.bios)
                  107fd340    00000060               : sts.o64P (.bios)
                  107fd3a0    00000060               : sys_abor.o64P (.bios)
                  107fd400    00000060               : utl_putc.o64P (.bios)
                  107fd460    00000040               : c62_c.o64P (.bios)
                  107fd4a0    00000040               : msgq_free.o64P (.bios)
                  107fd4e0    00000040               : que_get.o64P (.bios)
                  107fd520    00000040               : utl_doab.o64P (.bios)
                  107fd560    00000020               : fxn_c.o64P (.bios)
                  107fd580    00000020               : gbl_vers.o64P (.bios)
                  107fd5a0    00000020               : hook_setenv.o64P (.bios)
                  107fd5c0    00000020               : idl.o64P (.bios)
                  107fd5e0    00000020               : log_printf.o64P (.bios)
                  107fd600    00000020               : msgq_seterrhandler.o64P (.bios)
                  107fd620    00000020               : sts_set.o64P (.bios)
                  107fd640    00000020               : sys_one.o64P (.bios)
                  107fd660    00000020               : utl_doer.o64P (.bios)
                  107fd680    00000020               : utl_halt.o64P (.bios)
                  107fd6a0    00000020     bios3430.a64P : clk2430_gethtime.o64P (.bios)
                  107fd6c0    00000020     rts64plus.lib : _lock.obj ($Tramp$S$$__register_unlock)
                  107fd6e0    00000020                   : _lock.obj ($Tramp$S$$__register_lock)
                  107fd700    00000020                   : fltuf.obj ($Tramp$S$$__fltuf)
                  107fd720    00000020                   : fixfu.obj ($Tramp$S$$__fixfu)
                  107fd740    00000020                   : divf.obj ($Tramp$S$$__divf)
                  107fd760    00000020                   : mpyf.obj ($Tramp$S$$__mpyf)
                  107fd780    00000020                   : memcpy64.obj ($Tramp$S$$_memcpy)
                  107fd7a0    00000020                   : memset.obj ($Tramp$S$$_memset)
                  107fd7c0    00000020                   : divu.obj ($Tramp$S$$__divu)
                  107fd7e0    00000020                   : remu.obj ($Tramp$S$$__remu)

.hwi_vec   0    107fd800    00000200     
                  107fd800    00000200     messagecfg.obj (.hwi_vec)

.bss       0    10f04000    0000033e     UNINITIALIZED
                  10f04000    00000100     bios.a64P : hwi_disp_asm.o64P (.bss)
                  10f04100    000000cc               : biosdata.o64P (.bss)
                  10f041cc    0000009c               : swi.o64P (.bss)
                  10f04268    00000048               : knl.o64P (.bss)
                  10f042b0    00000020               : exc_asm.o64P (.bss)
                  10f042d0    00000018               : hwi.o64P (.bss)
                  10f042e8    00000010               : exc.o64P (.bss)
                  10f042f8    00000010     messagecfg.obj (.bss)
                  10f04308    0000000c     bios.a64P : tsk.o64P (.bss)
                  10f04314    00000008               : clk_data.o64P (.bss)
                  10f0431c    00000008               : sys.o64P (.bss)
                  10f04324    00000004               : clk_data2.o64P (.bss)
                  10f04328    00000004               : knl_star.o64P (.bss)
                  10f0432c    00000004               : mem_asm.o64P (.bss)
                  10f04330    00000004               : msgq.o64P (.bss)
                  10f04334    00000004               : pool.o64P (.bss)
                  10f04338    00000002               : msgq_init.o64P (.bss)
                  10f0433a    00000002               : msgq_stup.o64P (.bss)
                  10f0433c    00000002               : pool_init.o64P (.bss)

.sys       0    10f04340    00000010     UNINITIALIZED
                  10f04340    00000010     messagecfg.obj (.sys)

.mem       0    10f04350    00000004     UNINITIALIZED
                  10f04350    00000004     messagecfg.obj (.mem)

.prd       0    87e00080    00000000     UNINITIALIZED

.data      0    87e00080    00000000     UNINITIALIZED

.hst       0    87e00080    00000000     UNINITIALIZED

.pip       0    87e00080    00000000     UNINITIALIZED

.DDR2$heap 
*          0    87e00080    00010000     UNINITIALIZED
                  87e00080    00010000     --HOLE--

.text      0    87e10080    0000dec0     
                  87e10080    00004b60     dsplinkringio.lib : _ringio.obj (.text)
                  87e14be0    000019c0     dsplink.lib : ips.obj (.text)
                  87e165a0    000015c0     dsplinkmpcs.lib : mpcs.obj (.text)
                  87e17b60    00000ac0     dsplinkmsg.lib : zcpy_mqt.obj (.text)
                  87e18620    000009a0     dsplinkpool.lib : sma_pool.obj (.text)
                  87e18fc0    00000940     dsplinkmpcs.lib : _mpcs.obj (.text)
                  87e19900    00000900     dsplink.lib : dsplink.obj (.text)
                  87e1a200    000008e0     tskMessage.obj (.text)
                  87e1aae0    00000680     dsplinkmsg.lib : zcpy_mqt.obj (.text:ZCPYMQT_locate)
                  87e1b160    000005a0                    : zcpy_mqt.obj (.text:ZCPYMQT_open)
                  87e1b700    00000520     dsplinknotify.lib : notify.obj (.text)
                  87e1bc20    00000340     rts64plus.lib : divf.obj (.text:__divf)
                  87e1bf60    00000300     dsplinkmplist.lib : _mplist.obj (.text)
                  87e1c260    00000260     dsplinkmsg.lib : zcpy_mqt.obj (.text:ZCPYMQT_close)
                  87e1c4c0    00000200     rts64plus.lib : mpyf.obj (.text:__mpyf)
                  87e1c6c0    000001e0     main.obj (.text)
                  87e1c8a0    000001c0     dsplink.lib : hal_interrupt.obj (.text:DSPLINK_init)
                  87e1ca60    00000180                 : hal_interrupt.obj (.text)
                  87e1cbe0    00000160     dsplinkmsg.lib : zcpy_mqt.obj (.text:ZCPYMQT_msgXfer)
                  87e1cd40    00000140     dsplink.lib : dsplinkips.obj (.text:DSPLINK_init)
                  87e1ce80    00000140                 : shm_drv.obj (.text:DSPLINK_init)
                  87e1cfc0    00000140     dsplinknotify.lib : _notify.obj (.text)
                  87e1d100    00000100     dsplink.lib : dsplink.obj (.text:DSPLINK_init)
                  87e1d200    000000e0     rts64plus.lib : atoi.obj (.text:_atoi)
                  87e1d2e0    000000e0                   : memset.obj (.text:_memset)
                  87e1d3c0    000000c0     dsplinkpool.lib : dsplinkpool.obj (.text:DSPLINK_init)
                  87e1d480    000000c0     rts64plus.lib : divu.obj (.text:__divu)
                  87e1d540    000000c0     bios.a64P : tsk_stup.o64P (.text)
                  87e1d600    000000c0     dsplink.lib : failure.obj (.text)
                  87e1d6c0    000000a0     dsplinkdata.lib : dsplinkdata.obj (.text:DSPLINK_init)
                  87e1d760    000000a0     dsplinkmsg.lib : dsplinkmqt.obj (.text:DSPLINK_init)
                  87e1d800    000000a0                    : zcpy_mqt.obj (.text:ZCPYMQT_release)
                  87e1d8a0    000000a0     rts64plus.lib : remu.obj (.text:__remu)
                  87e1d940    000000a0                   : memcpy64.obj (.text:_memcpy)
                  87e1d9e0    00000080                   : fixfu.obj (.text:__fixfu)
                  87e1da60    00000080                   : strncpy.obj (.text:_strncpy)
                  87e1dae0    00000060                   : frcmpyf.obj (.text:__frcmpyf)
                  87e1db40    00000060                   : strcpy.obj (.text:_strcpy)
                  87e1dba0    00000060                   : strncmp.obj (.text:_strncmp)
                  87e1dc00    00000060     dsplink.lib : shm_drv.obj (.text)
                  87e1dc60    00000040     rts64plus.lib : fltuf.obj (.text:__fltuf)
                  87e1dca0    00000040                   : frcmpyf_div.obj (.text:__frcmpyf_div)
                  87e1dce0    00000040                   : strlen.obj (.text:_strlen)
                  87e1dd20    00000040     dsplink.lib : dsplinkips.obj (.text)
                  87e1dd60    00000040                 : hal.obj (.text)
                  87e1dda0    00000040     dsplinkdata.lib : dsplinkdata.obj (.text)
                  87e1dde0    00000040     dsplinkmsg.lib : dsplinkmqt.obj (.text)
                  87e1de20    00000040     dsplinkpool.lib : dsplinkpool.obj (.text)
                  87e1de60    00000020     dsplinkmsg.lib : zcpy_mqt.obj (.text:DSPLINK_init)
                  87e1de80    00000020     rts64plus.lib : _lock.obj (.text:__nop)
                  87e1dea0    00000020                   : _lock.obj (.text:__register_lock)
                  87e1dec0    00000020                   : _lock.obj (.text:__register_unlock)
                  87e1dee0    00000020     bios.a64P : sys_abor.o64P ($Tramp$S$$_SYS_abort)
                  87e1df00    00000020               : lck.o64P ($Tramp$S$$_LCK_pend)
                  87e1df20    00000020               : lck.o64P ($Tramp$S$$_LCK_post)

.stack     0    87e1df40    00001000     UNINITIALIZED
                  87e1df40    00001000     --HOLE--

.cinit     0    87e1ef40    00000cb4     
                  87e1ef40    0000030c     messagecfg.obj (.cinit)
                  87e1f24c    00000004     --HOLE-- [fill = 0]
                  87e1f250    0000026c     bios.a64P : biosdata.o64P (.cinit)
                  87e1f4bc    00000004     --HOLE-- [fill = 0]
                  87e1f4c0    000001a4               : knl.o64P (.cinit)
                  87e1f664    00000004     --HOLE-- [fill = 0]
                  87e1f668    000000b0               : swi.o64P (.cinit)
                  87e1f718    00000098     message_config.obj (.cinit)
                  87e1f7b0    00000080     bios.a64P : tsk.o64P (.cinit)
                  87e1f830    00000060               : tsk_stup.o64P (.cinit)
                  87e1f890    0000003c               : exc.o64P (.cinit)
                  87e1f8cc    00000004     --HOLE-- [fill = 0]
                  87e1f8d0    00000034               : hwi.o64P (.cinit)
                  87e1f904    00000004     --HOLE-- [fill = 0]
                  87e1f908    0000002c               : utl_putc.o64P (.cinit)
                  87e1f934    00000004     --HOLE-- [fill = 0]
                  87e1f938    0000002a     dsplinkmsg.lib : zcpy_mqt.obj (.cinit)
                  87e1f962    00000006     --HOLE-- [fill = 0]
                  87e1f968    00000028     dsplink.lib : ips.obj (.cinit)
                  87e1f990    00000024     bios.a64P : obj_init.o64P (.cinit)
                  87e1f9b4    00000004     --HOLE-- [fill = 0]
                  87e1f9b8    0000001c               : exc_asm.o64P (.cinit)
                  87e1f9d4    00000004     --HOLE-- [fill = 0]
                  87e1f9d8    0000001c               : swi_seta.o64P (.cinit)
                  87e1f9f4    00000004     --HOLE-- [fill = 0]
                  87e1f9f8    0000001c               : sys.o64P (.cinit)
                  87e1fa14    00000004     --HOLE-- [fill = 0]
                  87e1fa18    0000001c     dsplink.lib : dsplink.obj (.cinit)
                  87e1fa34    00000004     --HOLE-- [fill = 0]
                  87e1fa38    0000001c     dsplinkmpcs.lib : _mpcs.obj (.cinit)
                  87e1fa54    00000004     --HOLE-- [fill = 0]
                  87e1fa58    0000001c     dsplinkmplist.lib : _mplist.obj (.cinit)
                  87e1fa74    00000004     --HOLE-- [fill = 0]
                  87e1fa78    0000001c     dsplinknotify.lib : _notify.obj (.cinit)
                  87e1fa94    00000004     --HOLE-- [fill = 0]
                  87e1fa98    0000001c     dsplinkringio.lib : ringio.obj (.cinit)
                  87e1fab4    00000004     --HOLE-- [fill = 0]
                  87e1fab8    0000001c     rts64plus.lib : _lock.obj (.cinit)
                  87e1fad4    00000004     --HOLE-- [fill = 0]
                  87e1fad8    00000018     bios.a64P : knl_tick.o64P (.cinit)
                  87e1faf0    00000014               : hwi_disp.o64P (.cinit)
                  87e1fb04    00000004     --HOLE-- [fill = 0]
                  87e1fb08    00000014     bios3430.a64P : bcache_table.o64P (.cinit)
                  87e1fb1c    00000004     --HOLE-- [fill = 0]
                  87e1fb20    0000000c     bios.a64P : knl_star.o64P (.cinit)
                  87e1fb2c    00000004     --HOLE-- [fill = 0]
                  87e1fb30    0000000c               : knl_swit.o64P (.cinit)
                  87e1fb3c    00000004     --HOLE-- [fill = 0]
                  87e1fb40    0000000c               : msgq.o64P (.cinit)
                  87e1fb4c    00000004     --HOLE-- [fill = 0]
                  87e1fb50    0000000c               : pool.o64P (.cinit)
                  87e1fb5c    00000004     --HOLE-- [fill = 0]
                  87e1fb60    0000000c     bios3430.a64P : bcache_wait.o64P (.cinit)
                  87e1fb6c    00000004     --HOLE-- [fill = 0]
                  87e1fb70    0000000c     dsplink.lib : failure.obj (.cinit)
                  87e1fb7c    00000004     --HOLE-- [fill = 0]
                  87e1fb80    0000000c                 : shm_drv.obj (.cinit)
                  87e1fb8c    00000004     --HOLE-- [fill = 0]
                  87e1fb90    0000000c     dsplinkmpcs.lib : mpcs.obj (.cinit)
                  87e1fb9c    00000004     --HOLE-- [fill = 0]
                  87e1fba0    0000000c     dsplinkmsg.lib : dsplinkmqt.obj (.cinit)
                  87e1fbac    00000004     --HOLE-- [fill = 0]
                  87e1fbb0    0000000a     bios.a64P : msgq_init.o64P (.cinit)
                  87e1fbba    00000006     --HOLE-- [fill = 0]
                  87e1fbc0    0000000a               : msgq_stup.o64P (.cinit)
                  87e1fbca    00000006     --HOLE-- [fill = 0]
                  87e1fbd0    0000000a               : pool_init.o64P (.cinit)
                  87e1fbda    00000006     --HOLE-- [fill = 0]
                  87e1fbe0    0000000a     swiMessage.obj (.cinit)
                  87e1fbea    00000006     --HOLE-- [fill = 0]
                  87e1fbf0    00000004     (.pad.cinit) [fill = 0]

.idl       0    87e1fbf4    00000004     UNINITIALIZED
                  87e1fbf4    00000004     messagecfg.obj (.idl)

.TSK_idle$stk 
*          0    87e1fbf8    00000400     UNINITIALIZED
                  87e1fbf8    00000400     messagecfg.obj (.TSK_idle$stk)

.clk       0    87e1fff8    00000008     UNINITIALIZED
                  87e1fff8    00000008     messagecfg.obj (.clk)

.trace$buf 
*          0    87e20000    00004000     UNINITIALIZED
                  87e20000    00004000     messagecfg.obj (.trace$buf)

.const     0    87e24000    0000090f     
                  87e24000    00000193     bios.a64P : exc.o64P (.const)
                  87e24193    00000004               : mem_allo.o64P (.const)
                  87e24197    00000001     --HOLE-- [fill = 0]
                  87e24198    00000101     rts64plus.lib : ctype.obj (.const:.string:__ctypes_)
                  87e24299    00000003     --HOLE-- [fill = 0]
                  87e2429c    00000084     tskMessage.obj (.const:.string)
                  87e24320    00000060     dsplinkmsg.lib : zcpy_mqt.obj (.const:.string)
                  87e24380    0000005c     main.obj (.const:.string)
                  87e243dc    00000054     swiMessage.obj (.const:.string)
                  87e24430    00000050     dsplinkpool.lib : sma_pool.obj (.const:.string)
                  87e24480    0000004e     bios.a64P : pool_init.o64P (.const)
                  87e244ce    0000004e               : tsk_stup.o64P (.const)
                  87e2451c    0000004c     dsplinkringio.lib : _ringio.obj (.const:.string)
                  87e24568    00000044     dsplinkmpcs.lib : _mpcs.obj (.const:.string)
                  87e245ac    00000040                     : mpcs.obj (.const:.string)
                  87e245ec    0000003c     dsplink.lib : dsplink.obj (.const:.string)
                  87e24628    0000003c                 : shm_drv.obj (.const:.string)
                  87e24664    00000038                 : dsplinkips.obj (.const:.string)
                  87e2469c    00000038                 : ips.obj (.const:.string)
                  87e246d4    00000038     dsplinkdata.lib : dsplinkdata.obj (.const:.string)
                  87e2470c    00000038     dsplinkmsg.lib : dsplinkmqt.obj (.const:.string)
                  87e24744    00000034     dsplinknotify.lib : _notify.obj (.const:.string)
                  87e24778    00000034                       : notify.obj (.const:.string)
                  87e247ac    00000034     dsplinkringio.lib : ringio.obj (.const:.string)
                  87e247e0    0000002c     bios.a64P : msgq_init.o64P (.const)
                  87e2480c    00000028     dsplink.lib : failure.obj (.const:.string)
                  87e24834    00000024     bios.a64P : msgq_stup.o64P (.const)
                  87e24858    00000023               : utl_doab.o64P (.const)
                  87e2487b    00000022               : utl_doer.o64P (.const)
                  87e2489d    00000003     --HOLE-- [fill = 0]
                  87e248a0    0000001c     dsplinkmplist.lib : _mplist.obj (.const:.string)
                  87e248bc    00000018     bios.a64P : msgq.o64P (.const)
                  87e248d4    00000004               : mem_free.o64P (.const)
                  87e248d8    00000011               : sys_prin.o64P (.const:_digtohex)
                  87e248e9    00000003     --HOLE-- [fill = 0]
                  87e248ec    00000010     dsplinkpool.lib : sma_pool.obj (.const)
                  87e248fc    00000001     bios.a64P : tsk.o64P (.const)
                  87e248fd    00000003     --HOLE-- [fill = 0]
                  87e24900    00000008     rts64plus.lib : divf.obj (.const:.string:_initial_approx$1)
                  87e24908    00000007     bios.a64P : sys_prin.o64P (.const)

.printf    0    87e2490f    0000001a     COPY SECTION
                  87e2490f    0000001a     messagecfg.obj (.printf)

.sts       0    87e24910    00000010     
                  87e24910    00000010     messagecfg.obj (.sts)

.sysinit   0    87e24920    000007c0     
                  87e24920    00000340     messagecfg.obj (.sysinit)
                  87e24c60    00000140     bios.a64P : msgq_init.o64P (.sysinit)
                  87e24da0    00000120               : pool_init.o64P (.sysinit)
                  87e24ec0    000000c0               : boot.o64P (.sysinit)
                  87e24f80    000000a0               : mem_init.o64P (.sysinit)
                  87e25020    00000060               : tsk_init.o64P (.sysinit)
                  87e25080    00000020               : obj_init.o64P (.sysinit)
                  87e250a0    00000020               : idl.o64P ($Tramp$S$$_IDL_loop)
                  87e250c0    00000020               : sys_abor.o64P ($Tramp$S$$_SYS_abort)

.far       0    87e250e0    0000051e     UNINITIALIZED
                  87e250e0    00000120     dsplink.lib : ips.obj (.far)
                  87e25200    000000d8     bios.a64P : knl.o64P (.far)
                  87e252d8    00000080     dsplinkpool.lib : dsplinkpool.obj (.far)
                  87e25358    00000080     message_config.obj (.far)
                  87e253d8    0000005c     bios.a64P : tsk.o64P (.far)
                  87e25434    00000004     bios3430.a64P : bcache_wait.o64P (.far)
                  87e25438    00000054     bios.a64P : obj_init.o64P (.far)
                  87e2548c    00000050               : tsk_stup.o64P (.far)
                  87e254dc    00000004     bios3430.a64P : clk2430_data.o64P (.far)
                  87e254e0    00000020     bios.a64P : sys.o64P (.far)
                  87e25500    00000020     tskMessage.obj (.far)
                  87e25520    00000016     dsplinkmsg.lib : zcpy_mqt.obj (.far)
                  87e25536    00000002     main.obj (.far)
                  87e25538    00000014     bios.a64P : swi_seta.o64P (.far)
                  87e2554c    00000004     dsplink.lib : shm_drv.obj (.far)
                  87e25550    00000014                 : hal_interrupt.obj (.far)
                  87e25564    00000010     bios.a64P : exc.o64P (.far)
                  87e25574    00000010               : knl_tick.o64P (.far)
                  87e25584    00000010     dsplink.lib : failure.obj (.far)
                  87e25594    0000000c     bios.a64P : hwi_disp.o64P (.far)
                  87e255a0    0000000c               : utl_putc.o64P (.far)
                  87e255ac    0000000c     bios3430.a64P : bcache_table.o64P (.far)
                  87e255b8    00000008     dsplink.lib : dsplink.obj (.far)
                  87e255c0    00000008     dsplinkmpcs.lib : _mpcs.obj (.far)
                  87e255c8    00000008                     : mpcs.obj (.far)
                  87e255d0    00000008     dsplinkmplist.lib : _mplist.obj (.far)
                  87e255d8    00000008     dsplinknotify.lib : _notify.obj (.far)
                  87e255e0    00000008     dsplinkringio.lib : ringio.obj (.far)
                  87e255e8    00000008     rts64plus.lib : _lock.obj (.far)
                  87e255f0    00000004     dsplinkdata.lib : dsplinkdata.obj (.far)
                  87e255f4    00000004     dsplinkmsg.lib : dsplinkmqt.obj (.far)
                  87e255f8    00000004     messagecfg.obj (.far)
                  87e255fc    00000002     swiMessage.obj (.far)

.trace     0    87e25600    00000200     
                  87e25600    00000200     --HOLE-- [fill = 00000000]

.LOG_system$buf 
*          0    87e25800    00000100     UNINITIALIZED
                  87e25800    00000100     messagecfg.obj (.LOG_system$buf)

.data:DSPLINK_shmBaseAddress 
*          0    87e25900    00000084     
                  87e25900    00000084     dsplink.lib : dsplink.obj (.data:DSPLINK_shmBaseAddress) [fill = 87f05000]

.tsk       0    87e25984    00000060     UNINITIALIZED
                  87e25984    00000060     messagecfg.obj (.tsk)

.gblinit   0    87e259e4    00000034     
                  87e259e4    00000034     messagecfg.obj (.gblinit)

.args      0    87e25a18    00000032     
                  87e25a18    00000032     --HOLE-- [fill = 0]

.log       0    87e25a4c    00000030     
                  87e25a4c    00000030     messagecfg.obj (.log)

.swi       0    87e25a7c    0000002c     UNINITIALIZED
                  87e25a7c    0000002c     messagecfg.obj (.swi)

.switch    0    87e25aa8    00000014     
                  87e25aa8    00000014     dsplinkringio.lib : _ringio.obj (.switch:__RingIO_checkNotifier)

.trcdata   0    87e25abc    0000000c     
                  87e25abc    0000000c     bios.a64P : trc.o64P (.trcdata)

.idlcal    0    87e25ac8    00000004     UNINITIALIZED
                  87e25ac8    00000004     messagecfg.obj (.idlcal)


FAR CALL TRAMPOLINES

callee name               trampoline name
   callee addr  tramp addr   call addr  call info
--------------  -----------  ---------  ----------------
$.bios:bios.a64P<sys_abor.o64P>$0x0  $Tramp$S$$_SYS_abort
   107fd3a0     87e1dee0     87e1d5a8   bios.a64P : tsk_stup.o64P (.text)
                             87e1d5c4             : tsk_stup.o64P (.text)
$.bios:bios.a64P<lck.o64P>$0x20  $Tramp$S$$_LCK_pend
   107fcd00     87e1df00     87e1d5a4   bios.a64P : tsk_stup.o64P (.text)
$.bios:bios.a64P<lck.o64P>$0x0  $Tramp$S$$_LCK_post
   107fcce0     87e1df20     87e1d540   bios.a64P : tsk_stup.o64P (.text)
$.bios:bios.a64P<idl.o64P>$0x0  $Tramp$S$$_IDL_loop
   107fd5c0     87e250a0     87e24f58   bios.a64P : boot.o64P (.sysinit)
$.bios:bios.a64P<sys_abor.o64P>$0x0  $Tramp$S$$_SYS_abort
   107fd3a0     87e250c0     87e24c90   bios.a64P : msgq_init.o64P (.sysinit)
                             87e24dd4             : pool_init.o64P (.sysinit)
                             87e24e48             : pool_init.o64P (.sysinit)
$.text:__register_unlock:rts64plus.lib<_lock.obj>$0x0  $Tramp$S$$__register_unlock
   87e1dec0     107fd6c0     107fbf60   bios.a64P : tsk_stup.o64P (.bios)
$.text:__register_lock:rts64plus.lib<_lock.obj>$0x0  $Tramp$S$$__register_lock
   87e1dea0     107fd6e0     107fbf50   bios.a64P : tsk_stup.o64P (.bios)
$.text:__fltuf:rts64plus.lib<fltuf.obj>$0x0  $Tramp$S$$__fltuf
   87e1dc60     107fd700     107fbb9c   bios3430.a64P : clk2430_reconfig.o64P (.bios)
                             107fbbb4                 : clk2430_reconfig.o64P (.bios)
$.text:__fixfu:rts64plus.lib<fixfu.obj>$0x0  $Tramp$S$$__fixfu
   87e1d9e0     107fd720     107fbb90   bios3430.a64P : clk2430_reconfig.o64P (.bios)
                             107fbbd0                 : clk2430_reconfig.o64P (.bios)
                             107fbbf4                 : clk2430_reconfig.o64P (.bios)
$.text:__divf:rts64plus.lib<divf.obj>$0x0  $Tramp$S$$__divf
   87e1bc20     107fd740     107fbb88   bios3430.a64P : clk2430_reconfig.o64P (.bios)
                             107fbba8                 : clk2430_reconfig.o64P (.bios)
                             107fbbc8                 : clk2430_reconfig.o64P (.bios)
$.text:__mpyf:rts64plus.lib<mpyf.obj>$0x0  $Tramp$S$$__mpyf
   87e1c4c0     107fd760     107fbb74   bios3430.a64P : clk2430_reconfig.o64P (.bios)
                             107fbbc4                 : clk2430_reconfig.o64P (.bios)
                             107fbbe8                 : clk2430_reconfig.o64P (.bios)
$.text:_memcpy:rts64plus.lib<memcpy64.obj>$0x0  $Tramp$S$$_memcpy
   87e1d940     107fd780     107fb530   bios.a64P : autoinit.o64P (.bios)
$.text:_memset:rts64plus.lib<memset.obj>$0x0  $Tramp$S$$_memset
   87e1d2e0     107fd7a0     107f9958   bios.a64P : tsk_crea.o64P (.bios)
                             107fcff8             : mem_vall.o64P (.bios:.near)
$.text:__divu:rts64plus.lib<divu.obj>$0x0  $Tramp$S$$__divu
   87e1d480     107fd7c0     107f804c   bios.a64P : sys_prin.o64P (.bios)
                             107fbc10   bios3430.a64P : clk2430_reconfig.o64P (.bios)
                             107fbc28                 : clk2430_reconfig.o64P (.bios)
$.text:__remu:rts64plus.lib<remu.obj>$0x0  $Tramp$S$$__remu
   87e1d8a0     107fd7e0     107f8038   bios.a64P : sys_prin.o64P (.bios)
                             107fbb24   bios3430.a64P : clk2430_reconfig.o64P (.bios)
                             107fbb2c                 : clk2430_reconfig.o64P (.bios)

[15 trampolines]
[30 trampoline calls]


GLOBAL SYMBOLS: SORTED ALPHABETICALLY BY Name 

address    name
--------   ----
10f04000   $bss
10f04000   .bss
87e00080   .data
87e10080   .text
87e24920   BIOS_init
87e24ba0   BIOS_start
00000000   BUF$
00000001   BUF_ENABLED
ffffffff   CACHE_L1D
ffffffff   CACHE_L1P
ffffffff   CACHE_L2
00000001   CLK$
87e1fff8   CLK_A_TABBEG
00000001   CLK_CALDIV
00000001   CLK_CALMULT
00050910   CLK_COUNTSPMS
00000005   CLK_COUNTSPMSHIGH
10f04128   CLK_D_idletime
10f04124   CLK_D_isrhook
10f04120   CLK_D_tabbeg
10f0411c   CLK_D_timefxn
00000001   CLK_ENABLEHTIME
107fae80   CLK_F_getltime
107fae90   CLK_F_isr
107fafe0   CLK_F_itime
107f8ae0   CLK_HOOKFXN
00000001   CLK_HTIMEDIV
00000001   CLK_HTIMEMULT
00050910   CLK_HTIMEPERLTIME
00004b00   CLK_INPUTCLK
00004000   CLK_INTBIT
00000001   CLK_LTIMEDIV
00050910   CLK_LTIMEMULT
000003e8   CLK_MICROSECS
00000001   CLK_POWERENABLE
00004b00   CLK_PRD
00000000   CLK_PRDHIGH
49038000   CLK_REGS
00000000   CLK_RESETTIMER
10f04118   CLK_R_time
00000020   CLK_TCR
00000000   CLK_TDDR
00000000   CLK_TDDRHIGH
107fd6a0   CLK_TIMEFXN
00000000   CLK_TIMERNUM
00000005   CLK_TIMMODE
00000001   CLK_USETIMER
87e1fffc   CLK_null
10f04304   DDR2
87e00080   DDR2$B
00010000   DDR2$L
00000000   DEV$
00000000   DGN$
00000000   DHL$
00000000   DHL_gChannelsAvailable
00000000   DIO$
00000000   DIO_NUMSWIBASE
00000000   DIO_NUMTSKBASE
00000000   DIO_STATIC
00000000   DPI$
ffffffff   DSPLINKMEM
00000000   ECM$
00000000   ECM_ENABLE
ffffffff   ECM_EVTMASK0
ffffffff   ECM_EVTMASK1
ffffffff   ECM_EVTMASK2
ffffffff   ECM_EVTMASK3
0000000a   EVENT10
00000064   EVENT100
00000065   EVENT101
00000066   EVENT102
00000067   EVENT103
00000068   EVENT104
00000069   EVENT105
0000006a   EVENT106
0000006b   EVENT107
0000006c   EVENT108
0000006d   EVENT109
0000000b   EVENT11
0000006e   EVENT110
0000006f   EVENT111
00000070   EVENT112
00000071   EVENT113
00000072   EVENT114
00000073   EVENT115
00000074   EVENT116
00000075   EVENT117
00000076   EVENT118
00000077   EVENT119
0000000c   EVENT12
00000078   EVENT120
00000079   EVENT121
0000007a   EVENT122
0000007b   EVENT123
0000007c   EVENT124
0000007d   EVENT125
0000007e   EVENT126
0000007f   EVENT127
0000000d   EVENT13
0000000e   EVENT14
0000000f   EVENT15
00000010   EVENT16
00000011   EVENT17
00000012   EVENT18
00000013   EVENT19
00000014   EVENT20
00000015   EVENT21
00000016   EVENT22
00000017   EVENT23
00000018   EVENT24
00000019   EVENT25
0000001a   EVENT26
0000001b   EVENT27
0000001c   EVENT28
0000001d   EVENT29
0000001e   EVENT30
0000001f   EVENT31
00000020   EVENT32
00000021   EVENT33
00000022   EVENT34
00000023   EVENT35
00000024   EVENT36
00000025   EVENT37
00000026   EVENT38
00000027   EVENT39
00000004   EVENT4
00000028   EVENT40
00000029   EVENT41
0000002a   EVENT42
0000002b   EVENT43
0000002c   EVENT44
0000002d   EVENT45
0000002e   EVENT46
0000002f   EVENT47
00000030   EVENT48
00000031   EVENT49
00000005   EVENT5
00000032   EVENT50
00000033   EVENT51
00000034   EVENT52
00000035   EVENT53
00000036   EVENT54
00000037   EVENT55
00000038   EVENT56
00000039   EVENT57
0000003a   EVENT58
0000003b   EVENT59
00000006   EVENT6
0000003c   EVENT60
0000003d   EVENT61
0000003e   EVENT62
0000003f   EVENT63
00000040   EVENT64
00000041   EVENT65
00000042   EVENT66
00000043   EVENT67
00000044   EVENT68
00000045   EVENT69
00000007   EVENT7
00000046   EVENT70
00000047   EVENT71
00000048   EVENT72
00000049   EVENT73
0000004a   EVENT74
0000004b   EVENT75
0000004c   EVENT76
0000004d   EVENT77
0000004e   EVENT78
0000004f   EVENT79
00000008   EVENT8
00000050   EVENT80
00000051   EVENT81
00000052   EVENT82
00000053   EVENT83
00000054   EVENT84
00000055   EVENT85
00000056   EVENT86
00000057   EVENT87
00000058   EVENT88
00000059   EVENT89
00000009   EVENT9
0000005a   EVENT90
0000005b   EVENT91
0000005c   EVENT92
0000005d   EVENT93
0000005e   EVENT94
0000005f   EVENT95
00000060   EVENT96
00000061   EVENT97
00000062   EVENT98
00000063   EVENT99
107fd0a0   FXN_F_nop
107fd0a4   FXN_F_run
107fd0e0   FXN_F_zero
00000001   GBL$
00005205   GBL_A_VERSION
00000000   GBL_BCACHEREADADDR0
00000000   GBL_BCACHEREADADDR1
00000000   GBL_BCACHEREADADDR2
00000000   GBL_BIGENDIAN
00000000   GBL_CACHE
00000000   GBL_CALLCSLCFGINIT
00004e20   GBL_CLKIN
00000d66   GBL_CLKTYPE
00001963   GBL_DSPSUBTYPE
0000003e   GBL_DSPTYPE
00000000   GBL_ENABLEINST
00000000   GBL_ENABLE_SK
00000042   GBL_FOOTPRINT
00050910   GBL_FREQ
00000000   GBL_GEMTRUECOMPEN
00000007   GBL_L1DMODE
00000003   GBL_L1PMODE
00000001   GBL_L2CONFIGURE
00000000   GBL_L2MAR0_31
00000080   GBL_L2MAR128_159
00000000   GBL_L2MAR160_191
00000000   GBL_L2MAR192_223
00000000   GBL_L2MAR224_255
00000000   GBL_L2MAR32_63
00000000   GBL_L2MAR64_95
00000000   GBL_L2MAR96_127
00000001   GBL_L2MODE
00000000   GBL_NULL
00000000   GBL_PROCID
00000000   GBL_ROM
00000000   GBL_SUPPORTCSL
00004000   GBL_TRCMASKVALUE
00000000   GBL_USERINIT
107fd560   GBL_USERINITFXN
00000001   GBL_boot
87e25ac4   GBL_initdone
87e1df40   GBL_stackbeg
87e1ef3f   GBL_stackend
00000000   GIO$
107fd560   GIO_CREATEFXN
107fd560   GIO_DELETEFXN
107fd560   GIO_PENDFXN
107fd560   GIO_POSTFXN
00000000   HOOK$
00000000   HOOK_KNLID
00000000   HST$
87e00080   HST_A_TABBEG
87e00080   HST_A_TABEND
00000000   HST_DSM
10f04304   HST_DSMBUFSEG
00000400   HST_DSMMEMSIZE
10f04194   HST_D_chanmask
10f04198   HST_D_tabbeg
10f0419c   HST_D_tabend
00000100   HST_MAXFRAMEALLOWED
00000000   HST_MAXFRAMESET
00000001   HST_NONE
00000000   HST_RTDX
00000001   HWI$
107fd800   HWI_A_VECS
00004000   HWI_CFGDISPATCHED
10f042e0   HWI_D_bss
10f042e4   HWI_D_ccmask
10f042d0   HWI_D_spsave
00000001   HWI_ENABLE_EXC
107f8ae0   HWI_F_dispatch
00000000   HWI_GENERATE_RESET_VEC
0000000a   HWI_INT10
00000000   HWI_INT10$hwi
0000000b   HWI_INT11
00000000   HWI_INT11$hwi
0000000c   HWI_INT12
00000000   HWI_INT12$hwi
0000000d   HWI_INT13
00000000   HWI_INT13$hwi
0000000e   HWI_INT14
00000000   HWI_INT14$hwi
0000000f   HWI_INT15
00000000   HWI_INT15$hwi
00000004   HWI_INT4
00000000   HWI_INT4$hwi
00000005   HWI_INT5
00000000   HWI_INT5$hwi
00000006   HWI_INT6
00000000   HWI_INT6$hwi
00000007   HWI_INT7
00000000   HWI_INT7$hwi
00000008   HWI_INT8
00000000   HWI_INT8$hwi
00000009   HWI_INT9
00000000   HWI_INT9$hwi
07060504   HWI_INTRMUX1
0a0a0908   HWI_INTRMUX2
34330d0b   HWI_INTRMUX3
00000001   HWI_NMI
00000000   HWI_NMI$hwi
00000000   HWI_POLARITYMASK
00000002   HWI_RESERVED0
00000000   HWI_RESERVED0$hwi
00000003   HWI_RESERVED1
00000000   HWI_RESERVED1$hwi
00000000   HWI_RESET
00000000   HWI_RESET$hwi
00000000   HWI_ZEROTAB
00000000   IDL$
87e25ac8   IDL_A_CALBEG
87e1fbf4   IDL_A_TABBEG
00000000   IDL_CALIBRERROR
00000000   IDL_CALIBRFXN
10f04108   IDL_D_calbeg
10f04104   IDL_D_calibrate
10f04100   IDL_D_tabbeg
87e1fbf4   IDL_END
87e25ac8   IDL_END$
107fd5c0   IDL_F_loop
00000000   IDL_USECLKIDLTIME
ffffffff   IRAM
00000001   ISRC$
107fb338   KNL_glue
87e25a7c   KNL_swi
00000001   KNL_swi$dorta
00000000   KNL_swi$ord
00000000   KNL_swi$pri
87e24914   KNL_swi$sts
87e2491f   KNL_swi$sts$avgfmt
00000002   KNL_swi$sts$filter
00000001   KNL_swi$sts$filtmaxmult
00000001   KNL_swi$sts$filtsummult
87e2490f   KNL_swi$sts$maxfmt
87e24910   KNL_swi$sts$stsobj
87e24917   KNL_swi$sts$sumfmt
00000000   KNL_swi$sts$unittype
00000000   KNL_swi$swi
ffffffff   L1DSRAM
00000001   LCK$
00000001   LOG$
87e25a4c   LOG_A_TABBEG
87e25a7c   LOG_A_TABEND
00000002   LOG_A_TABLEN
10f0410c   LOG_D_system
00000001   LOG_ENABLED
107fcd60   LOG_F_event
87e25a4c   LOG_system
87e25800   LOG_system$buf
00000000   LOG_system$datatype
00000000   LOG_system$log
00000040   LOG_system$size
00000000   MBX$
00000001   MEM$
10f04304   MEM_MALLOCSEG
00000000   MEM_NULL
10f04304   MEM_SEGZERO
00000000   MEM_USEMPC
00000001   MEM_gNumHeap
00000001   MSGQ$
00000001   MSGQ_USEMSGQ
00000000   OBJ$
00000000   PIP$
87e00080   PIP_A_TABBEG
87e00080   PIP_A_TABEND
00000000   PIP_A_TABLEN
10f04110   PIP_D_tabbeg
10f04114   PIP_D_tablen
00000064   PIP_OBJSIZE
00000000   PIP_gNextId
00000000   PIP_gNumEmbed
00000001   POOL$
ffffffff   POOLMEM
00000001   POOL_USEPOOL
00000001   PRD$
87e00080   PRD_A_TABBEG
87e00080   PRD_A_TABEND
00000000   PRD_A_TABLEN
10f04150   PRD_D_cur
10f04154   PRD_D_elapsed
10f04158   PRD_D_prevtim
10f0415c   PRD_D_scalar
10f04160   PRD_D_swihandle
10f04164   PRD_D_tabbeg
10f04168   PRD_D_tablen
10f0416c   PRD_D_thook
10f0414c   PRD_D_tick
107f9480   PRD_F_swi
107f9704   PRD_F_tick
00000001   PRD_SCALAR
00000000   PRD_SWIHANDLE
107faaec   PRD_THOOKFXN
87e1fff8   PRD_clock
00000001   PWRM$
00000000   PWRM_PWRM_CAPSMASK
0000000a   PWRM_PWRM_CLKTICKSPERSLOT
00000000   PWRM_PWRM_ENABLE
00000000   PWRM_PWRM_LOADENABLE
00000001   PWRM_PWRM_NUMSLOTS
00000000   PWRM_PWRM_RESOURCETRACKING
00000000   PWRM_PWRM_SCALING
107fd560   PWRM_PWRM_SHAREDRESOURCEFXN
107fd560   PWRM_PWRM_SLOTHOOKFXN
00000000   PWRM_PWRM_TIMERIDNUM
00000000   PWRM_PWRM_TIMERINTRMASK
00000000   PWRM_PWRM_TIMERWUGENMASK
00000000   PWRM_PWRM_USERRESOURCES
00000000   PWRM_PWRM_USETIMER
00000001   QUE$
ffffffff   RESET_VECTOR
10f04170   RTA_D_fromHost
10f04178   RTA_D_logval
10f04188   RTA_D_stsval
10f04174   RTA_D_toHost
00000000   RTDX$
00000408   RTDX_BUFMEMSIZE
10f04304   RTDX_DATAMEMSEG
00000000   RTDX_MODE
00000000   RTDX_USERTDX
00000000   RTDX_USERTEXECUTION
00000000   SEM$
00000000   SIO$
00000000   STS$
87e24910   STS_A_TABBEG
87e24920   STS_A_TABEND
107fd36c   STS_F_add
107fd340   STS_F_delta
107fd388   STS_F_reset
00000001   SWI$
87e25a7c   SWI_A_TABBEG
87e25aa8   SWI_A_TABEND
00000001   SWI_A_TABLEN
10f041e4   SWI_D_curfxn
10f041d4   SWI_D_curmask
10f041e0   SWI_D_curmbox
10f041d8   SWI_D_curset
10f041d0   SWI_D_execaddr
10f041ec   SWI_D_inswi
10f041dc   SWI_D_lock
10f041e8   SWI_D_rdybeg
10f041f0   SWI_D_rdytab
10f041cc   SWI_D_runaddr
00000000   SWI_EHOOKFXN
107f91a4   SWI_EXECFXN
107f8fc0   SWI_F_enable
107f91a4   SWI_F_exec
107f91cc   SWI_F_iexec
107f9030   SWI_F_post
107f924c   SWI_F_run
00000000   SWI_IHOOKFXN
107f924c   SWI_RUNFXN
00000001   SYS$
10f04340   SYS$config
107fd520   SYS_ABORTFXN
107fd660   SYS_ERRORFXN
107fd680   SYS_EXITFXN
107fd400   SYS_PUTCFXN
87e25ac0   TRC_R_mask
87e25abc   TRC_cinit
00000001   TSK$
00000000   TSK_NUM_HOOKS
00000001   TSK_PRIORITY
00000000   TSK_READYFXN
10f04304   TSK_STACKSEG
00000400   TSK_STACKSIZE
00000000   TSK_SWITCHFXN
107fd560   TSK_VCREATEFXN
107fd560   TSK_VDELETEFXN
107fd560   TSK_VEXITFXN
87e25990   TSK_idle
00000000   TSK_idle$ord
00000000   TSK_idle$pri
87e1fbf8   TSK_idle$stack
87e1ff90   TSK_idle$stkptr
00000000   TSK_idle$tsk
00000000   UDEV$
107fca60   _ATM_andi
107fca60   _ATM_andu
107fca70   _ATM_cleari
107fca70   _ATM_clearu
107fca80   _ATM_deci
107fca80   _ATM_decu
107fca90   _ATM_inci
107fca90   _ATM_incu
107fcaa4   _ATM_ori
107fcaa4   _ATM_oru
107fcab4   _ATM_seti
107fcab4   _ATM_setu
107fba74   _BCACHE_bootInit
107fbaf4   _BCACHE_getMar
107fbaa4   _BCACHE_getSize
107fc2b0   _BCACHE_inv
107fcf50   _BCACHE_invL1pAll
107fba74   _BCACHE_setCacheToSram
107fba24   _BCACHE_setMar
107fb9e0   _BCACHE_setSize
107fcf60   _BCACHE_wait
107fc2a0   _BCACHE_wb
107fcf40   _BCACHE_wbAll
107fc28c   _BCACHE_wbInv
107fcf2c   _BCACHE_wbInvAll
87e24920   _BIOS_init
87e24ba0   _BIOS_start
107fd48c   _C62_clearIFR
107fd460   _C62_disableIER
107fa568   _C62_dispatchPlug
107fd478   _C62_enableIER
107fa560   _C62_plug
107fd48c   _C64_clearIFR
107fd460   _C64_disableIER
107fa568   _C64_dispatchPlug
107fd478   _C64_enableIER
107fa560   _C64_plug
ffffffff   _CACHE_L1D
ffffffff   _CACHE_L1P
ffffffff   _CACHE_L2
00050910   _CLK_COUNTSPMS
10f04314   _CLK_DFLTMICROSECS
10f04148   _CLK_D_countspms
10f0413c   _CLK_D_dirty
10f04318   _CLK_D_microseconds
10f04140   _CLK_D_prd
10f04144   _CLK_D_tddr
107fafe0   _CLK_F_itime
00004b00   _CLK_PRD
49038000   _CLK_REGS
00000000   _CLK_TDDR
00000000   _CLK_TIMERNUM
00000001   _CLK_USETIMER
107fd6a0   _CLK_gethtime
49038000   _CLK_gptimer
87e255f8   _CLK_gptimer_enablemask
10f0412c   _CLK_htimeDiv
10f04130   _CLK_htimeMult
10f04324   _CLK_htimePerLtime
87e254dc   _CLK_inputClock
107fafe0   _CLK_itime
10f04134   _CLK_ltimeDiv
10f04138   _CLK_ltimeMult
107fbb4c   _CLK_reconfig
107fa1e4   _CLK_start
107fa180   _CLK_stop
10f04304   _DDR2
87e00080   _DDR2_base
00010000   _DDR2_length
87e255f0   _DSPLINKDATA_ctrlPtr
87e1d6c0   _DSPLINKDATA_init
87e1cd40   _DSPLINKIPS_init
ffffffff   _DSPLINKMEM
87e255f4   _DSPLINKMQT_ctrlPtr
87e1d760   _DSPLINKMQT_init
87e252d8   _DSPLINKPOOL_ctrlPtr
87e1d3c0   _DSPLINKPOOL_init
87e1d100   _DSPLINK_init
87e25900   _DSPLINK_shmBaseAddress
87e25908   _DSPLINK_shmBaseAddress_pad
87e255bc   _DSPLINK_terminateFxn
87e199bc   _DSPLINK_terminateISR
0000000a   _EVENT10
00000064   _EVENT100
00000065   _EVENT101
00000066   _EVENT102
00000067   _EVENT103
00000068   _EVENT104
00000069   _EVENT105
0000006a   _EVENT106
0000006b   _EVENT107
0000006c   _EVENT108
0000006d   _EVENT109
0000000b   _EVENT11
0000006e   _EVENT110
0000006f   _EVENT111
00000070   _EVENT112
00000071   _EVENT113
00000072   _EVENT114
00000073   _EVENT115
00000074   _EVENT116
00000075   _EVENT117
00000076   _EVENT118
00000077   _EVENT119
0000000c   _EVENT12
00000078   _EVENT120
00000079   _EVENT121
0000007a   _EVENT122
0000007b   _EVENT123
0000007c   _EVENT124
0000007d   _EVENT125
0000007e   _EVENT126
0000007f   _EVENT127
0000000d   _EVENT13
0000000e   _EVENT14
0000000f   _EVENT15
00000010   _EVENT16
00000011   _EVENT17
00000012   _EVENT18
00000013   _EVENT19
00000014   _EVENT20
00000015   _EVENT21
00000016   _EVENT22
00000017   _EVENT23
00000018   _EVENT24
00000019   _EVENT25
0000001a   _EVENT26
0000001b   _EVENT27
0000001c   _EVENT28
0000001d   _EVENT29
0000001e   _EVENT30
0000001f   _EVENT31
00000020   _EVENT32
00000021   _EVENT33
00000022   _EVENT34
00000023   _EVENT35
00000024   _EVENT36
00000025   _EVENT37
00000026   _EVENT38
00000027   _EVENT39
00000004   _EVENT4
00000028   _EVENT40
00000029   _EVENT41
0000002a   _EVENT42
0000002b   _EVENT43
0000002c   _EVENT44
0000002d   _EVENT45
0000002e   _EVENT46
0000002f   _EVENT47
00000030   _EVENT48
00000031   _EVENT49
00000005   _EVENT5
00000032   _EVENT50
00000033   _EVENT51
00000034   _EVENT52
00000035   _EVENT53
00000036   _EVENT54
00000037   _EVENT55
00000038   _EVENT56
00000039   _EVENT57
0000003a   _EVENT58
0000003b   _EVENT59
00000006   _EVENT6
0000003c   _EVENT60
0000003d   _EVENT61
0000003e   _EVENT62
0000003f   _EVENT63
00000040   _EVENT64
00000041   _EVENT65
00000042   _EVENT66
00000043   _EVENT67
00000044   _EVENT68
00000045   _EVENT69
00000007   _EVENT7
00000046   _EVENT70
00000047   _EVENT71
00000048   _EVENT72
00000049   _EVENT73
0000004a   _EVENT74
0000004b   _EVENT75
0000004c   _EVENT76
0000004d   _EVENT77
0000004e   _EVENT78
0000004f   _EVENT79
00000008   _EVENT8
00000050   _EVENT80
00000051   _EVENT81
00000052   _EVENT82
00000053   _EVENT83
00000054   _EVENT84
00000055   _EVENT85
00000056   _EVENT86
00000057   _EVENT87
00000058   _EVENT88
00000059   _EVENT89
00000009   _EVENT9
0000005a   _EVENT90
0000005b   _EVENT91
0000005c   _EVENT92
0000005d   _EVENT93
0000005e   _EVENT94
0000005f   _EVENT95
00000060   _EVENT96
00000061   _EVENT97
00000062   _EVENT98
00000063   _EVENT99
107f8ab0   _EXC_clearLastStatus
107fa740   _EXC_dispatch
107f8934   _EXC_exceptionHandler
10f042e8   _EXC_exceptionHook
107f8900   _EXC_external
10f042f0   _EXC_externalHook
107f88e0   _EXC_getLastStatus
107f88a0   _EXC_init
107f85f4   _EXC_internal
10f042ec   _EXC_internalHook
107f85c0   _EXC_nmi
10f042f4   _EXC_nmiHook
10f042b8   _EXC_returnPtr
107fa904   _EXC_setReturnPtr
87e25564   _EXC_status
10f042b0   _EXC_sysTrapTable
87e25590   _FAIL_Code
87e25588   _FAIL_File
87e2558c   _FAIL_Line
87e25584   _FAIL_Set
107fd560   _FXN_F_nop
107fd0a4   _FXN_F_run
107fd0e0   _FXN_F_zero
00000000   _GBL_CACHE
107fbcc4   _GBL_cacheInit64P
10f041a4   _GBL_clkIn
10f041a8   _GBL_freq
107fd580   _GBL_getVersion
10f041a0   _GBL_procId
87e1dd94   _HAL_exit
87e1dd60   _HAL_init
87e1cb50   _HAL_intClear
87e1caa8   _HAL_intDisable
87e1ca60   _HAL_intEnable
87e1c8a0   _HAL_intInit
87e1c918   _HAL_intRegister
87e1cb30   _HAL_intSend
87e1caf0   _HAL_intWaitClear
107fd5a0   _HOOK_setenv
87e00080   _HST_A_TABBEG
87e00080   _HST_A_TABEND
87e25594   _HWI_ATTRS
00004000   _HWI_CFGDISPATCHED
10f042dc   _HWI_D_inhwi
10f042d0   _HWI_D_spsave
107f8ae0   _HWI_F_dispatch
0000000a   _HWI_INT10
0000000b   _HWI_INT11
0000000c   _HWI_INT12
0000000d   _HWI_INT13
0000000e   _HWI_INT14
0000000f   _HWI_INT15
00000004   _HWI_INT4
00000005   _HWI_INT5
00000006   _HWI_INT6
00000007   _HWI_INT7
00000008   _HWI_INT8
00000009   _HWI_INT9
00000001   _HWI_NMI
00000002   _HWI_RESERVED0
00000003   _HWI_RESERVED1
00000000   _HWI_RESET
87e1ef38   _HWI_STKBOTTOM
87e1df40   _HWI_STKTOP
10f042d0   _HWI_data
107fd100   _HWI_disable
107fcae0   _HWI_dispatchPlug
10f04000   _HWI_dispatchTab
107fd118   _HWI_enable
107fcb60   _HWI_eventMap
107fd12c   _HWI_restore
107fd5c0   _IDL_loop
87e16470   _IPS_clearReserved
87e14f6c   _IPS_exit
87e14c9c   _IPS_init
87e16510   _IPS_isNotReserved
87e15b9c   _IPS_notify
87e150e4   _IPS_register
87e163d0   _IPS_setReserved
87e15660   _IPS_unregister
ffffffff   _IRAM
10f04270   _KNL_alarm
107fbd80   _KNL_check
10f04294   _KNL_curqueue
10f04284   _KNL_curtask
10f0428c   _KNL_curtime
87e252a0   _KNL_dummy
107fc4c0   _KNL_enter
107fc480   _KNL_exit
107fbe48   _KNL_idle
10f042ac   _KNL_idlefxn
10f04278   _KNL_inactive
107fcbe0   _KNL_ipost
107fbe70   _KNL_max
10f04298   _KNL_maxqueue
107fcc60   _KNL_post
10f04288   _KNL_prevtask
10f0427c   _KNL_priority
87e25200   _KNL_queues
107fb620   _KNL_ready
107f9b40   _KNL_run
107fb1e0   _KNL_saveIsrFrame
10f04280   _KNL_set
10f04274   _KNL_setpri
107fc600   _KNL_start
87e25a7c   _KNL_swi
10f04290   _KNL_swiptr
107fb28c   _KNL_switch
10f042a0   _KNL_tcreatefxn
10f042a4   _KNL_tdeletefxn
107faaec   _KNL_tick
10f042a8   _KNL_treadyfxn
10f0429c   _KNL_tswitchfxn
10f04268   _KNL_wFlag
10f0426c   _KNL_wList
ffffffff   _L1DSRAM
107fd160   _LCK_create
107fcd00   _LCK_pend
107fcce0   _LCK_post
87e25a4c   _LOG_A_TABBEG
87e25a7c   _LOG_A_TABEND
00000002   _LOG_A_TABLEN
10f0410c   _LOG_D_system
107fcd60   _LOG_event
107fd5e0   _LOG_printf
87e25a4c   _LOG_system
10f0432c   _MEM
10f041ac   _MEM_D_NUMSEGMENTS
10f041b4   _MEM_D_freelist
10f041b8   _MEM_D_lockaddr
10f041b0   _MEM_D_memtab
10f041bc   _MEM_D_unlockaddr
107fa380   _MEM_alloc
107f9d80   _MEM_free
87e24f80   _MEM_init
10f042f8   _MEM_memtab
107fcfe0   _MEM_valloc
87e255cc   _MPCS_GlobalLock
87e17550   _MPCS_close
87e1660c   _MPCS_create
87e255c4   _MPCS_csObj
87e255c0   _MPCS_ctrlPtr
87e16df0   _MPCS_delete
87e1770c   _MPCS_enter
87e19210   _MPCS_exit
87e1902c   _MPCS_init
87e1799c   _MPCS_leave
87e173ec   _MPCS_open
87e255d0   _MPLIST_ctrlPtr
87e1c1b8   _MPLIST_exit
87e1bfcc   _MPLIST_init
87e255d4   _MPLIST_mpcsObj
10f04330   _MSGQ
87e248bc   _MSGQ_ATTRS
87e248cc   _MSGQ_LOCATEASYNCATTRS
87e248c8   _MSGQ_LOCATEATTRS
107fc540   _MSGQ_alloc
107fc6a0   _MSGQ_close
87e253a8   _MSGQ_config
107fd4a0   _MSGQ_free
107fc740   _MSGQ_get
87e24c60   _MSGQ_init
107fbfc0   _MSGQ_locate
107fb360   _MSGQ_locateAsync
107fc2c0   _MSGQ_locateLocal
107fb760   _MSGQ_open
107fc7e0   _MSGQ_put
107fd1c0   _MSGQ_release
107fd600   _MSGQ_setErrorHandler
107fc0c0   _MSGQ_startup
87e255d8   _NOTIFY_ctrlPtr
87e1cfec   _NOTIFY_init
87e1bae4   _NOTIFY_notify
87e255dc   _NOTIFY_numIps
87e1b700   _NOTIFY_register
87e1b8bc   _NOTIFY_unregister
107fcde0   _OBJ_create
107fd220   _OBJ_delete
87e25080   _OBJ_init
87e25470   _OBJ_segtab
87e25438   _OBJ_table
87e00080   _PIP_A_TABBEG
87e00080   _PIP_A_TABEND
10f04334   _POOL
ffffffff   _POOLMEM
87e253d0   _POOL_config
87e24da0   _POOL_init
87e1a110   _POOL_open
10f0414c   _PRD_D_tick
87e1fff8   _PRD_clock
107fd4e0   _QUE_get
107fd508   _QUE_put
ffffffff   _RESET_VECTOR
87e255e0   _RingIO_ctrlPtr
87e104a0   _RingIO_exit
87e102a8   _RingIO_init
87e255e4   _RingIO_mpcsObj
107fd2e0   _SEM_pend
107fd280   _SEM_pendBinary
107f9f80   _SEM_pendEnterKnl
107fc3a0   _SEM_post
107fc3a0   _SEM_postBinary
107fc880   _SEM_postEnterKnl
87e1cee8   _SHMDRV_handshake
87e1ce80   _SHMDRV_init
87e248ec   _SMAPOOL_FXNS
87e18854   _SMAPOOL_alloc
87e18c40   _SMAPOOL_free
87e186a4   _SMAPOOL_init
87e186c4   _SMAPOOL_open
87e24910   _STS_A_TABBEG
87e24920   _STS_A_TABEND
107fd36c   _STS_add
107fd340   _STS_delta
107fd388   _STS_reset
107fd620   _STS_set
87e25538   _SWI_ATTRS
10f041e4   _SWI_D_curfxn
10f041d4   _SWI_D_curmask
10f041d8   _SWI_D_curset
10f041d0   _SWI_D_execaddr
10f041ec   _SWI_D_inswi
10f041dc   _SWI_D_lock
10f041e8   _SWI_D_rdybeg
10f041cc   _SWI_D_runaddr
107fce60   _SWI_create
10f041cc   _SWI_data
107f9030   _SWI_post
107fc920   _SWI_setattrs
10f041c0   _SYS
87e25600   _SYS_PUTCBEG
87e257ff   _SYS_PUTCEND
107fd3a0   _SYS_abort
107fd040   _SYS_error
107fc9c0   _SYS_exit
87e254e0   _SYS_exitStack
10f0431c   _SYS_exitStackPtr
10f04320   _SYS_exitStackTop
107fd648   _SYS_one
107f8570   _SYS_printf
107f8544   _SYS_sprintf
107f8534   _SYS_vprintf
107f8100   _SYS_vsprintf
107fd640   _SYS_zero
87e2535a   _SamplePoolParams
87e1d600   _SetReason
87e25ac0   _TRC_R_mask
10f04310   _TSK
87e1a2f0   _TSKMESSAGE_create
87e1a94c   _TSKMESSAGE_delete
87e1a5cc   _TSKMESSAGE_execute
87e253d8   _TSK_ATTRS
87e253f4   _TSK_config
107f9800   _TSK_create
107facc0   _TSK_delete
107fb8a0   _TSK_exit
87e25990   _TSK_idle
87e25020   _TSK_init
10f04308   _TSK_nTasks
10f0430c   _TSK_pid
107fb040   _TSK_setup
107fbf44   _TSK_startup
87e25414   _TSK_timerSem
107fd520   _UTL_doAbort
107fd660   _UTL_doError
107fd400   _UTL_doPutc
107fd680   _UTL_halt
87e25520   _ZCPYMQT_FXNS
87e1de60   _ZCPYMQT_init
87e25434   __BCACHE_emifAddr
87e255ac   __BCACHE_readTable
107faffc   __CLK_lat1beg
107fb020   __CLK_lat1end
87e199fc   __DSPLINK_init
10f041c8   __HOOK_NUMHOOKS
10f041c4   __HOOK_knlId
107f8ae0   __HWI_lat1beg
107f8c68   __HWI_lat1end
107f8c68   __HWI_lat2beg
107f8e44   __HWI_lat2end1
107f8dd0   __HWI_lat2end2
107f8e60   __HWI_lat3beg
107f8e00   __HWI_lat3end2
107fbdcc   __KNL_lat1beg
107fbe48   __KNL_lat1end
107fcd60   __LOG_lat1beg
87e254b4   __MEM_mutex
87e192a0   __MPCS_open
48004000   __PWRM_CM_BASEADDR
5d000000   __PWRM_IVAMMU_BASEADDR
48306000   __PWRM_PRM_BASEADDR
48002000   __PWRM_SCM_BASEADDR
00000000   __PWRM_TIMERBASEADDR
00000020   __PWRM_TIMERINPUTCLK
00000000   __PWRM_TIMERINTRMASK
0000000a   __PWRM_TIMERPERIOD
00000000   __PWRM_USETIMER
107fd4e0   __QUE_lat1beg
107fd500   __QUE_lat1end
107fd508   __QUE_lat2beg
107fd514   __QUE_lat2end
87e13828   __RingIO_callNotifier
87e13b10   __RingIO_checkNotifier
87e14458   __RingIO_getContiguousDataSize
87e13ee8   __RingIO_getFirstAcquiredAttr
87e14048   __RingIO_getFirstAttr
87e13d1c   __RingIO_initInstance
87e14a1c   __RingIO_invalidateDataBuffer
87e10ab0   __RingIO_readerAcquire
87e1365c   __RingIO_readerCancel
87e129a0   __RingIO_readerFlush
87e11ce8   __RingIO_readerGetvAttribute
87e11430   __RingIO_readerRelease
87e14204   __RingIO_releaseAttribute
87e14724   __RingIO_updateAttributes
87e1054c   __RingIO_writerAcquire
87e131b8   __RingIO_writerCancel
87e121b4   __RingIO_writerFlush
87e1119c   __RingIO_writerRelease
87e11800   __RingIO_writerSetvAttribute
107fab00   __SEM_dopost
87e1ef40   __STACK_END
00001000   __STACK_SIZE
107f9138   __SWI_lat1beg
107f91e4   __SWI_lat1end
107f91e8   __SWI_lat2beg
107f9248   __SWI_lat2end
107f8fc0   __SWI_lat3beg
107f902c   __SWI_lat3end
87e2548c   __TSK_mutex
ffffffff   ___TI_pprof_out_hndl
ffffffff   ___TI_prof_data_size
ffffffff   ___TI_prof_data_start
ffffffff   ___binit__
10f04000   ___bss__
ffffffff   ___c_args__
87e1ef40   ___cinit__
87e00080   ___data__
87e00080   ___edata__
10f0433e   ___end__
87e1df40   ___etext__
ffffffff   ___pinit__
87e10080   ___text__
107fb4e0   __auto_init
87e1d480   __c6xabi_divu
87e1d8a0   __c6xabi_remu
87e24198   __ctypes_
87e1bc20   __divf
87e1d480   __divu
87e1d9e0   __fixfu
87e1dc60   __fltuf
87e1dae0   __frcmpyf
87e1dca0   __frcmpyf_div
87e255e8   __lock
87e1c4c0   __mpyf
87e1de80   __nop
87e1dea0   __register_lock
87e1dec0   __register_unlock
87e1d8a0   __remu
87e1df40   __stack
87e255ec   __unlock
87e1d200   _atoi
87e24ec0   _c_int00
87e25500   _dspMsgQName
87e1c6c0   _main
87e1d940   _memcpy
87e1d2e0   _memset
87e25358   _mqtParams
87e25536   _numTransfers
87e1db40   _strcpy
87e1dce0   _strlen
87e1dba0   _strncmp
87e1da60   _strncpy
87e25a64   _trace
87e25380   _transports
ffffffff   binit
87e1ef40   cinit
87e00080   edata
10f0433e   end
87e1df40   etext
107fd800   hwi0
107fd820   hwi1
107fd940   hwi10
107fd960   hwi11
107fd980   hwi12
107fd9a0   hwi13
107fd9c0   hwi14
107fd9e0   hwi15
107fd840   hwi2
107fd860   hwi3
107fd880   hwi4
107fd8a0   hwi5
107fd8c0   hwi6
107fd8e0   hwi7
107fd900   hwi8
107fd920   hwi9
ffffffff   pinit
87e25a64   trace
87e20000   trace$buf
00000001   trace$datatype
00000000   trace$log
00001000   trace$size


GLOBAL SYMBOLS: SORTED BY Symbol Address 

address    name
--------   ----
00000000   BUF$
00000000   CLK_PRDHIGH
00000000   CLK_RESETTIMER
00000000   CLK_TDDR
00000000   CLK_TDDRHIGH
00000000   CLK_TIMERNUM
00000000   DEV$
00000000   DGN$
00000000   DHL$
00000000   DHL_gChannelsAvailable
00000000   DIO$
00000000   DIO_NUMSWIBASE
00000000   DIO_NUMTSKBASE
00000000   DIO_STATIC
00000000   DPI$
00000000   ECM$
00000000   ECM_ENABLE
00000000   GBL_BCACHEREADADDR0
00000000   GBL_BCACHEREADADDR1
00000000   GBL_BCACHEREADADDR2
00000000   GBL_BIGENDIAN
00000000   GBL_CACHE
00000000   GBL_CALLCSLCFGINIT
00000000   GBL_ENABLEINST
00000000   GBL_ENABLE_SK
00000000   GBL_GEMTRUECOMPEN
00000000   GBL_L2MAR0_31
00000000   GBL_L2MAR160_191
00000000   GBL_L2MAR192_223
00000000   GBL_L2MAR224_255
00000000   GBL_L2MAR32_63
00000000   GBL_L2MAR64_95
00000000   GBL_L2MAR96_127
00000000   GBL_NULL
00000000   GBL_PROCID
00000000   GBL_ROM
00000000   GBL_SUPPORTCSL
00000000   GBL_USERINIT
00000000   GIO$
00000000   HOOK$
00000000   HOOK_KNLID
00000000   HST$
00000000   HST_DSM
00000000   HST_MAXFRAMESET
00000000   HST_RTDX
00000000   HWI_GENERATE_RESET_VEC
00000000   HWI_INT10$hwi
00000000   HWI_INT11$hwi
00000000   HWI_INT12$hwi
00000000   HWI_INT13$hwi
00000000   HWI_INT14$hwi
00000000   HWI_INT15$hwi
00000000   HWI_INT4$hwi
00000000   HWI_INT5$hwi
00000000   HWI_INT6$hwi
00000000   HWI_INT7$hwi
00000000   HWI_INT8$hwi
00000000   HWI_INT9$hwi
00000000   HWI_NMI$hwi
00000000   HWI_POLARITYMASK
00000000   HWI_RESERVED0$hwi
00000000   HWI_RESERVED1$hwi
00000000   HWI_RESET
00000000   HWI_RESET$hwi
00000000   HWI_ZEROTAB
00000000   IDL$
00000000   IDL_CALIBRERROR
00000000   IDL_CALIBRFXN
00000000   IDL_USECLKIDLTIME
00000000   KNL_swi$ord
00000000   KNL_swi$pri
00000000   KNL_swi$sts$unittype
00000000   KNL_swi$swi
00000000   LOG_system$datatype
00000000   LOG_system$log
00000000   MBX$
00000000   MEM_NULL
00000000   MEM_USEMPC
00000000   OBJ$
00000000   PIP$
00000000   PIP_A_TABLEN
00000000   PIP_gNextId
00000000   PIP_gNumEmbed
00000000   PRD_A_TABLEN
00000000   PRD_SWIHANDLE
00000000   PWRM_PWRM_CAPSMASK
00000000   PWRM_PWRM_ENABLE
00000000   PWRM_PWRM_LOADENABLE
00000000   PWRM_PWRM_RESOURCETRACKING
00000000   PWRM_PWRM_SCALING
00000000   PWRM_PWRM_TIMERIDNUM
00000000   PWRM_PWRM_TIMERINTRMASK
00000000   PWRM_PWRM_TIMERWUGENMASK
00000000   PWRM_PWRM_USERRESOURCES
00000000   PWRM_PWRM_USETIMER
00000000   RTDX$
00000000   RTDX_MODE
00000000   RTDX_USERTDX
00000000   RTDX_USERTEXECUTION
00000000   SEM$
00000000   SIO$
00000000   STS$
00000000   SWI_EHOOKFXN
00000000   SWI_IHOOKFXN
00000000   TSK_NUM_HOOKS
00000000   TSK_READYFXN
00000000   TSK_SWITCHFXN
00000000   TSK_idle$ord
00000000   TSK_idle$pri
00000000   TSK_idle$tsk
00000000   UDEV$
00000000   _CLK_TDDR
00000000   _CLK_TIMERNUM
00000000   _GBL_CACHE
00000000   _HWI_RESET
00000000   __PWRM_TIMERBASEADDR
00000000   __PWRM_TIMERINTRMASK
00000000   __PWRM_USETIMER
00000000   trace$log
00000001   BUF_ENABLED
00000001   CLK$
00000001   CLK_CALDIV
00000001   CLK_CALMULT
00000001   CLK_ENABLEHTIME
00000001   CLK_HTIMEDIV
00000001   CLK_HTIMEMULT
00000001   CLK_LTIMEDIV
00000001   CLK_POWERENABLE
00000001   CLK_USETIMER
00000001   GBL$
00000001   GBL_L2CONFIGURE
00000001   GBL_L2MODE
00000001   GBL_boot
00000001   HST_NONE
00000001   HWI$
00000001   HWI_ENABLE_EXC
00000001   HWI_NMI
00000001   ISRC$
00000001   KNL_swi$dorta
00000001   KNL_swi$sts$filtmaxmult
00000001   KNL_swi$sts$filtsummult
00000001   LCK$
00000001   LOG$
00000001   LOG_ENABLED
00000001   MEM$
00000001   MEM_gNumHeap
00000001   MSGQ$
00000001   MSGQ_USEMSGQ
00000001   POOL$
00000001   POOL_USEPOOL
00000001   PRD$
00000001   PRD_SCALAR
00000001   PWRM$
00000001   PWRM_PWRM_NUMSLOTS
00000001   QUE$
00000001   SWI$
00000001   SWI_A_TABLEN
00000001   SYS$
00000001   TSK$
00000001   TSK_PRIORITY
00000001   _CLK_USETIMER
00000001   _HWI_NMI
00000001   trace$datatype
00000002   HWI_RESERVED0
00000002   KNL_swi$sts$filter
00000002   LOG_A_TABLEN
00000002   _HWI_RESERVED0
00000002   _LOG_A_TABLEN
00000003   GBL_L1PMODE
00000003   HWI_RESERVED1
00000003   _HWI_RESERVED1
00000004   EVENT4
00000004   HWI_INT4
00000004   _EVENT4
00000004   _HWI_INT4
00000005   CLK_COUNTSPMSHIGH
00000005   CLK_TIMMODE
00000005   EVENT5
00000005   HWI_INT5
00000005   _EVENT5
00000005   _HWI_INT5
00000006   EVENT6
00000006   HWI_INT6
00000006   _EVENT6
00000006   _HWI_INT6
00000007   EVENT7
00000007   GBL_L1DMODE
00000007   HWI_INT7
00000007   _EVENT7
00000007   _HWI_INT7
00000008   EVENT8
00000008   HWI_INT8
00000008   _EVENT8
00000008   _HWI_INT8
00000009   EVENT9
00000009   HWI_INT9
00000009   _EVENT9
00000009   _HWI_INT9
0000000a   EVENT10
0000000a   HWI_INT10
0000000a   PWRM_PWRM_CLKTICKSPERSLOT
0000000a   _EVENT10
0000000a   _HWI_INT10
0000000a   __PWRM_TIMERPERIOD
0000000b   EVENT11
0000000b   HWI_INT11
0000000b   _EVENT11
0000000b   _HWI_INT11
0000000c   EVENT12
0000000c   HWI_INT12
0000000c   _EVENT12
0000000c   _HWI_INT12
0000000d   EVENT13
0000000d   HWI_INT13
0000000d   _EVENT13
0000000d   _HWI_INT13
0000000e   EVENT14
0000000e   HWI_INT14
0000000e   _EVENT14
0000000e   _HWI_INT14
0000000f   EVENT15
0000000f   HWI_INT15
0000000f   _EVENT15
0000000f   _HWI_INT15
00000010   EVENT16
00000010   _EVENT16
00000011   EVENT17
00000011   _EVENT17
00000012   EVENT18
00000012   _EVENT18
00000013   EVENT19
00000013   _EVENT19
00000014   EVENT20
00000014   _EVENT20
00000015   EVENT21
00000015   _EVENT21
00000016   EVENT22
00000016   _EVENT22
00000017   EVENT23
00000017   _EVENT23
00000018   EVENT24
00000018   _EVENT24
00000019   EVENT25
00000019   _EVENT25
0000001a   EVENT26
0000001a   _EVENT26
0000001b   EVENT27
0000001b   _EVENT27
0000001c   EVENT28
0000001c   _EVENT28
0000001d   EVENT29
0000001d   _EVENT29
0000001e   EVENT30
0000001e   _EVENT30
0000001f   EVENT31
0000001f   _EVENT31
00000020   CLK_TCR
00000020   EVENT32
00000020   _EVENT32
00000020   __PWRM_TIMERINPUTCLK
00000021   EVENT33
00000021   _EVENT33
00000022   EVENT34
00000022   _EVENT34
00000023   EVENT35
00000023   _EVENT35
00000024   EVENT36
00000024   _EVENT36
00000025   EVENT37
00000025   _EVENT37
00000026   EVENT38
00000026   _EVENT38
00000027   EVENT39
00000027   _EVENT39
00000028   EVENT40
00000028   _EVENT40
00000029   EVENT41
00000029   _EVENT41
0000002a   EVENT42
0000002a   _EVENT42
0000002b   EVENT43
0000002b   _EVENT43
0000002c   EVENT44
0000002c   _EVENT44
0000002d   EVENT45
0000002d   _EVENT45
0000002e   EVENT46
0000002e   _EVENT46
0000002f   EVENT47
0000002f   _EVENT47
00000030   EVENT48
00000030   _EVENT48
00000031   EVENT49
00000031   _EVENT49
00000032   EVENT50
00000032   _EVENT50
00000033   EVENT51
00000033   _EVENT51
00000034   EVENT52
00000034   _EVENT52
00000035   EVENT53
00000035   _EVENT53
00000036   EVENT54
00000036   _EVENT54
00000037   EVENT55
00000037   _EVENT55
00000038   EVENT56
00000038   _EVENT56
00000039   EVENT57
00000039   _EVENT57
0000003a   EVENT58
0000003a   _EVENT58
0000003b   EVENT59
0000003b   _EVENT59
0000003c   EVENT60
0000003c   _EVENT60
0000003d   EVENT61
0000003d   _EVENT61
0000003e   EVENT62
0000003e   GBL_DSPTYPE
0000003e   _EVENT62
0000003f   EVENT63
0000003f   _EVENT63
00000040   EVENT64
00000040   LOG_system$size
00000040   _EVENT64
00000041   EVENT65
00000041   _EVENT65
00000042   EVENT66
00000042   GBL_FOOTPRINT
00000042   _EVENT66
00000043   EVENT67
00000043   _EVENT67
00000044   EVENT68
00000044   _EVENT68
00000045   EVENT69
00000045   _EVENT69
00000046   EVENT70
00000046   _EVENT70
00000047   EVENT71
00000047   _EVENT71
00000048   EVENT72
00000048   _EVENT72
00000049   EVENT73
00000049   _EVENT73
0000004a   EVENT74
0000004a   _EVENT74
0000004b   EVENT75
0000004b   _EVENT75
0000004c   EVENT76
0000004c   _EVENT76
0000004d   EVENT77
0000004d   _EVENT77
0000004e   EVENT78
0000004e   _EVENT78
0000004f   EVENT79
0000004f   _EVENT79
00000050   EVENT80
00000050   _EVENT80
00000051   EVENT81
00000051   _EVENT81
00000052   EVENT82
00000052   _EVENT82
00000053   EVENT83
00000053   _EVENT83
00000054   EVENT84
00000054   _EVENT84
00000055   EVENT85
00000055   _EVENT85
00000056   EVENT86
00000056   _EVENT86
00000057   EVENT87
00000057   _EVENT87
00000058   EVENT88
00000058   _EVENT88
00000059   EVENT89
00000059   _EVENT89
0000005a   EVENT90
0000005a   _EVENT90
0000005b   EVENT91
0000005b   _EVENT91
0000005c   EVENT92
0000005c   _EVENT92
0000005d   EVENT93
0000005d   _EVENT93
0000005e   EVENT94
0000005e   _EVENT94
0000005f   EVENT95
0000005f   _EVENT95
00000060   EVENT96
00000060   _EVENT96
00000061   EVENT97
00000061   _EVENT97
00000062   EVENT98
00000062   _EVENT98
00000063   EVENT99
00000063   _EVENT99
00000064   EVENT100
00000064   PIP_OBJSIZE
00000064   _EVENT100
00000065   EVENT101
00000065   _EVENT101
00000066   EVENT102
00000066   _EVENT102
00000067   EVENT103
00000067   _EVENT103
00000068   EVENT104
00000068   _EVENT104
00000069   EVENT105
00000069   _EVENT105
0000006a   EVENT106
0000006a   _EVENT106
0000006b   EVENT107
0000006b   _EVENT107
0000006c   EVENT108
0000006c   _EVENT108
0000006d   EVENT109
0000006d   _EVENT109
0000006e   EVENT110
0000006e   _EVENT110
0000006f   EVENT111
0000006f   _EVENT111
00000070   EVENT112
00000070   _EVENT112
00000071   EVENT113
00000071   _EVENT113
00000072   EVENT114
00000072   _EVENT114
00000073   EVENT115
00000073   _EVENT115
00000074   EVENT116
00000074   _EVENT116
00000075   EVENT117
00000075   _EVENT117
00000076   EVENT118
00000076   _EVENT118
00000077   EVENT119
00000077   _EVENT119
00000078   EVENT120
00000078   _EVENT120
00000079   EVENT121
00000079   _EVENT121
0000007a   EVENT122
0000007a   _EVENT122
0000007b   EVENT123
0000007b   _EVENT123
0000007c   EVENT124
0000007c   _EVENT124
0000007d   EVENT125
0000007d   _EVENT125
0000007e   EVENT126
0000007e   _EVENT126
0000007f   EVENT127
0000007f   _EVENT127
00000080   GBL_L2MAR128_159
00000100   HST_MAXFRAMEALLOWED
000003e8   CLK_MICROSECS
00000400   HST_DSMMEMSIZE
00000400   TSK_STACKSIZE
00000408   RTDX_BUFMEMSIZE
00000d66   GBL_CLKTYPE
00001000   __STACK_SIZE
00001000   trace$size
00001963   GBL_DSPSUBTYPE
00004000   CLK_INTBIT
00004000   GBL_TRCMASKVALUE
00004000   HWI_CFGDISPATCHED
00004000   _HWI_CFGDISPATCHED
00004b00   CLK_INPUTCLK
00004b00   CLK_PRD
00004b00   _CLK_PRD
00004e20   GBL_CLKIN
00005205   GBL_A_VERSION
00010000   DDR2$L
00010000   _DDR2_length
00050910   CLK_COUNTSPMS
00050910   CLK_HTIMEPERLTIME
00050910   CLK_LTIMEMULT
00050910   GBL_FREQ
00050910   _CLK_COUNTSPMS
07060504   HWI_INTRMUX1
0a0a0908   HWI_INTRMUX2
107f8100   _SYS_vsprintf
107f8534   _SYS_vprintf
107f8544   _SYS_sprintf
107f8570   _SYS_printf
107f85c0   _EXC_nmi
107f85f4   _EXC_internal
107f88a0   _EXC_init
107f88e0   _EXC_getLastStatus
107f8900   _EXC_external
107f8934   _EXC_exceptionHandler
107f8ab0   _EXC_clearLastStatus
107f8ae0   CLK_HOOKFXN
107f8ae0   HWI_F_dispatch
107f8ae0   _HWI_F_dispatch
107f8ae0   __HWI_lat1beg
107f8c68   __HWI_lat1end
107f8c68   __HWI_lat2beg
107f8dd0   __HWI_lat2end2
107f8e00   __HWI_lat3end2
107f8e44   __HWI_lat2end1
107f8e60   __HWI_lat3beg
107f8fc0   SWI_F_enable
107f8fc0   __SWI_lat3beg
107f902c   __SWI_lat3end
107f9030   SWI_F_post
107f9030   _SWI_post
107f9138   __SWI_lat1beg
107f91a4   SWI_EXECFXN
107f91a4   SWI_F_exec
107f91cc   SWI_F_iexec
107f91e4   __SWI_lat1end
107f91e8   __SWI_lat2beg
107f9248   __SWI_lat2end
107f924c   SWI_F_run
107f924c   SWI_RUNFXN
107f9480   PRD_F_swi
107f9704   PRD_F_tick
107f9800   _TSK_create
107f9b40   _KNL_run
107f9d80   _MEM_free
107f9f80   _SEM_pendEnterKnl
107fa180   _CLK_stop
107fa1e4   _CLK_start
107fa380   _MEM_alloc
107fa560   _C62_plug
107fa560   _C64_plug
107fa568   _C62_dispatchPlug
107fa568   _C64_dispatchPlug
107fa740   _EXC_dispatch
107fa904   _EXC_setReturnPtr
107faaec   PRD_THOOKFXN
107faaec   _KNL_tick
107fab00   __SEM_dopost
107facc0   _TSK_delete
107fae80   CLK_F_getltime
107fae90   CLK_F_isr
107fafe0   CLK_F_itime
107fafe0   _CLK_F_itime
107fafe0   _CLK_itime
107faffc   __CLK_lat1beg
107fb020   __CLK_lat1end
107fb040   _TSK_setup
107fb1e0   _KNL_saveIsrFrame
107fb28c   _KNL_switch
107fb338   KNL_glue
107fb360   _MSGQ_locateAsync
107fb4e0   __auto_init
107fb620   _KNL_ready
107fb760   _MSGQ_open
107fb8a0   _TSK_exit
107fb9e0   _BCACHE_setSize
107fba24   _BCACHE_setMar
107fba74   _BCACHE_bootInit
107fba74   _BCACHE_setCacheToSram
107fbaa4   _BCACHE_getSize
107fbaf4   _BCACHE_getMar
107fbb4c   _CLK_reconfig
107fbcc4   _GBL_cacheInit64P
107fbd80   _KNL_check
107fbdcc   __KNL_lat1beg
107fbe48   _KNL_idle
107fbe48   __KNL_lat1end
107fbe70   _KNL_max
107fbf44   _TSK_startup
107fbfc0   _MSGQ_locate
107fc0c0   _MSGQ_startup
107fc28c   _BCACHE_wbInv
107fc2a0   _BCACHE_wb
107fc2b0   _BCACHE_inv
107fc2c0   _MSGQ_locateLocal
107fc3a0   _SEM_post
107fc3a0   _SEM_postBinary
107fc480   _KNL_exit
107fc4c0   _KNL_enter
107fc540   _MSGQ_alloc
107fc600   _KNL_start
107fc6a0   _MSGQ_close
107fc740   _MSGQ_get
107fc7e0   _MSGQ_put
107fc880   _SEM_postEnterKnl
107fc920   _SWI_setattrs
107fc9c0   _SYS_exit
107fca60   _ATM_andi
107fca60   _ATM_andu
107fca70   _ATM_cleari
107fca70   _ATM_clearu
107fca80   _ATM_deci
107fca80   _ATM_decu
107fca90   _ATM_inci
107fca90   _ATM_incu
107fcaa4   _ATM_ori
107fcaa4   _ATM_oru
107fcab4   _ATM_seti
107fcab4   _ATM_setu
107fcae0   _HWI_dispatchPlug
107fcb60   _HWI_eventMap
107fcbe0   _KNL_ipost
107fcc60   _KNL_post
107fcce0   _LCK_post
107fcd00   _LCK_pend
107fcd60   LOG_F_event
107fcd60   _LOG_event
107fcd60   __LOG_lat1beg
107fcde0   _OBJ_create
107fce60   _SWI_create
107fcf2c   _BCACHE_wbInvAll
107fcf40   _BCACHE_wbAll
107fcf50   _BCACHE_invL1pAll
107fcf60   _BCACHE_wait
107fcfe0   _MEM_valloc
107fd040   _SYS_error
107fd0a0   FXN_F_nop
107fd0a4   FXN_F_run
107fd0a4   _FXN_F_run
107fd0e0   FXN_F_zero
107fd0e0   _FXN_F_zero
107fd100   _HWI_disable
107fd118   _HWI_enable
107fd12c   _HWI_restore
107fd160   _LCK_create
107fd1c0   _MSGQ_release
107fd220   _OBJ_delete
107fd280   _SEM_pendBinary
107fd2e0   _SEM_pend
107fd340   STS_F_delta
107fd340   _STS_delta
107fd36c   STS_F_add
107fd36c   _STS_add
107fd388   STS_F_reset
107fd388   _STS_reset
107fd3a0   _SYS_abort
107fd400   SYS_PUTCFXN
107fd400   _UTL_doPutc
107fd460   _C62_disableIER
107fd460   _C64_disableIER
107fd478   _C62_enableIER
107fd478   _C64_enableIER
107fd48c   _C62_clearIFR
107fd48c   _C64_clearIFR
107fd4a0   _MSGQ_free
107fd4e0   _QUE_get
107fd4e0   __QUE_lat1beg
107fd500   __QUE_lat1end
107fd508   _QUE_put
107fd508   __QUE_lat2beg
107fd514   __QUE_lat2end
107fd520   SYS_ABORTFXN
107fd520   _UTL_doAbort
107fd560   GBL_USERINITFXN
107fd560   GIO_CREATEFXN
107fd560   GIO_DELETEFXN
107fd560   GIO_PENDFXN
107fd560   GIO_POSTFXN
107fd560   PWRM_PWRM_SHAREDRESOURCEFXN
107fd560   PWRM_PWRM_SLOTHOOKFXN
107fd560   TSK_VCREATEFXN
107fd560   TSK_VDELETEFXN
107fd560   TSK_VEXITFXN
107fd560   _FXN_F_nop
107fd580   _GBL_getVersion
107fd5a0   _HOOK_setenv
107fd5c0   IDL_F_loop
107fd5c0   _IDL_loop
107fd5e0   _LOG_printf
107fd600   _MSGQ_setErrorHandler
107fd620   _STS_set
107fd640   _SYS_zero
107fd648   _SYS_one
107fd660   SYS_ERRORFXN
107fd660   _UTL_doError
107fd680   SYS_EXITFXN
107fd680   _UTL_halt
107fd6a0   CLK_TIMEFXN
107fd6a0   _CLK_gethtime
107fd800   HWI_A_VECS
107fd800   hwi0
107fd820   hwi1
107fd840   hwi2
107fd860   hwi3
107fd880   hwi4
107fd8a0   hwi5
107fd8c0   hwi6
107fd8e0   hwi7
107fd900   hwi8
107fd920   hwi9
107fd940   hwi10
107fd960   hwi11
107fd980   hwi12
107fd9a0   hwi13
107fd9c0   hwi14
107fd9e0   hwi15
10f04000   $bss
10f04000   .bss
10f04000   _HWI_dispatchTab
10f04000   ___bss__
10f04100   IDL_D_tabbeg
10f04104   IDL_D_calibrate
10f04108   IDL_D_calbeg
10f0410c   LOG_D_system
10f0410c   _LOG_D_system
10f04110   PIP_D_tabbeg
10f04114   PIP_D_tablen
10f04118   CLK_R_time
10f0411c   CLK_D_timefxn
10f04120   CLK_D_tabbeg
10f04124   CLK_D_isrhook
10f04128   CLK_D_idletime
10f0412c   _CLK_htimeDiv
10f04130   _CLK_htimeMult
10f04134   _CLK_ltimeDiv
10f04138   _CLK_ltimeMult
10f0413c   _CLK_D_dirty
10f04140   _CLK_D_prd
10f04144   _CLK_D_tddr
10f04148   _CLK_D_countspms
10f0414c   PRD_D_tick
10f0414c   _PRD_D_tick
10f04150   PRD_D_cur
10f04154   PRD_D_elapsed
10f04158   PRD_D_prevtim
10f0415c   PRD_D_scalar
10f04160   PRD_D_swihandle
10f04164   PRD_D_tabbeg
10f04168   PRD_D_tablen
10f0416c   PRD_D_thook
10f04170   RTA_D_fromHost
10f04174   RTA_D_toHost
10f04178   RTA_D_logval
10f04188   RTA_D_stsval
10f04194   HST_D_chanmask
10f04198   HST_D_tabbeg
10f0419c   HST_D_tabend
10f041a0   _GBL_procId
10f041a4   _GBL_clkIn
10f041a8   _GBL_freq
10f041ac   _MEM_D_NUMSEGMENTS
10f041b0   _MEM_D_memtab
10f041b4   _MEM_D_freelist
10f041b8   _MEM_D_lockaddr
10f041bc   _MEM_D_unlockaddr
10f041c0   _SYS
10f041c4   __HOOK_knlId
10f041c8   __HOOK_NUMHOOKS
10f041cc   SWI_D_runaddr
10f041cc   _SWI_D_runaddr
10f041cc   _SWI_data
10f041d0   SWI_D_execaddr
10f041d0   _SWI_D_execaddr
10f041d4   SWI_D_curmask
10f041d4   _SWI_D_curmask
10f041d8   SWI_D_curset
10f041d8   _SWI_D_curset
10f041dc   SWI_D_lock
10f041dc   _SWI_D_lock
10f041e0   SWI_D_curmbox
10f041e4   SWI_D_curfxn
10f041e4   _SWI_D_curfxn
10f041e8   SWI_D_rdybeg
10f041e8   _SWI_D_rdybeg
10f041ec   SWI_D_inswi
10f041ec   _SWI_D_inswi
10f041f0   SWI_D_rdytab
10f04268   _KNL_wFlag
10f0426c   _KNL_wList
10f04270   _KNL_alarm
10f04274   _KNL_setpri
10f04278   _KNL_inactive
10f0427c   _KNL_priority
10f04280   _KNL_set
10f04284   _KNL_curtask
10f04288   _KNL_prevtask
10f0428c   _KNL_curtime
10f04290   _KNL_swiptr
10f04294   _KNL_curqueue
10f04298   _KNL_maxqueue
10f0429c   _KNL_tswitchfxn
10f042a0   _KNL_tcreatefxn
10f042a4   _KNL_tdeletefxn
10f042a8   _KNL_treadyfxn
10f042ac   _KNL_idlefxn
10f042b0   _EXC_sysTrapTable
10f042b8   _EXC_returnPtr
10f042d0   HWI_D_spsave
10f042d0   _HWI_D_spsave
10f042d0   _HWI_data
10f042dc   _HWI_D_inhwi
10f042e0   HWI_D_bss
10f042e4   HWI_D_ccmask
10f042e8   _EXC_exceptionHook
10f042ec   _EXC_internalHook
10f042f0   _EXC_externalHook
10f042f4   _EXC_nmiHook
10f042f8   _MEM_memtab
10f04304   DDR2
10f04304   HST_DSMBUFSEG
10f04304   MEM_MALLOCSEG
10f04304   MEM_SEGZERO
10f04304   RTDX_DATAMEMSEG
10f04304   TSK_STACKSEG
10f04304   _DDR2
10f04308   _TSK_nTasks
10f0430c   _TSK_pid
10f04310   _TSK
10f04314   _CLK_DFLTMICROSECS
10f04318   _CLK_D_microseconds
10f0431c   _SYS_exitStackPtr
10f04320   _SYS_exitStackTop
10f04324   _CLK_htimePerLtime
10f0432c   _MEM
10f04330   _MSGQ
10f04334   _POOL
10f0433e   ___end__
10f0433e   end
10f04340   SYS$config
34330d0b   HWI_INTRMUX3
48002000   __PWRM_SCM_BASEADDR
48004000   __PWRM_CM_BASEADDR
48306000   __PWRM_PRM_BASEADDR
49038000   CLK_REGS
49038000   _CLK_REGS
49038000   _CLK_gptimer
5d000000   __PWRM_IVAMMU_BASEADDR
87e00080   .data
87e00080   DDR2$B
87e00080   HST_A_TABBEG
87e00080   HST_A_TABEND
87e00080   PIP_A_TABBEG
87e00080   PIP_A_TABEND
87e00080   PRD_A_TABBEG
87e00080   PRD_A_TABEND
87e00080   _DDR2_base
87e00080   _HST_A_TABBEG
87e00080   _HST_A_TABEND
87e00080   _PIP_A_TABBEG
87e00080   _PIP_A_TABEND
87e00080   ___data__
87e00080   ___edata__
87e00080   edata
87e10080   .text
87e10080   ___text__
87e102a8   _RingIO_init
87e104a0   _RingIO_exit
87e1054c   __RingIO_writerAcquire
87e10ab0   __RingIO_readerAcquire
87e1119c   __RingIO_writerRelease
87e11430   __RingIO_readerRelease
87e11800   __RingIO_writerSetvAttribute
87e11ce8   __RingIO_readerGetvAttribute
87e121b4   __RingIO_writerFlush
87e129a0   __RingIO_readerFlush
87e131b8   __RingIO_writerCancel
87e1365c   __RingIO_readerCancel
87e13828   __RingIO_callNotifier
87e13b10   __RingIO_checkNotifier
87e13d1c   __RingIO_initInstance
87e13ee8   __RingIO_getFirstAcquiredAttr
87e14048   __RingIO_getFirstAttr
87e14204   __RingIO_releaseAttribute
87e14458   __RingIO_getContiguousDataSize
87e14724   __RingIO_updateAttributes
87e14a1c   __RingIO_invalidateDataBuffer
87e14c9c   _IPS_init
87e14f6c   _IPS_exit
87e150e4   _IPS_register
87e15660   _IPS_unregister
87e15b9c   _IPS_notify
87e163d0   _IPS_setReserved
87e16470   _IPS_clearReserved
87e16510   _IPS_isNotReserved
87e1660c   _MPCS_create
87e16df0   _MPCS_delete
87e173ec   _MPCS_open
87e17550   _MPCS_close
87e1770c   _MPCS_enter
87e1799c   _MPCS_leave
87e186a4   _SMAPOOL_init
87e186c4   _SMAPOOL_open
87e18854   _SMAPOOL_alloc
87e18c40   _SMAPOOL_free
87e1902c   _MPCS_init
87e19210   _MPCS_exit
87e192a0   __MPCS_open
87e199bc   _DSPLINK_terminateISR
87e199fc   __DSPLINK_init
87e1a110   _POOL_open
87e1a2f0   _TSKMESSAGE_create
87e1a5cc   _TSKMESSAGE_execute
87e1a94c   _TSKMESSAGE_delete
87e1b700   _NOTIFY_register
87e1b8bc   _NOTIFY_unregister
87e1bae4   _NOTIFY_notify
87e1bc20   __divf
87e1bfcc   _MPLIST_init
87e1c1b8   _MPLIST_exit
87e1c4c0   __mpyf
87e1c6c0   _main
87e1c8a0   _HAL_intInit
87e1c918   _HAL_intRegister
87e1ca60   _HAL_intEnable
87e1caa8   _HAL_intDisable
87e1caf0   _HAL_intWaitClear
87e1cb30   _HAL_intSend
87e1cb50   _HAL_intClear
87e1cd40   _DSPLINKIPS_init
87e1ce80   _SHMDRV_init
87e1cee8   _SHMDRV_handshake
87e1cfec   _NOTIFY_init
87e1d100   _DSPLINK_init
87e1d200   _atoi
87e1d2e0   _memset
87e1d3c0   _DSPLINKPOOL_init
87e1d480   __c6xabi_divu
87e1d480   __divu
87e1d600   _SetReason
87e1d6c0   _DSPLINKDATA_init
87e1d760   _DSPLINKMQT_init
87e1d8a0   __c6xabi_remu
87e1d8a0   __remu
87e1d940   _memcpy
87e1d9e0   __fixfu
87e1da60   _strncpy
87e1dae0   __frcmpyf
87e1db40   _strcpy
87e1dba0   _strncmp
87e1dc60   __fltuf
87e1dca0   __frcmpyf_div
87e1dce0   _strlen
87e1dd60   _HAL_init
87e1dd94   _HAL_exit
87e1de60   _ZCPYMQT_init
87e1de80   __nop
87e1dea0   __register_lock
87e1dec0   __register_unlock
87e1df40   GBL_stackbeg
87e1df40   _HWI_STKTOP
87e1df40   ___etext__
87e1df40   __stack
87e1df40   etext
87e1ef38   _HWI_STKBOTTOM
87e1ef3f   GBL_stackend
87e1ef40   __STACK_END
87e1ef40   ___cinit__
87e1ef40   cinit
87e1fbf4   IDL_A_TABBEG
87e1fbf4   IDL_END
87e1fbf8   TSK_idle$stack
87e1ff90   TSK_idle$stkptr
87e1fff8   CLK_A_TABBEG
87e1fff8   PRD_clock
87e1fff8   _PRD_clock
87e1fffc   CLK_null
87e20000   trace$buf
87e24198   __ctypes_
87e248bc   _MSGQ_ATTRS
87e248c8   _MSGQ_LOCATEATTRS
87e248cc   _MSGQ_LOCATEASYNCATTRS
87e248ec   _SMAPOOL_FXNS
87e2490f   KNL_swi$sts$maxfmt
87e24910   KNL_swi$sts$stsobj
87e24910   STS_A_TABBEG
87e24910   _STS_A_TABBEG
87e24914   KNL_swi$sts
87e24917   KNL_swi$sts$sumfmt
87e2491f   KNL_swi$sts$avgfmt
87e24920   BIOS_init
87e24920   STS_A_TABEND
87e24920   _BIOS_init
87e24920   _STS_A_TABEND
87e24ba0   BIOS_start
87e24ba0   _BIOS_start
87e24c60   _MSGQ_init
87e24da0   _POOL_init
87e24ec0   _c_int00
87e24f80   _MEM_init
87e25020   _TSK_init
87e25080   _OBJ_init
87e25200   _KNL_queues
87e252a0   _KNL_dummy
87e252d8   _DSPLINKPOOL_ctrlPtr
87e25358   _mqtParams
87e2535a   _SamplePoolParams
87e25380   _transports
87e253a8   _MSGQ_config
87e253d0   _POOL_config
87e253d8   _TSK_ATTRS
87e253f4   _TSK_config
87e25414   _TSK_timerSem
87e25434   __BCACHE_emifAddr
87e25438   _OBJ_table
87e25470   _OBJ_segtab
87e2548c   __TSK_mutex
87e254b4   __MEM_mutex
87e254dc   _CLK_inputClock
87e254e0   _SYS_exitStack
87e25500   _dspMsgQName
87e25520   _ZCPYMQT_FXNS
87e25536   _numTransfers
87e25538   _SWI_ATTRS
87e25564   _EXC_status
87e25584   _FAIL_Set
87e25588   _FAIL_File
87e2558c   _FAIL_Line
87e25590   _FAIL_Code
87e25594   _HWI_ATTRS
87e255ac   __BCACHE_readTable
87e255bc   _DSPLINK_terminateFxn
87e255c0   _MPCS_ctrlPtr
87e255c4   _MPCS_csObj
87e255cc   _MPCS_GlobalLock
87e255d0   _MPLIST_ctrlPtr
87e255d4   _MPLIST_mpcsObj
87e255d8   _NOTIFY_ctrlPtr
87e255dc   _NOTIFY_numIps
87e255e0   _RingIO_ctrlPtr
87e255e4   _RingIO_mpcsObj
87e255e8   __lock
87e255ec   __unlock
87e255f0   _DSPLINKDATA_ctrlPtr
87e255f4   _DSPLINKMQT_ctrlPtr
87e255f8   _CLK_gptimer_enablemask
87e25600   _SYS_PUTCBEG
87e257ff   _SYS_PUTCEND
87e25800   LOG_system$buf
87e25900   _DSPLINK_shmBaseAddress
87e25908   _DSPLINK_shmBaseAddress_pad
87e25990   TSK_idle
87e25990   _TSK_idle
87e25a4c   LOG_A_TABBEG
87e25a4c   LOG_system
87e25a4c   _LOG_A_TABBEG
87e25a4c   _LOG_system
87e25a64   _trace
87e25a64   trace
87e25a7c   KNL_swi
87e25a7c   LOG_A_TABEND
87e25a7c   SWI_A_TABBEG
87e25a7c   _KNL_swi
87e25a7c   _LOG_A_TABEND
87e25aa8   SWI_A_TABEND
87e25abc   TRC_cinit
87e25ac0   TRC_R_mask
87e25ac0   _TRC_R_mask
87e25ac4   GBL_initdone
87e25ac8   IDL_A_CALBEG
87e25ac8   IDL_END$
ffffffff   CACHE_L1D
ffffffff   CACHE_L1P
ffffffff   CACHE_L2
ffffffff   DSPLINKMEM
ffffffff   ECM_EVTMASK0
ffffffff   ECM_EVTMASK1
ffffffff   ECM_EVTMASK2
ffffffff   ECM_EVTMASK3
ffffffff   IRAM
ffffffff   L1DSRAM
ffffffff   POOLMEM
ffffffff   RESET_VECTOR
ffffffff   _CACHE_L1D
ffffffff   _CACHE_L1P
ffffffff   _CACHE_L2
ffffffff   _DSPLINKMEM
ffffffff   _IRAM
ffffffff   _L1DSRAM
ffffffff   _POOLMEM
ffffffff   _RESET_VECTOR
ffffffff   ___TI_pprof_out_hndl
ffffffff   ___TI_prof_data_size
ffffffff   ___TI_prof_data_start
ffffffff   ___binit__
ffffffff   ___c_args__
ffffffff   ___pinit__
ffffffff   binit
ffffffff   pinit

[1075 symbols]
