******************************************************************************
               TMS320C6x Linker Unix v7.3.23                   
******************************************************************************
>> Linked Tue Jul 28 21:26:59 2020

OUTPUT FILE NAME:   </home/admin/Projects/embedded/ti/dsplink-1_65_02/dsplink/dsp/BUILD/OMAP3530_0/RING_IO/BIN/RELEASE/ringio.out>
ENTRY POINT SYMBOL: "_c_int00"  address: 87e28620


MEMORY CONFIGURATION

         name            origin    length      used     unused   attr    fill
----------------------  --------  ---------  --------  --------  ----  --------
  IRAM                  107f8000   00010000  00000000  00010000  RWIX
  CACHE_L2              10808000   00008000  00000000  00008000  RWIX
  CACHE_L1P             10e04000   00004000  00000000  00004000  RWIX
  L1DSRAM               10f04000   00004000  00000000  00004000  RWIX
  CACHE_L1D             10f10000   00008000  00000000  00008000  RWIX
  RESET_VECTOR          87e00000   00000080  00000000  00000080  RWIX
  DDR2                  87e00080   000fff80  00029753  000d682d  RWIX
  DSPLINKMEM            87f00000   00030000  00000000  00030000  RWIX
  POOLMEM               87f30000   000d0000  00000000  000d0000  RWIX


SECTION ALLOCATION MAP

 output                                  attributes/
section   page    origin      length       input sections
--------  ----  ----------  ----------   ----------------
.pinit     0    87e00080    00000000     UNINITIALIZED

.vers      0    00000000    0000003c     COPY SECTION
                  00000000    0000003c     ring_iocfg.obj (.vers)

.prd       0    87e00080    00000000     UNINITIALIZED

.hst       0    87e00080    00000000     UNINITIALIZED

.pip       0    87e00080    00000000     UNINITIALIZED

.text      0    87e00080    00010d60     
                  87e00080    00003200     dsplinkringio.lib : ringio.obj (.text)
                  87e03280    00003160                       : _ringio.obj (.text)
                  87e063e0    00000fa0     dsplinkmpcs.lib : mpcs.obj (.text)
                  87e07380    00000ca0     dsplink.lib : ips.obj (.text)
                  87e08020    00000b00     tskRingIo.obj (.text)
                  87e08b20    000007c0     dsplink.lib : dsplink.obj (.text)
                  87e092e0    000005e0     dsplinkmpcs.lib : _mpcs.obj (.text)
                  87e098c0    00000580     rts64plus.lib : _printfi.obj (.text:__getarg_diouxp)
                  87e09e40    00000540                   : divd.obj (.text:__divd)
                  87e0a380    00000540                   : _printfi.obj (.text:__setfield)
                  87e0a8c0    000004c0     dsplinkpool.lib : sma_pool.obj (.text)
                  87e0ad80    00000440     rts64plus.lib : _printfi.obj (.text:__printfi)
                  87e0b1c0    00000340                   : divf.obj (.text:__divf)
                  87e0b500    00000300                   : _printfi.obj (.text:_ecvt)
                  87e0b800    00000300                   : _printfi.obj (.text:_fcvt)
                  87e0bb00    00000300                   : fputs.obj (.text:_fputs)
                  87e0be00    000002e0                   : _printfi.obj (.text:__pproc_fge)
                  87e0c0e0    000002c0                   : _printfi.obj (.text:__pproc_fwp)
                  87e0c3a0    000002a0                   : _printfi.obj (.text:__pconv_e)
                  87e0c640    00000260                   : imath64.obj (.text:__divull)
                  87e0c8a0    00000260                   : mpyd.obj (.text:__mpyd)
                  87e0cb00    00000240                   : _printfi.obj (.text:__pproc_diouxp)
                  87e0cd40    00000220                   : _printfi.obj (.text:__pproc_str)
                  87e0cf60    00000200                   : addd.obj (.text:__addd)
                  87e0d160    00000200                   : frcaddd.obj (.text:__frcaddd)
                  87e0d360    00000200                   : mpyf.obj (.text:__mpyf)
                  87e0d560    00000200                   : _printfi.obj (.text:__pconv_g)
                  87e0d760    000001e0     dsplinkmplist.lib : _mplist.obj (.text)
                  87e0d940    000001c0     dsplink.lib : hal_interrupt.obj (.text:DSPLINK_init)
                  87e0db00    000001c0     rts64plus.lib : _printfi.obj (.text:__mcpy)
                  87e0dcc0    000001a0                   : imath40.obj (.text:__divul)
                  87e0de60    00000180                   : trgdrv.obj (.text:_HOSTrename)
                  87e0dfe0    00000180                   : setvbuf.obj (.text:_setvbuf)
                  87e0e160    00000180     main.obj (.text)
                  87e0e2e0    00000140     rts64plus.lib : fputc.obj (.text:_fputc)
                  87e0e420    00000140                   : lowlev.obj (.text:_getdevice)
                  87e0e560    00000120                   : _printfi.obj (.text:__pproc_fflags)
                  87e0e680    00000120                   : fclose.obj (.text:_fclose)
                  87e0e7a0    00000120     dsplinknotify.lib : notify.obj (.text)
                  87e0e8c0    00000100     rts64plus.lib : trgdrv.obj (.text:_HOSTlseek)
                  87e0e9c0    00000100                   : frcmpyd.obj (.text:__frcmpyd)
                  87e0eac0    00000100                   : _printfi.obj (.text:__ltostr)
                  87e0ebc0    00000100                   : _io_perm.obj (.text:__wrt_ok)
                  87e0ecc0    00000100     dsplink.lib : hal_interrupt.obj (.text)
                  87e0edc0    000000e0     rts64plus.lib : trgdrv.obj (.text:_HOSTopen)
                  87e0eea0    000000e0                   : trgdrv.obj (.text:_HOSTread)
                  87e0ef80    000000e0                   : cmpd.obj (.text:__cmpd)
                  87e0f060    000000e0                   : atoi.obj (.text:_atoi)
                  87e0f140    000000e0                   : lowlev.obj (.text:_close)
                  87e0f220    000000e0                   : memset.obj (.text:_memset)
                  87e0f300    000000c0     dsplink.lib : dsplink.obj (.text:DSPLINK_init)
                  87e0f3c0    000000c0                 : dsplinkips.obj (.text:DSPLINK_init)
                  87e0f480    000000c0                 : shm_drv.obj (.text:DSPLINK_init)
                  87e0f540    000000c0     rts64plus.lib : trgdrv.obj (.text:_HOSTunlink)
                  87e0f600    000000c0                   : trgdrv.obj (.text:_HOSTwrite)
                  87e0f6c0    000000c0                   : fopen.obj (.text:__cleanup)
                  87e0f780    000000c0                   : _printfi.obj (.text:__div)
                  87e0f840    000000c0                   : divu.obj (.text:__divu)
                  87e0f900    000000c0                   : fflush.obj (.text:__doflush)
                  87e0f9c0    000000c0                   : fseek.obj (.text:_fseek)
                  87e0fa80    000000c0                   : lowlev.obj (.text:_lseek)
                  87e0fb40    000000c0                   : ltoa.obj (.text:_ltoa)
                  87e0fc00    000000c0                   : lowlev.obj (.text:_write)
                  87e0fcc0    000000c0     bios.a64P : tsk_stup.o64P (.text)
                  87e0fd80    000000c0     dsplinknotify.lib : _notify.obj (.text)
                  87e0fe40    000000a0     dsplinkpool.lib : dsplinkpool.obj (.text:DSPLINK_init)
                  87e0fee0    000000a0     rts64plus.lib : trgdrv.obj (.text:_HOSTclose)
                  87e0ff80    000000a0                   : imath40.obj (.text:__divli)
                  87e10020    000000a0                   : _printfi.obj (.text:__ecpy)
                  87e100c0    000000a0                   : _printfi.obj (.text:__fcpy)
                  87e10160    000000a0                   : fixdli.obj (.text:__fixdli)
                  87e10200    000000a0                   : _printfi.obj (.text:__pconv_f)
                  87e102a0    000000a0                   : remu.obj (.text:__remu)
                  87e10340    000000a0                   : lowlev.obj (.text:_finddevice)
                  87e103e0    000000a0                   : memcpy64.obj (.text:_memcpy)
                  87e10480    00000080                   : fixdi.obj (.text:__fixdi)
                  87e10500    00000080                   : fixfu.obj (.text:__fixfu)
                  87e10580    00000080                   : fltlid.obj (.text:__fltlid)
                  87e10600    00000080                   : llshift.obj (.text:__llshl)
                  87e10680    00000080                   : renormd.obj (.text:__renormd)
                  87e10700    00000080                   : printf.obj (.text:_printf)
                  87e10780    00000080                   : trgmsg.obj (.text:_readmsg)
                  87e10800    00000080                   : lowlev.obj (.text:_unlink)
                  87e10880    00000060                   : frcmpyf.obj (.text:__frcmpyf)
                  87e108e0    00000060                   : imath64.obj (.text:__subcull)
                  87e10940    00000060                   : memccpy.obj (.text:_memccpy)
                  87e109a0    00000060                   : trgmsg.obj (.text:_writemsg)
                  87e10a00    00000040     dsplinkdata.lib : dsplinkdata.obj (.text:DSPLINK_init)
                  87e10a40    00000040     dsplinkmsg.lib : dsplinkmqt.obj (.text:DSPLINK_init)
                  87e10a80    00000040     rts64plus.lib : isinf.obj (.text:___isinf)
                  87e10ac0    00000040                   : _printfi.obj (.text:___isnan)
                  87e10b00    00000040                   : fltuf.obj (.text:__fltuf)
                  87e10b40    00000040                   : frcmpyd_div.obj (.text:__frcmpyd_div)
                  87e10b80    00000040                   : frcmpyf_div.obj (.text:__frcmpyf_div)
                  87e10bc0    00000040                   : llshift.obj (.text:__llshru)
                  87e10c00    00000040                   : negd.obj (.text:__negd)
                  87e10c40    00000040                   : imath40.obj (.text:__remli)
                  87e10c80    00000040                   : subd.obj (.text:__subd)
                  87e10cc0    00000040     dsplink.lib : hal.obj (.text)
                  87e10d00    00000020     rts64plus.lib : negll.obj (.text:__negll)
                  87e10d20    00000020                   : _lock.obj (.text:__nop)
                  87e10d40    00000020                   : printf.obj (.text:__outc)
                  87e10d60    00000020                   : printf.obj (.text:__outs)
                  87e10d80    00000020                   : _lock.obj (.text:__register_lock)
                  87e10da0    00000020                   : _lock.obj (.text:__register_unlock)
                  87e10dc0    00000020                   : remove.obj (.text:_remove)

.DDR2$heap 
*          0    87e10de0    00010000     UNINITIALIZED
                  87e10de0    00010000     --HOLE--

.bios      0    87e20de0    000046c0     
                  87e20de0    00000520     bios.a64P : exc.o64P (.bios)
                  87e21300    000004e0               : hwi_disp_asm.o64P (.bios)
                  87e217e0    000004c0               : swi.o64P (.bios)
                  87e21ca0    00000380               : prd.o64P (.bios)
                  87e22020    00000340               : tsk_crea.o64P (.bios)
                  87e22360    000002a0               : malloc.o64P (.bios)
                  87e22600    00000240               : knl_run.o64P (.bios)
                  87e22840    00000200               : mem_free.o64P (.bios:.near)
                  87e22a40    00000200               : sem_pend.o64P (.bios)
                  87e22c40    00000200     bios3430.a64P : clk2430.o64P (.bios)
                  87e22e40    000001e0     bios.a64P : mem_allo.o64P (.bios:.near)
                  87e23020    000001e0               : c62_plug.o64P (.bios)
                  87e23200    000001e0               : exc_asm.o64P (.bios)
                  87e233e0    000001e0               : knl_tick.o64P (.bios)
                  87e235c0    000001c0               : sem_dopo.o64P (.bios)
                  87e23780    000001c0     bios3430.a64P : clk.o64P (.bios)
                  87e23940    000001a0     bios.a64P : tsk_setu.o64P (.bios)
                  87e23ae0    00000180               : knl_swit.o64P (.bios)
                  87e23c60    00000140               : autoinit.o64P (.bios)
                  87e23da0    00000140               : knl_read.o64P (.bios)
                  87e23ee0    00000140               : tsk_exit.o64P (.bios)
                  87e24020    00000140     bios3430.a64P : bcache_init.o64P (.bios)
                  87e24160    00000140                   : clk2430_reconfig.o64P (.bios)
                  87e242a0    00000120     bios.a64P : gbl_cacheinit64P.o64P (.bios)
                  87e243c0    00000120               : knl_chec.o64P (.bios)
                  87e244e0    00000120               : tsk_stup.o64P (.bios)
                  87e24600    00000100     bios3430.a64P : bcache_block.o64P (.bios)
                  87e24700    000000e0     bios.a64P : sem_post_asm.o64P (.bios)
                  87e247e0    000000c0               : knl_exit.o64P (.bios)
                  87e248a0    000000a0               : knl_star.o64P (.bios)
                  87e24940    000000a0               : sem_post.o64P (.bios)
                  87e249e0    000000a0               : sys_exit.o64P (.bios)
                  87e24a80    00000080               : hwi_disp.o64P (.bios)
                  87e24b00    00000080               : hwi_eventmap64P.o64P (.bios)
                  87e24b80    00000080               : knl_ipos.o64P (.bios)
                  87e24c00    00000080               : knl_post.o64P (.bios)
                  87e24c80    00000080               : lck.o64P (.bios)
                  87e24d00    00000080               : log.o64P (.bios)
                  87e24d80    00000080               : obj_crea.o64P (.bios)
                  87e24e00    00000080     bios3430.a64P : bcache_all.o64P (.bios)
                  87e24e80    00000080                   : bcache_wait.o64P (.bios)
                  87e24f00    00000060     bios.a64P : mem_vall.o64P (.bios:.near)
                  87e24f60    00000060               : sys_erro.o64P (.bios:.near)
                  87e24fc0    00000060               : fxn.o64P (.bios)
                  87e25020    00000060               : hwi_c.o64P (.bios)
                  87e25080    00000060               : lck_crea.o64P (.bios)
                  87e250e0    00000060               : obj_dele.o64P (.bios)
                  87e25140    00000060               : sem_pend_counting.o64P (.bios)
                  87e251a0    00000060               : sts.o64P (.bios)
                  87e25200    00000060               : sys_abor.o64P (.bios)
                  87e25260    00000060               : utl_putc.o64P (.bios)
                  87e252c0    00000040               : c62_c.o64P (.bios)
                  87e25300    00000040               : que_get.o64P (.bios)
                  87e25340    00000040               : utl_doab.o64P (.bios)
                  87e25380    00000020               : fxn_c.o64P (.bios)
                  87e253a0    00000020               : gbl_vers.o64P (.bios)
                  87e253c0    00000020               : hook_setenv.o64P (.bios)
                  87e253e0    00000020               : idl.o64P (.bios)
                  87e25400    00000020               : log_printf.o64P (.bios)
                  87e25420    00000020               : sts_set.o64P (.bios)
                  87e25440    00000020               : utl_doer.o64P (.bios)
                  87e25460    00000020               : utl_halt.o64P (.bios)
                  87e25480    00000020     bios3430.a64P : clk2430_gethtime.o64P (.bios)

.stack     0    87e254a0    00001000     UNINITIALIZED
                  87e254a0    00001000     --HOLE--

.cinit     0    87e264a0    00000cb4     
                  87e264a0    0000030c     ring_iocfg.obj (.cinit)
                  87e267ac    00000004     --HOLE-- [fill = 0]
                  87e267b0    0000026c     bios.a64P : biosdata.o64P (.cinit)
                  87e26a1c    00000004     --HOLE-- [fill = 0]
                  87e26a20    000001a4               : knl.o64P (.cinit)
                  87e26bc4    00000004     --HOLE-- [fill = 0]
                  87e26bc8    000000b0               : swi.o64P (.cinit)
                  87e26c78    00000080               : tsk.o64P (.cinit)
                  87e26cf8    00000060               : tsk_stup.o64P (.cinit)
                  87e26d58    0000005c     rts64plus.lib : defs.obj (.cinit)
                  87e26db4    00000004     --HOLE-- [fill = 0]
                  87e26db8    0000005c                   : lowlev.obj (.cinit)
                  87e26e14    00000004     --HOLE-- [fill = 0]
                  87e26e18    0000003c     bios.a64P : exc.o64P (.cinit)
                  87e26e54    00000004     --HOLE-- [fill = 0]
                  87e26e58    00000036     ring_io_config.obj (.cinit)
                  87e26e8e    00000002     --HOLE-- [fill = 0]
                  87e26e90    00000034     bios.a64P : hwi.o64P (.cinit)
                  87e26ec4    00000004     --HOLE-- [fill = 0]
                  87e26ec8    0000002c               : utl_putc.o64P (.cinit)
                  87e26ef4    00000004     --HOLE-- [fill = 0]
                  87e26ef8    0000002c     rts64plus.lib : exit.obj (.cinit)
                  87e26f24    00000004     --HOLE-- [fill = 0]
                  87e26f28    00000028     dsplink.lib : ips.obj (.cinit)
                  87e26f50    00000024     bios.a64P : obj_init.o64P (.cinit)
                  87e26f74    00000004     --HOLE-- [fill = 0]
                  87e26f78    0000001c               : exc_asm.o64P (.cinit)
                  87e26f94    00000004     --HOLE-- [fill = 0]
                  87e26f98    0000001c               : sys.o64P (.cinit)
                  87e26fb4    00000004     --HOLE-- [fill = 0]
                  87e26fb8    0000001c     dsplink.lib : dsplink.obj (.cinit)
                  87e26fd4    00000004     --HOLE-- [fill = 0]
                  87e26fd8    0000001c     dsplinkmpcs.lib : _mpcs.obj (.cinit)
                  87e26ff4    00000004     --HOLE-- [fill = 0]
                  87e26ff8    0000001c     dsplinkmplist.lib : _mplist.obj (.cinit)
                  87e27014    00000004     --HOLE-- [fill = 0]
                  87e27018    0000001c     dsplinknotify.lib : _notify.obj (.cinit)
                  87e27034    00000004     --HOLE-- [fill = 0]
                  87e27038    0000001c     dsplinkringio.lib : ringio.obj (.cinit)
                  87e27054    00000004     --HOLE-- [fill = 0]
                  87e27058    0000001c     rts64plus.lib : _lock.obj (.cinit)
                  87e27074    00000004     --HOLE-- [fill = 0]
                  87e27078    00000018     bios.a64P : knl_tick.o64P (.cinit)
                  87e27090    00000014               : hwi_disp.o64P (.cinit)
                  87e270a4    00000004     --HOLE-- [fill = 0]
                  87e270a8    00000014     bios3430.a64P : bcache_table.o64P (.cinit)
                  87e270bc    00000004     --HOLE-- [fill = 0]
                  87e270c0    0000000c     bios.a64P : knl_star.o64P (.cinit)
                  87e270cc    00000004     --HOLE-- [fill = 0]
                  87e270d0    0000000c               : knl_swit.o64P (.cinit)
                  87e270dc    00000004     --HOLE-- [fill = 0]
                  87e270e0    0000000c               : pool.o64P (.cinit)
                  87e270ec    00000004     --HOLE-- [fill = 0]
                  87e270f0    0000000c     bios3430.a64P : bcache_wait.o64P (.cinit)
                  87e270fc    00000004     --HOLE-- [fill = 0]
                  87e27100    0000000c     dsplink.lib : shm_drv.obj (.cinit)
                  87e2710c    00000004     --HOLE-- [fill = 0]
                  87e27110    0000000c     dsplinkmpcs.lib : mpcs.obj (.cinit)
                  87e2711c    00000004     --HOLE-- [fill = 0]
                  87e27120    0000000c     dsplinkmsg.lib : dsplinkmqt.obj (.cinit)
                  87e2712c    00000004     --HOLE-- [fill = 0]
                  87e27130    0000000c     rts64plus.lib : fopen.obj (.cinit)
                  87e2713c    00000004     --HOLE-- [fill = 0]
                  87e27140    0000000a     bios.a64P : pool_init.o64P (.cinit)
                  87e2714a    00000006     --HOLE-- [fill = 0]
                  87e27150    00000004     (.pad.cinit) [fill = 0]

.idl       0    87e27154    00000004     UNINITIALIZED
                  87e27154    00000004     ring_iocfg.obj (.idl)

.far       0    87e27158    00000994     UNINITIALIZED
                  87e27158    00000324     rts64plus.lib : defs.obj (.far)
                  87e2747c    00000004     bios3430.a64P : bcache_wait.o64P (.far)
                  87e27480    00000120     dsplink.lib : ips.obj (.far)
                  87e275a0    0000011c     rts64plus.lib : lowlev.obj (.far)
                  87e276bc    00000004     bios3430.a64P : clk2430_data.o64P (.far)
                  87e276c0    000000d8     bios.a64P : knl.o64P (.far)
                  87e27798    000000d0     rts64plus.lib : trgdrv.obj (.far)
                  87e27868    00000080     dsplinkpool.lib : dsplinkpool.obj (.far)
                  87e278e8    0000005c     bios.a64P : tsk.o64P (.far)
                  87e27944    00000004     dsplink.lib : shm_drv.obj (.far)
                  87e27948    00000054     bios.a64P : obj_init.o64P (.far)
                  87e2799c    00000050               : tsk_stup.o64P (.far)
                  87e279ec    00000004     dsplinkdata.lib : dsplinkdata.obj (.far)
                  87e279f0    00000020     bios.a64P : sys.o64P (.far)
                  87e27a10    00000020     ring_io_config.obj (.far)
                  87e27a30    00000014     dsplink.lib : hal_interrupt.obj (.far)
                  87e27a44    00000010     bios.a64P : exc.o64P (.far)
                  87e27a54    00000010               : knl_tick.o64P (.far)
                  87e27a64    0000000c               : hwi_disp.o64P (.far)
                  87e27a70    0000000c               : utl_putc.o64P (.far)
                  87e27a7c    0000000c     bios3430.a64P : bcache_table.o64P (.far)
                  87e27a88    0000000c     rts64plus.lib : exit.obj (.far)
                  87e27a94    00000004     dsplinkmsg.lib : dsplinkmqt.obj (.far)
                  87e27a98    0000000c     tskRingIo.obj (.far)
                  87e27aa4    00000008     dsplink.lib : dsplink.obj (.far)
                  87e27aac    00000008     dsplinkmpcs.lib : _mpcs.obj (.far)
                  87e27ab4    00000008                     : mpcs.obj (.far)
                  87e27abc    00000008     dsplinkmplist.lib : _mplist.obj (.far)
                  87e27ac4    00000008     dsplinknotify.lib : _notify.obj (.far)
                  87e27acc    00000008     dsplinkringio.lib : ringio.obj (.far)
                  87e27ad4    00000008     main.obj (.far)
                  87e27adc    00000008     rts64plus.lib : _lock.obj (.far)
                  87e27ae4    00000004     ring_iocfg.obj (.far)
                  87e27ae8    00000004     rts64plus.lib : fopen.obj (.far)

.idlcal    0    87e27aec    00000004     UNINITIALIZED
                  87e27aec    00000004     ring_iocfg.obj (.idlcal)

.const     0    87e27af0    00000721     
                  87e27af0    0000029d     dsplink.lib : dsplink.obj (.const:.string)
                  87e27d8d    00000193     bios.a64P : exc.o64P (.const)
                  87e27f20    00000101     rts64plus.lib : ctype.obj (.const:.string:__ctypes_)
                  87e28021    0000004e     bios.a64P : pool_init.o64P (.const)
                  87e2806f    0000004e               : tsk_stup.o64P (.const)
                  87e280bd    0000003a     main.obj (.const:.string)
                  87e280f7    00000023     rts64plus.lib : _printfi.obj (.const:.string)
                  87e2811a    00000023     bios.a64P : utl_doab.o64P (.const)
                  87e2813d    00000022               : utl_doer.o64P (.const)
                  87e2815f    00000019     dsplinkmplist.lib : _mplist.obj (.const:.string)
                  87e28178    00000019     dsplinkringio.lib : _ringio.obj (.const:.string)
                  87e28191    00000012     dsplinkmpcs.lib : _mpcs.obj (.const:.string)
                  87e281a3    00000012                     : mpcs.obj (.const:.string)
                  87e281b5    00000012     dsplinkpool.lib : sma_pool.obj (.const:.string)
                  87e281c7    00000010     tskRingIo.obj (.const:.string)
                  87e281d7    00000001     --HOLE-- [fill = 0]
                  87e281d8    00000010     dsplinkpool.lib : sma_pool.obj (.const)
                  87e281e8    0000000e     dsplink.lib : dsplink.obj (.const:.string:___FUNCTION__$1)
                  87e281f6    00000002     rts64plus.lib : fputs.obj (.const:.string)
                  87e281f8    00000008                   : divd.obj (.const:.string:_initial_approx$1)
                  87e28200    00000008                   : divf.obj (.const:.string:_initial_approx$1)
                  87e28208    00000004     bios.a64P : mem_allo.o64P (.const)
                  87e2820c    00000004               : mem_free.o64P (.const)
                  87e28210    00000001               : tsk.o64P (.const)

.printf    0    87e28211    0000001a     COPY SECTION
                  87e28211    0000001a     ring_iocfg.obj (.printf)

.trcdata   0    87e28214    0000000c     
                  87e28214    0000000c     bios.a64P : trc.o64P (.trcdata)

.sysinit   0    87e28220    000005e0     
                  87e28220    000002e0     ring_iocfg.obj (.sysinit)
                  87e28500    00000120     bios.a64P : pool_init.o64P (.sysinit)
                  87e28620    000000c0               : boot.o64P (.sysinit)
                  87e286e0    000000a0               : mem_init.o64P (.sysinit)
                  87e28780    00000060               : tsk_init.o64P (.sysinit)
                  87e287e0    00000020               : obj_init.o64P (.sysinit)

.TSK_idle$stk 
*          0    87e28800    00000400     UNINITIALIZED
                  87e28800    00000400     ring_iocfg.obj (.TSK_idle$stk)

.bss       0    87e28c00    00000336     UNINITIALIZED
                  87e28c00    00000100     bios.a64P : hwi_disp_asm.o64P (.bss)
                  87e28d00    000000cc               : biosdata.o64P (.bss)
                  87e28dcc    0000009c               : swi.o64P (.bss)
                  87e28e68    00000048               : knl.o64P (.bss)
                  87e28eb0    00000020               : exc_asm.o64P (.bss)
                  87e28ed0    00000018               : hwi.o64P (.bss)
                  87e28ee8    00000010               : exc.o64P (.bss)
                  87e28ef8    00000010     ring_iocfg.obj (.bss)
                  87e28f08    0000000c     bios.a64P : tsk.o64P (.bss)
                  87e28f14    00000008               : clk_data.o64P (.bss)
                  87e28f1c    00000008               : sys.o64P (.bss)
                  87e28f24    00000004               : clk_data2.o64P (.bss)
                  87e28f28    00000004               : knl_star.o64P (.bss)
                  87e28f2c    00000004               : mem_asm.o64P (.bss)
                  87e28f30    00000004               : pool.o64P (.bss)
                  87e28f34    00000002               : pool_init.o64P (.bss)

.gblinit   0    87e28f38    00000034     
                  87e28f38    00000034     ring_iocfg.obj (.gblinit)

.sts       0    87e28f6c    00000010     
                  87e28f6c    00000010     ring_iocfg.obj (.sts)

.mem       0    87e28f7c    00000004     UNINITIALIZED
                  87e28f7c    00000004     ring_iocfg.obj (.mem)

.trace$buf 
*          0    87e28f80    00000080     UNINITIALIZED
                  87e28f80    00000080     ring_iocfg.obj (.trace$buf)

.hwi_vec   0    87e29000    00000200     
                  87e29000    00000200     ring_iocfg.obj (.hwi_vec)

.trace     0    87e29200    00000200     
                  87e29200    00000200     --HOLE-- [fill = 00000000]

.cio       0    87e29400    00000120     UNINITIALIZED
                  87e29400    00000120     rts64plus.lib : trgmsg.obj (.cio)

.tsk       0    87e29520    00000060     UNINITIALIZED
                  87e29520    00000060     ring_iocfg.obj (.tsk)

.args      0    87e29580    00000050     
                  87e29580    00000050     --HOLE-- [fill = 0]

.log       0    87e295d0    00000030     
                  87e295d0    00000030     ring_iocfg.obj (.log)

.LOG_system$buf 
*          0    87e29600    00000100     UNINITIALIZED
                  87e29600    00000100     ring_iocfg.obj (.LOG_system$buf)

.data      0    87e29700    00000084     UNINITIALIZED
                  87e29700    00000084     dsplink.lib : dsplink.obj (.data:DSPLINK_shmBaseAddress)

.swi       0    87e29784    0000002c     UNINITIALIZED
                  87e29784    0000002c     ring_iocfg.obj (.swi)

.switch    0    87e297b0    00000010     
                  87e297b0    00000010     dsplinkringio.lib : _ringio.obj (.switch:__RingIO_checkNotifier)

.sys       0    87e297c0    00000010     UNINITIALIZED
                  87e297c0    00000010     ring_iocfg.obj (.sys)

.clk       0    87e297d0    00000008     UNINITIALIZED
                  87e297d0    00000008     ring_iocfg.obj (.clk)


GLOBAL SYMBOLS: SORTED ALPHABETICALLY BY Name 

address    name
--------   ----
87e28c00   $bss
87e28c00   .bss
87e29700   .data
87e00080   .text
87e28220   BIOS_init
87e2846c   BIOS_start
00000000   BUF$
00000001   BUF_ENABLED
87e109f8   C$$IO$$
ffffffff   CACHE_L1D
ffffffff   CACHE_L1P
ffffffff   CACHE_L2
00000001   CLK$
87e297d0   CLK_A_TABBEG
00000001   CLK_CALDIV
00000001   CLK_CALMULT
00050910   CLK_COUNTSPMS
00000005   CLK_COUNTSPMSHIGH
87e28d28   CLK_D_idletime
87e28d24   CLK_D_isrhook
87e28d20   CLK_D_tabbeg
87e28d1c   CLK_D_timefxn
00000001   CLK_ENABLEHTIME
87e23780   CLK_F_getltime
87e23790   CLK_F_isr
87e238e0   CLK_F_itime
87e21300   CLK_HOOKFXN
00000001   CLK_HTIMEDIV
00000001   CLK_HTIMEMULT
00050910   CLK_HTIMEPERLTIME
00004b00   CLK_INPUTCLK
00004000   CLK_INTBIT
00000001   CLK_LTIMEDIV
00050910   CLK_LTIMEMULT
000003e8   CLK_MICROSECS
00000001   CLK_POWERENABLE
00004b00   CLK_PRD
00000000   CLK_PRDHIGH
49038000   CLK_REGS
00000000   CLK_RESETTIMER
87e28d18   CLK_R_time
00000020   CLK_TCR
00000000   CLK_TDDR
00000000   CLK_TDDRHIGH
87e25480   CLK_TIMEFXN
00000000   CLK_TIMERNUM
00000005   CLK_TIMMODE
00000001   CLK_USETIMER
87e297d4   CLK_null
87e28f04   DDR2
87e10de0   DDR2$B
00010000   DDR2$L
00000000   DEV$
00000000   DGN$
00000000   DHL$
00000000   DHL_gChannelsAvailable
00000000   DIO$
00000000   DIO_NUMSWIBASE
00000000   DIO_NUMTSKBASE
00000000   DIO_STATIC
00000000   DPI$
ffffffff   DSPLINKMEM
00000000   ECM$
00000000   ECM_ENABLE
ffffffff   ECM_EVTMASK0
ffffffff   ECM_EVTMASK1
ffffffff   ECM_EVTMASK2
ffffffff   ECM_EVTMASK3
0000000a   EVENT10
00000064   EVENT100
00000065   EVENT101
00000066   EVENT102
00000067   EVENT103
00000068   EVENT104
00000069   EVENT105
0000006a   EVENT106
0000006b   EVENT107
0000006c   EVENT108
0000006d   EVENT109
0000000b   EVENT11
0000006e   EVENT110
0000006f   EVENT111
00000070   EVENT112
00000071   EVENT113
00000072   EVENT114
00000073   EVENT115
00000074   EVENT116
00000075   EVENT117
00000076   EVENT118
00000077   EVENT119
0000000c   EVENT12
00000078   EVENT120
00000079   EVENT121
0000007a   EVENT122
0000007b   EVENT123
0000007c   EVENT124
0000007d   EVENT125
0000007e   EVENT126
0000007f   EVENT127
0000000d   EVENT13
0000000e   EVENT14
0000000f   EVENT15
00000010   EVENT16
00000011   EVENT17
00000012   EVENT18
00000013   EVENT19
00000014   EVENT20
00000015   EVENT21
00000016   EVENT22
00000017   EVENT23
00000018   EVENT24
00000019   EVENT25
0000001a   EVENT26
0000001b   EVENT27
0000001c   EVENT28
0000001d   EVENT29
0000001e   EVENT30
0000001f   EVENT31
00000020   EVENT32
00000021   EVENT33
00000022   EVENT34
00000023   EVENT35
00000024   EVENT36
00000025   EVENT37
00000026   EVENT38
00000027   EVENT39
00000004   EVENT4
00000028   EVENT40
00000029   EVENT41
0000002a   EVENT42
0000002b   EVENT43
0000002c   EVENT44
0000002d   EVENT45
0000002e   EVENT46
0000002f   EVENT47
00000030   EVENT48
00000031   EVENT49
00000005   EVENT5
00000032   EVENT50
00000033   EVENT51
00000034   EVENT52
00000035   EVENT53
00000036   EVENT54
00000037   EVENT55
00000038   EVENT56
00000039   EVENT57
0000003a   EVENT58
0000003b   EVENT59
00000006   EVENT6
0000003c   EVENT60
0000003d   EVENT61
0000003e   EVENT62
0000003f   EVENT63
00000040   EVENT64
00000041   EVENT65
00000042   EVENT66
00000043   EVENT67
00000044   EVENT68
00000045   EVENT69
00000007   EVENT7
00000046   EVENT70
00000047   EVENT71
00000048   EVENT72
00000049   EVENT73
0000004a   EVENT74
0000004b   EVENT75
0000004c   EVENT76
0000004d   EVENT77
0000004e   EVENT78
0000004f   EVENT79
00000008   EVENT8
00000050   EVENT80
00000051   EVENT81
00000052   EVENT82
00000053   EVENT83
00000054   EVENT84
00000055   EVENT85
00000056   EVENT86
00000057   EVENT87
00000058   EVENT88
00000059   EVENT89
00000009   EVENT9
0000005a   EVENT90
0000005b   EVENT91
0000005c   EVENT92
0000005d   EVENT93
0000005e   EVENT94
0000005f   EVENT95
00000060   EVENT96
00000061   EVENT97
00000062   EVENT98
00000063   EVENT99
87e24fc0   FXN_F_nop
87e24fc4   FXN_F_run
87e25000   FXN_F_zero
00000001   GBL$
00005205   GBL_A_VERSION
00000000   GBL_BCACHEREADADDR0
00000000   GBL_BCACHEREADADDR1
00000000   GBL_BCACHEREADADDR2
00000000   GBL_BIGENDIAN
00000000   GBL_CACHE
00000000   GBL_CALLCSLCFGINIT
00004e20   GBL_CLKIN
00000d66   GBL_CLKTYPE
00001963   GBL_DSPSUBTYPE
0000003e   GBL_DSPTYPE
00000000   GBL_ENABLEINST
00000000   GBL_ENABLE_SK
00000042   GBL_FOOTPRINT
00050910   GBL_FREQ
00000000   GBL_GEMTRUECOMPEN
00000007   GBL_L1DMODE
00000003   GBL_L1PMODE
00000001   GBL_L2CONFIGURE
00000000   GBL_L2MAR0_31
00000080   GBL_L2MAR128_159
00000000   GBL_L2MAR160_191
00000000   GBL_L2MAR192_223
00000000   GBL_L2MAR224_255
00000000   GBL_L2MAR32_63
00000000   GBL_L2MAR64_95
00000000   GBL_L2MAR96_127
00000001   GBL_L2MODE
00000000   GBL_NULL
00000000   GBL_PROCID
00000000   GBL_ROM
00000000   GBL_SUPPORTCSL
00004000   GBL_TRCMASKVALUE
00000000   GBL_USERINIT
87e25380   GBL_USERINITFXN
00000001   GBL_boot
87e2821c   GBL_initdone
87e254a0   GBL_stackbeg
87e2649f   GBL_stackend
00000000   GIO$
87e25380   GIO_CREATEFXN
87e25380   GIO_DELETEFXN
87e25380   GIO_PENDFXN
87e25380   GIO_POSTFXN
00000000   HOOK$
00000000   HOOK_KNLID
00000000   HST$
87e00080   HST_A_TABBEG
87e00080   HST_A_TABEND
00000000   HST_DSM
87e28f04   HST_DSMBUFSEG
00000400   HST_DSMMEMSIZE
87e28d94   HST_D_chanmask
87e28d98   HST_D_tabbeg
87e28d9c   HST_D_tabend
00000100   HST_MAXFRAMEALLOWED
00000000   HST_MAXFRAMESET
00000001   HST_NONE
00000000   HST_RTDX
00000001   HWI$
87e29000   HWI_A_VECS
00004000   HWI_CFGDISPATCHED
87e28ee0   HWI_D_bss
87e28ee4   HWI_D_ccmask
87e28ed0   HWI_D_spsave
00000001   HWI_ENABLE_EXC
87e21300   HWI_F_dispatch
00000000   HWI_GENERATE_RESET_VEC
0000000a   HWI_INT10
00000000   HWI_INT10$hwi
0000000b   HWI_INT11
00000000   HWI_INT11$hwi
0000000c   HWI_INT12
00000000   HWI_INT12$hwi
0000000d   HWI_INT13
00000000   HWI_INT13$hwi
0000000e   HWI_INT14
00000000   HWI_INT14$hwi
0000000f   HWI_INT15
00000000   HWI_INT15$hwi
00000004   HWI_INT4
00000000   HWI_INT4$hwi
00000005   HWI_INT5
00000000   HWI_INT5$hwi
00000006   HWI_INT6
00000000   HWI_INT6$hwi
00000007   HWI_INT7
00000000   HWI_INT7$hwi
00000008   HWI_INT8
00000000   HWI_INT8$hwi
00000009   HWI_INT9
00000000   HWI_INT9$hwi
07060504   HWI_INTRMUX1
0a0a0908   HWI_INTRMUX2
34330d0b   HWI_INTRMUX3
00000001   HWI_NMI
00000000   HWI_NMI$hwi
00000000   HWI_POLARITYMASK
00000002   HWI_RESERVED0
00000000   HWI_RESERVED0$hwi
00000003   HWI_RESERVED1
00000000   HWI_RESERVED1$hwi
00000000   HWI_RESET
00000000   HWI_RESET$hwi
00000000   HWI_ZEROTAB
00000000   IDL$
87e27aec   IDL_A_CALBEG
87e27154   IDL_A_TABBEG
00000000   IDL_CALIBRERROR
00000000   IDL_CALIBRFXN
87e28d08   IDL_D_calbeg
87e28d04   IDL_D_calibrate
87e28d00   IDL_D_tabbeg
87e27154   IDL_END
87e27aec   IDL_END$
87e253e0   IDL_F_loop
00000000   IDL_USECLKIDLTIME
ffffffff   IRAM
00000001   ISRC$
87e23c38   KNL_glue
87e29784   KNL_swi
00000001   KNL_swi$dorta
00000000   KNL_swi$ord
00000000   KNL_swi$pri
87e28f70   KNL_swi$sts
87e28221   KNL_swi$sts$avgfmt
00000002   KNL_swi$sts$filter
00000001   KNL_swi$sts$filtmaxmult
00000001   KNL_swi$sts$filtsummult
87e28211   KNL_swi$sts$maxfmt
87e28f6c   KNL_swi$sts$stsobj
87e28219   KNL_swi$sts$sumfmt
00000000   KNL_swi$sts$unittype
00000000   KNL_swi$swi
ffffffff   L1DSRAM
00000001   LCK$
00000001   LOG$
87e295d0   LOG_A_TABBEG
87e29600   LOG_A_TABEND
00000002   LOG_A_TABLEN
87e28d0c   LOG_D_system
00000001   LOG_ENABLED
87e24d00   LOG_F_event
87e295d0   LOG_system
87e29600   LOG_system$buf
00000000   LOG_system$datatype
00000000   LOG_system$log
00000040   LOG_system$size
00000000   MBX$
00000001   MEM$
87e28f04   MEM_MALLOCSEG
00000000   MEM_NULL
87e28f04   MEM_SEGZERO
00000000   MEM_USEMPC
00000001   MEM_gNumHeap
00000000   MSGQ$
00000000   MSGQ_USEMSGQ
00000000   OBJ$
00000000   PIP$
87e00080   PIP_A_TABBEG
87e00080   PIP_A_TABEND
00000000   PIP_A_TABLEN
87e28d10   PIP_D_tabbeg
87e28d14   PIP_D_tablen
00000064   PIP_OBJSIZE
00000000   PIP_gNextId
00000000   PIP_gNumEmbed
00000001   POOL$
ffffffff   POOLMEM
00000001   POOL_USEPOOL
00000001   PRD$
87e00080   PRD_A_TABBEG
87e00080   PRD_A_TABEND
00000000   PRD_A_TABLEN
87e28d50   PRD_D_cur
87e28d54   PRD_D_elapsed
87e28d58   PRD_D_prevtim
87e28d5c   PRD_D_scalar
87e28d60   PRD_D_swihandle
87e28d64   PRD_D_tabbeg
87e28d68   PRD_D_tablen
87e28d6c   PRD_D_thook
87e28d4c   PRD_D_tick
87e21ca0   PRD_F_swi
87e21f24   PRD_F_tick
00000001   PRD_SCALAR
00000000   PRD_SWIHANDLE
87e235ac   PRD_THOOKFXN
87e297d0   PRD_clock
00000001   PWRM$
00000000   PWRM_PWRM_CAPSMASK
0000000a   PWRM_PWRM_CLKTICKSPERSLOT
00000000   PWRM_PWRM_ENABLE
00000000   PWRM_PWRM_LOADENABLE
00000001   PWRM_PWRM_NUMSLOTS
00000000   PWRM_PWRM_RESOURCETRACKING
00000000   PWRM_PWRM_SCALING
87e25380   PWRM_PWRM_SHAREDRESOURCEFXN
87e25380   PWRM_PWRM_SLOTHOOKFXN
00000000   PWRM_PWRM_TIMERIDNUM
00000000   PWRM_PWRM_TIMERINTRMASK
00000000   PWRM_PWRM_TIMERWUGENMASK
00000000   PWRM_PWRM_USERRESOURCES
00000000   PWRM_PWRM_USETIMER
00000001   QUE$
ffffffff   RESET_VECTOR
87e28d70   RTA_D_fromHost
87e28d78   RTA_D_logval
87e28d88   RTA_D_stsval
87e28d74   RTA_D_toHost
00000000   RTDX$
00000408   RTDX_BUFMEMSIZE
87e28f04   RTDX_DATAMEMSEG
00000000   RTDX_MODE
00000000   RTDX_USERTDX
00000000   RTDX_USERTEXECUTION
00000000   SEM$
00000000   SIO$
00000000   STS$
87e28f6c   STS_A_TABBEG
87e28f7c   STS_A_TABEND
87e251cc   STS_F_add
87e251a0   STS_F_delta
87e251e8   STS_F_reset
00000001   SWI$
87e29784   SWI_A_TABBEG
87e297b0   SWI_A_TABEND
00000001   SWI_A_TABLEN
87e28de4   SWI_D_curfxn
87e28dd4   SWI_D_curmask
87e28de0   SWI_D_curmbox
87e28dd8   SWI_D_curset
87e28dd0   SWI_D_execaddr
87e28dec   SWI_D_inswi
87e28ddc   SWI_D_lock
87e28de8   SWI_D_rdybeg
87e28df0   SWI_D_rdytab
87e28dcc   SWI_D_runaddr
00000000   SWI_EHOOKFXN
87e219c4   SWI_EXECFXN
87e217e0   SWI_F_enable
87e219c4   SWI_F_exec
87e219ec   SWI_F_iexec
87e21850   SWI_F_post
87e21a6c   SWI_F_run
00000000   SWI_IHOOKFXN
87e21a6c   SWI_RUNFXN
00000001   SYS$
87e297c0   SYS$config
87e25340   SYS_ABORTFXN
87e25440   SYS_ERRORFXN
87e25460   SYS_EXITFXN
87e25260   SYS_PUTCFXN
87e28218   TRC_R_mask
87e28214   TRC_cinit
00000001   TSK$
00000000   TSK_NUM_HOOKS
00000001   TSK_PRIORITY
00000000   TSK_READYFXN
87e28f04   TSK_STACKSEG
00000400   TSK_STACKSIZE
00000000   TSK_SWITCHFXN
87e25380   TSK_VCREATEFXN
87e25380   TSK_VDELETEFXN
87e25380   TSK_VEXITFXN
87e2952c   TSK_idle
00000000   TSK_idle$ord
00000000   TSK_idle$pri
87e28800   TSK_idle$stack
87e28b98   TSK_idle$stkptr
00000000   TSK_idle$tsk
00000000   UDEV$
87e240b4   _BCACHE_bootInit
87e24134   _BCACHE_getMar
87e240e4   _BCACHE_getSize
87e246f0   _BCACHE_inv
87e24e70   _BCACHE_invL1pAll
87e240b4   _BCACHE_setCacheToSram
87e24064   _BCACHE_setMar
87e24020   _BCACHE_setSize
87e24e80   _BCACHE_wait
87e246e0   _BCACHE_wb
87e24e60   _BCACHE_wbAll
87e246cc   _BCACHE_wbInv
87e24e4c   _BCACHE_wbInvAll
87e28220   _BIOS_init
87e2846c   _BIOS_start
87e252ec   _C62_clearIFR
87e252c0   _C62_disableIER
87e23028   _C62_dispatchPlug
87e252d8   _C62_enableIER
87e23020   _C62_plug
87e252ec   _C64_clearIFR
87e252c0   _C64_disableIER
87e23028   _C64_dispatchPlug
87e252d8   _C64_enableIER
87e23020   _C64_plug
ffffffff   _CACHE_L1D
ffffffff   _CACHE_L1P
ffffffff   _CACHE_L2
00050910   _CLK_COUNTSPMS
87e28f14   _CLK_DFLTMICROSECS
87e28d48   _CLK_D_countspms
87e28d3c   _CLK_D_dirty
87e28f18   _CLK_D_microseconds
87e28d40   _CLK_D_prd
87e28d44   _CLK_D_tddr
87e238e0   _CLK_F_itime
00004b00   _CLK_PRD
49038000   _CLK_REGS
00000000   _CLK_TDDR
00000000   _CLK_TIMERNUM
00000001   _CLK_USETIMER
87e25480   _CLK_gethtime
49038000   _CLK_gptimer
87e27ae4   _CLK_gptimer_enablemask
87e28d2c   _CLK_htimeDiv
87e28d30   _CLK_htimeMult
87e28f24   _CLK_htimePerLtime
87e276bc   _CLK_inputClock
87e238e0   _CLK_itime
87e28d34   _CLK_ltimeDiv
87e28d38   _CLK_ltimeMult
87e2418c   _CLK_reconfig
87e22ca4   _CLK_start
87e22c40   _CLK_stop
87e28f04   _DDR2
87e10de0   _DDR2_base
00010000   _DDR2_length
87e279ec   _DSPLINKDATA_ctrlPtr
87e10a00   _DSPLINKDATA_init
87e0f3c0   _DSPLINKIPS_init
ffffffff   _DSPLINKMEM
87e27a94   _DSPLINKMQT_ctrlPtr
87e10a40   _DSPLINKMQT_init
87e27868   _DSPLINKPOOL_ctrlPtr
87e0fe40   _DSPLINKPOOL_init
87e0f300   _DSPLINK_init
87e29700   _DSPLINK_shmBaseAddress
87e29708   _DSPLINK_shmBaseAddress_pad
87e27aa8   _DSPLINK_terminateFxn
87e092c0   _DSPLINK_terminateISR
0000000a   _EVENT10
00000064   _EVENT100
00000065   _EVENT101
00000066   _EVENT102
00000067   _EVENT103
00000068   _EVENT104
00000069   _EVENT105
0000006a   _EVENT106
0000006b   _EVENT107
0000006c   _EVENT108
0000006d   _EVENT109
0000000b   _EVENT11
0000006e   _EVENT110
0000006f   _EVENT111
00000070   _EVENT112
00000071   _EVENT113
00000072   _EVENT114
00000073   _EVENT115
00000074   _EVENT116
00000075   _EVENT117
00000076   _EVENT118
00000077   _EVENT119
0000000c   _EVENT12
00000078   _EVENT120
00000079   _EVENT121
0000007a   _EVENT122
0000007b   _EVENT123
0000007c   _EVENT124
0000007d   _EVENT125
0000007e   _EVENT126
0000007f   _EVENT127
0000000d   _EVENT13
0000000e   _EVENT14
0000000f   _EVENT15
00000010   _EVENT16
00000011   _EVENT17
00000012   _EVENT18
00000013   _EVENT19
00000014   _EVENT20
00000015   _EVENT21
00000016   _EVENT22
00000017   _EVENT23
00000018   _EVENT24
00000019   _EVENT25
0000001a   _EVENT26
0000001b   _EVENT27
0000001c   _EVENT28
0000001d   _EVENT29
0000001e   _EVENT30
0000001f   _EVENT31
00000020   _EVENT32
00000021   _EVENT33
00000022   _EVENT34
00000023   _EVENT35
00000024   _EVENT36
00000025   _EVENT37
00000026   _EVENT38
00000027   _EVENT39
00000004   _EVENT4
00000028   _EVENT40
00000029   _EVENT41
0000002a   _EVENT42
0000002b   _EVENT43
0000002c   _EVENT44
0000002d   _EVENT45
0000002e   _EVENT46
0000002f   _EVENT47
00000030   _EVENT48
00000031   _EVENT49
00000005   _EVENT5
00000032   _EVENT50
00000033   _EVENT51
00000034   _EVENT52
00000035   _EVENT53
00000036   _EVENT54
00000037   _EVENT55
00000038   _EVENT56
00000039   _EVENT57
0000003a   _EVENT58
0000003b   _EVENT59
00000006   _EVENT6
0000003c   _EVENT60
0000003d   _EVENT61
0000003e   _EVENT62
0000003f   _EVENT63
00000040   _EVENT64
00000041   _EVENT65
00000042   _EVENT66
00000043   _EVENT67
00000044   _EVENT68
00000045   _EVENT69
00000007   _EVENT7
00000046   _EVENT70
00000047   _EVENT71
00000048   _EVENT72
00000049   _EVENT73
0000004a   _EVENT74
0000004b   _EVENT75
0000004c   _EVENT76
0000004d   _EVENT77
0000004e   _EVENT78
0000004f   _EVENT79
00000008   _EVENT8
00000050   _EVENT80
00000051   _EVENT81
00000052   _EVENT82
00000053   _EVENT83
00000054   _EVENT84
00000055   _EVENT85
00000056   _EVENT86
00000057   _EVENT87
00000058   _EVENT88
00000059   _EVENT89
00000009   _EVENT9
0000005a   _EVENT90
0000005b   _EVENT91
0000005c   _EVENT92
0000005d   _EVENT93
0000005e   _EVENT94
0000005f   _EVENT95
00000060   _EVENT96
00000061   _EVENT97
00000062   _EVENT98
00000063   _EVENT99
87e212d0   _EXC_clearLastStatus
87e23200   _EXC_dispatch
87e21154   _EXC_exceptionHandler
87e28ee8   _EXC_exceptionHook
87e21120   _EXC_external
87e28ef0   _EXC_externalHook
87e21100   _EXC_getLastStatus
87e210c0   _EXC_init
87e20e14   _EXC_internal
87e28eec   _EXC_internalHook
87e20de0   _EXC_nmi
87e28ef4   _EXC_nmiHook
87e28eb8   _EXC_returnPtr
87e233c4   _EXC_setReturnPtr
87e27a44   _EXC_status
87e28eb0   _EXC_sysTrapTable
87e25380   _FXN_F_nop
87e24fc4   _FXN_F_run
87e25000   _FXN_F_zero
00000000   _GBL_CACHE
87e24304   _GBL_cacheInit64P
87e28da4   _GBL_clkIn
87e28da8   _GBL_freq
87e253a0   _GBL_getVersion
87e28da0   _GBL_procId
87e10ce8   _HAL_exit
87e10cc0   _HAL_init
87e0ed98   _HAL_intClear
87e0ed6c   _HAL_intDisable
87e0ed40   _HAL_intEnable
87e0da64   _HAL_intInit
87e0d940   _HAL_intRegister
87e0ed30   _HAL_intSend
87e0ecc0   _HAL_intWaitClear
87e253c0   _HOOK_setenv
87e0fee0   _HOSTclose
87e0e8c0   _HOSTlseek
87e0edc0   _HOSTopen
87e0eea0   _HOSTread
87e0de60   _HOSTrename
87e0f540   _HOSTunlink
87e0f600   _HOSTwrite
87e00080   _HST_A_TABBEG
87e00080   _HST_A_TABEND
87e27a64   _HWI_ATTRS
00004000   _HWI_CFGDISPATCHED
87e28edc   _HWI_D_inhwi
87e28ed0   _HWI_D_spsave
87e21300   _HWI_F_dispatch
0000000a   _HWI_INT10
0000000b   _HWI_INT11
0000000c   _HWI_INT12
0000000d   _HWI_INT13
0000000e   _HWI_INT14
0000000f   _HWI_INT15
00000004   _HWI_INT4
00000005   _HWI_INT5
00000006   _HWI_INT6
00000007   _HWI_INT7
00000008   _HWI_INT8
00000009   _HWI_INT9
00000001   _HWI_NMI
00000002   _HWI_RESERVED0
00000003   _HWI_RESERVED1
00000000   _HWI_RESET
87e26498   _HWI_STKBOTTOM
87e254a0   _HWI_STKTOP
87e28ed0   _HWI_data
87e25020   _HWI_disable
87e24a80   _HWI_dispatchPlug
87e28c00   _HWI_dispatchTab
87e25038   _HWI_enable
87e24b00   _HWI_eventMap
87e2504c   _HWI_restore
87e253e0   _IDL_loop
87e07e54   _IPS_clearReserved
87e07da0   _IPS_exit
87e07c40   _IPS_init
87e07700   _IPS_isNotReserved
87e07a60   _IPS_notify
87e07720   _IPS_register
87e076d4   _IPS_setReserved
87e07380   _IPS_unregister
ffffffff   _IRAM
87e28e70   _KNL_alarm
87e243c0   _KNL_check
87e28e94   _KNL_curqueue
87e28e84   _KNL_curtask
87e28e8c   _KNL_curtime
87e27760   _KNL_dummy
87e24820   _KNL_enter
87e247e0   _KNL_exit
87e24488   _KNL_idle
87e28eac   _KNL_idlefxn
87e28e78   _KNL_inactive
87e24b80   _KNL_ipost
87e244b0   _KNL_max
87e28e98   _KNL_maxqueue
87e24c00   _KNL_post
87e28e88   _KNL_prevtask
87e28e7c   _KNL_priority
87e276c0   _KNL_queues
87e23da0   _KNL_ready
87e22600   _KNL_run
87e23ae0   _KNL_saveIsrFrame
87e28e80   _KNL_set
87e28e74   _KNL_setpri
87e248a0   _KNL_start
87e29784   _KNL_swi
87e28e90   _KNL_swiptr
87e23b8c   _KNL_switch
87e28ea0   _KNL_tcreatefxn
87e28ea4   _KNL_tdeletefxn
87e235ac   _KNL_tick
87e28ea8   _KNL_treadyfxn
87e28e9c   _KNL_tswitchfxn
87e28e68   _KNL_wFlag
87e28e6c   _KNL_wList
ffffffff   _L1DSRAM
87e25080   _LCK_create
87e24ca0   _LCK_pend
87e24c80   _LCK_post
87e295d0   _LOG_A_TABBEG
87e29600   _LOG_A_TABEND
00000002   _LOG_A_TABLEN
87e28d0c   _LOG_D_system
87e24d00   _LOG_event
87e25400   _LOG_printf
87e295d0   _LOG_system
87e28f2c   _MEM
87e28dac   _MEM_D_NUMSEGMENTS
87e28db4   _MEM_D_freelist
87e28db8   _MEM_D_lockaddr
87e28db0   _MEM_D_memtab
87e28dbc   _MEM_D_unlockaddr
87e22e40   _MEM_alloc
87e22840   _MEM_free
87e286e0   _MEM_init
87e28ef8   _MEM_memtab
87e24f00   _MEM_valloc
87e27ab8   _MPCS_GlobalLock
87e07240   _MPCS_close
87e06c40   _MPCS_create
87e27ab0   _MPCS_csObj
87e27aac   _MPCS_ctrlPtr
87e06780   _MPCS_delete
87e06568   _MPCS_enter
87e09860   _MPCS_exit
87e096ec   _MPCS_init
87e06440   _MPCS_leave
87e063e0   _MPCS_open
87e27abc   _MPLIST_ctrlPtr
87e0d8e0   _MPLIST_exit
87e0d760   _MPLIST_init
87e27ac0   _MPLIST_mpcsObj
87e27ac4   _NOTIFY_ctrlPtr
87e0fd80   _NOTIFY_init
87e0e858   _NOTIFY_notify
87e27ac8   _NOTIFY_numIps
87e0e7f4   _NOTIFY_register
87e0e7a0   _NOTIFY_unregister
87e24d80   _OBJ_create
87e250e0   _OBJ_delete
87e287e0   _OBJ_init
87e27980   _OBJ_segtab
87e27948   _OBJ_table
87e00080   _PIP_A_TABBEG
87e00080   _PIP_A_TABEND
87e28f30   _POOL
ffffffff   _POOLMEM
87e27a28   _POOL_config
87e28500   _POOL_init
87e09230   _POOL_open
87e28d4c   _PRD_D_tick
87e297d0   _PRD_clock
87e25300   _QUE_get
87e25328   _QUE_put
ffffffff   _RESET_VECTOR
87e27a18   _RING_IO_Pools
87e27ad8   _RING_IO_attrBufSize
87e27ad4   _RING_IO_dataBufSize
87e27ada   _RING_IO_footBufSize
87e03008   _RingIO_acquire
87e02dcc   _RingIO_cancel
87e029ac   _RingIO_close
87e01f50   _RingIO_create
87e27acc   _RingIO_ctrlPtr
87e01b40   _RingIO_delete
87e06340   _RingIO_exit
87e01820   _RingIO_flush
87e016c8   _RingIO_getEmptyAttrSize
87e0156c   _RingIO_getEmptySize
87e0140c   _RingIO_getValidAttrSize
87e012b8   _RingIO_getValidSize
87e01080   _RingIO_getvAttribute
87e06198   _RingIO_init
87e27ad0   _RingIO_mpcsObj
87e01048   _RingIO_notifyCallback
87e00c24   _RingIO_open
87e00824   _RingIO_release
87e007e0   _RingIO_sendNotify
87e002a0   _RingIO_setNotifier
87e00080   _RingIO_setvAttribute
87e25140   _SEM_pend
87e22a40   _SEM_pendEnterKnl
87e24700   _SEM_post
87e24700   _SEM_postBinary
87e24940   _SEM_postEnterKnl
87e0f494   _SHMDRV_handshake
87e0f480   _SHMDRV_init
87e281d8   _SMAPOOL_FXNS
87e0abac   _SMAPOOL_alloc
87e0a9f4   _SMAPOOL_free
87e0a9e8   _SMAPOOL_init
87e0a8c0   _SMAPOOL_open
87e28f6c   _STS_A_TABBEG
87e28f7c   _STS_A_TABEND
87e251cc   _STS_add
87e251a0   _STS_delta
87e251e8   _STS_reset
87e25420   _STS_set
87e28de4   _SWI_D_curfxn
87e28dd4   _SWI_D_curmask
87e28dd8   _SWI_D_curset
87e28dd0   _SWI_D_execaddr
87e28dec   _SWI_D_inswi
87e28ddc   _SWI_D_lock
87e28de8   _SWI_D_rdybeg
87e28dcc   _SWI_D_runaddr
87e28dcc   _SWI_data
87e21850   _SWI_post
87e28dc0   _SYS
87e29200   _SYS_PUTCBEG
87e293ff   _SYS_PUTCEND
87e25200   _SYS_abort
87e24f60   _SYS_error
87e249e0   _SYS_exit
87e279f0   _SYS_exitStack
87e28f1c   _SYS_exitStackPtr
87e28f20   _SYS_exitStackTop
87e27a10   _SamplePoolParams
87e28218   _TRC_R_mask
87e28f10   _TSK
87e08900   _TSKRING_IO_create
87e087a4   _TSKRING_IO_delete
87e08090   _TSKRING_IO_execute
87e278e8   _TSK_ATTRS
87e27904   _TSK_config
87e22020   _TSK_create
87e23ee0   _TSK_exit
87e2952c   _TSK_idle
87e28780   _TSK_init
87e28f08   _TSK_nTasks
87e28f0c   _TSK_pid
87e23940   _TSK_setup
87e24584   _TSK_startup
87e27924   _TSK_timerSem
87e25340   _UTL_doAbort
87e25440   _UTL_doError
87e25260   _UTL_doPutc
87e25460   _UTL_halt
87e2747c   __BCACHE_emifAddr
87e27a7c   __BCACHE_readTable
87e29400   __CIOBUF_
87e238fc   __CLK_lat1beg
87e23920   __CLK_lat1end
87e08b20   __DSPLINK_init
87e28dc8   __HOOK_NUMHOOKS
87e28dc4   __HOOK_knlId
87e21300   __HWI_lat1beg
87e21488   __HWI_lat1end
87e21488   __HWI_lat2beg
87e21664   __HWI_lat2end1
87e215f0   __HWI_lat2end2
87e21680   __HWI_lat3beg
87e21620   __HWI_lat3end2
87e2440c   __KNL_lat1beg
87e24488   __KNL_lat1end
87e24d00   __LOG_lat1beg
87e279c4   __MEM_mutex
87e092e0   __MPCS_open
48004000   __PWRM_CM_BASEADDR
5d000000   __PWRM_IVAMMU_BASEADDR
48306000   __PWRM_PRM_BASEADDR
48002000   __PWRM_SCM_BASEADDR
00000000   __PWRM_TIMERBASEADDR
00000020   __PWRM_TIMERINPUTCLK
00000000   __PWRM_TIMERINTRMASK
0000000a   __PWRM_TIMERPERIOD
00000000   __PWRM_USETIMER
87e25300   __QUE_lat1beg
87e25320   __QUE_lat1end
87e25328   __QUE_lat2beg
87e25334   __QUE_lat2end
87e05fa0   __RingIO_callNotifier
87e05eb4   __RingIO_checkNotifier
87e0584c   __RingIO_getContiguousDataSize
87e04860   __RingIO_getFirstAcquiredAttr
87e0352c   __RingIO_getFirstAttr
87e03a90   __RingIO_initInstance
87e04910   __RingIO_invalidateDataBuffer
87e05960   __RingIO_readerAcquire
87e056b4   __RingIO_readerCancel
87e05190   __RingIO_readerFlush
87e04dc4   __RingIO_readerGetvAttribute
87e049d8   __RingIO_readerRelease
87e03624   __RingIO_releaseAttribute
87e04088   __RingIO_updateAttributes
87e04620   __RingIO_writerAcquire
87e04264   __RingIO_writerCancel
87e03b54   __RingIO_writerFlush
87e03710   __RingIO_writerRelease
87e03280   __RingIO_writerSetvAttribute
87e235c0   __SEM_dopost
87e264a0   __STACK_END
00001000   __STACK_SIZE
87e21958   __SWI_lat1beg
87e21a04   __SWI_lat1end
87e21a08   __SWI_lat2beg
87e21a68   __SWI_lat2end
87e217e0   __SWI_lat3beg
87e2184c   __SWI_lat3end
87e2799c   __TSK_mutex
87e27a90   ___TI_enable_exit_profile_output
ffffffff   ___TI_pprof_out_hndl
ffffffff   ___TI_prof_data_size
ffffffff   ___TI_prof_data_start
ffffffff   ___binit__
87e28c00   ___bss__
ffffffff   ___c_args__
87e264a0   ___cinit__
87e29700   ___data__
87e29784   ___edata__
87e28f36   ___end__
87e10de0   ___etext__
87e10a80   ___isinf
ffffffff   ___pinit__
87e00080   ___text__
87e0cf60   __addd
87e23c60   __auto_init
87e0f840   __c6xabi_divu
87e102a0   __c6xabi_remu
87e0f6c0   __cleanup
87e27a88   __cleanup_ptr
87e0ef80   __cmpd
87e27f20   __ctypes_
87e09e40   __divd
87e0b1c0   __divf
87e0ff80   __divli
87e0f840   __divu
87e0dcc0   __divul
87e0c640   __divull
87e0f900   __doflush
87e27a8c   __dtors_ptr
87e10480   __fixdi
87e10160   __fixdli
87e10500   __fixfu
87e10580   __fltlid
87e10b00   __fltuf
87e0d160   __frcaddd
87e0e9c0   __frcmpyd
87e10b40   __frcmpyd_div
87e10880   __frcmpyf
87e10b80   __frcmpyf_div
87e27478   __ft_end
87e27158   __ftable
87e10600   __llshl
87e10bc0   __llshru
87e27adc   __lock
87e0c8a0   __mpyd
87e0d360   __mpyf
87e10c00   __negd
87e10d00   __negll
87e10d20   __nop
87e0ad80   __printfi
87e10d80   __register_lock
87e10da0   __register_unlock
87e10c40   __remli
87e102a0   __remu
87e10680   __renormd
87e254a0   __stack
87e108e0   __subcull
87e10c80   __subd
87e27338   __tmpnams
87e27ae0   __unlock
87e0ebc0   __wrt_ok
87e0f060   _atoi
87e27a98   _attrs
87e28620   _c_int00
87e22598   _calloc
87e0f140   _close
87e0e680   _fclose
87e0e2e0   _fputc
87e0bb00   _fputs
87e22360   _free
87e0f9c0   _fseek
87e0fa80   _lseek
87e0fb40   _ltoa
87e0e1c4   _main
87e22388   _malloc
87e224b8   _memalign
87e10940   _memccpy
87e103e0   _memcpy
87e0f220   _memset
87e10700   _printf
87e0e2e0   _putc
87e10780   _readmsg
87e223ec   _realloc
87e10dc0   _remove
87e0dfe0   _setvbuf
87e295e8   _trace
87e10800   _unlink
87e0fc00   _write
87e109a0   _writemsg
ffffffff   binit
87e264a0   cinit
87e29784   edata
87e28f36   end
87e10de0   etext
87e29000   hwi0
87e29020   hwi1
87e29140   hwi10
87e29160   hwi11
87e29180   hwi12
87e291a0   hwi13
87e291c0   hwi14
87e291e0   hwi15
87e29040   hwi2
87e29060   hwi3
87e29080   hwi4
87e290a0   hwi5
87e290c0   hwi6
87e290e0   hwi7
87e29100   hwi8
87e29120   hwi9
ffffffff   pinit
87e295e8   trace
87e28f80   trace$buf
00000001   trace$datatype
00000000   trace$log
00000020   trace$size


GLOBAL SYMBOLS: SORTED BY Symbol Address 

address    name
--------   ----
00000000   BUF$
00000000   CLK_PRDHIGH
00000000   CLK_RESETTIMER
00000000   CLK_TDDR
00000000   CLK_TDDRHIGH
00000000   CLK_TIMERNUM
00000000   DEV$
00000000   DGN$
00000000   DHL$
00000000   DHL_gChannelsAvailable
00000000   DIO$
00000000   DIO_NUMSWIBASE
00000000   DIO_NUMTSKBASE
00000000   DIO_STATIC
00000000   DPI$
00000000   ECM$
00000000   ECM_ENABLE
00000000   GBL_BCACHEREADADDR0
00000000   GBL_BCACHEREADADDR1
00000000   GBL_BCACHEREADADDR2
00000000   GBL_BIGENDIAN
00000000   GBL_CACHE
00000000   GBL_CALLCSLCFGINIT
00000000   GBL_ENABLEINST
00000000   GBL_ENABLE_SK
00000000   GBL_GEMTRUECOMPEN
00000000   GBL_L2MAR0_31
00000000   GBL_L2MAR160_191
00000000   GBL_L2MAR192_223
00000000   GBL_L2MAR224_255
00000000   GBL_L2MAR32_63
00000000   GBL_L2MAR64_95
00000000   GBL_L2MAR96_127
00000000   GBL_NULL
00000000   GBL_PROCID
00000000   GBL_ROM
00000000   GBL_SUPPORTCSL
00000000   GBL_USERINIT
00000000   GIO$
00000000   HOOK$
00000000   HOOK_KNLID
00000000   HST$
00000000   HST_DSM
00000000   HST_MAXFRAMESET
00000000   HST_RTDX
00000000   HWI_GENERATE_RESET_VEC
00000000   HWI_INT10$hwi
00000000   HWI_INT11$hwi
00000000   HWI_INT12$hwi
00000000   HWI_INT13$hwi
00000000   HWI_INT14$hwi
00000000   HWI_INT15$hwi
00000000   HWI_INT4$hwi
00000000   HWI_INT5$hwi
00000000   HWI_INT6$hwi
00000000   HWI_INT7$hwi
00000000   HWI_INT8$hwi
00000000   HWI_INT9$hwi
00000000   HWI_NMI$hwi
00000000   HWI_POLARITYMASK
00000000   HWI_RESERVED0$hwi
00000000   HWI_RESERVED1$hwi
00000000   HWI_RESET
00000000   HWI_RESET$hwi
00000000   HWI_ZEROTAB
00000000   IDL$
00000000   IDL_CALIBRERROR
00000000   IDL_CALIBRFXN
00000000   IDL_USECLKIDLTIME
00000000   KNL_swi$ord
00000000   KNL_swi$pri
00000000   KNL_swi$sts$unittype
00000000   KNL_swi$swi
00000000   LOG_system$datatype
00000000   LOG_system$log
00000000   MBX$
00000000   MEM_NULL
00000000   MEM_USEMPC
00000000   MSGQ$
00000000   MSGQ_USEMSGQ
00000000   OBJ$
00000000   PIP$
00000000   PIP_A_TABLEN
00000000   PIP_gNextId
00000000   PIP_gNumEmbed
00000000   PRD_A_TABLEN
00000000   PRD_SWIHANDLE
00000000   PWRM_PWRM_CAPSMASK
00000000   PWRM_PWRM_ENABLE
00000000   PWRM_PWRM_LOADENABLE
00000000   PWRM_PWRM_RESOURCETRACKING
00000000   PWRM_PWRM_SCALING
00000000   PWRM_PWRM_TIMERIDNUM
00000000   PWRM_PWRM_TIMERINTRMASK
00000000   PWRM_PWRM_TIMERWUGENMASK
00000000   PWRM_PWRM_USERRESOURCES
00000000   PWRM_PWRM_USETIMER
00000000   RTDX$
00000000   RTDX_MODE
00000000   RTDX_USERTDX
00000000   RTDX_USERTEXECUTION
00000000   SEM$
00000000   SIO$
00000000   STS$
00000000   SWI_EHOOKFXN
00000000   SWI_IHOOKFXN
00000000   TSK_NUM_HOOKS
00000000   TSK_READYFXN
00000000   TSK_SWITCHFXN
00000000   TSK_idle$ord
00000000   TSK_idle$pri
00000000   TSK_idle$tsk
00000000   UDEV$
00000000   _CLK_TDDR
00000000   _CLK_TIMERNUM
00000000   _GBL_CACHE
00000000   _HWI_RESET
00000000   __PWRM_TIMERBASEADDR
00000000   __PWRM_TIMERINTRMASK
00000000   __PWRM_USETIMER
00000000   trace$log
00000001   BUF_ENABLED
00000001   CLK$
00000001   CLK_CALDIV
00000001   CLK_CALMULT
00000001   CLK_ENABLEHTIME
00000001   CLK_HTIMEDIV
00000001   CLK_HTIMEMULT
00000001   CLK_LTIMEDIV
00000001   CLK_POWERENABLE
00000001   CLK_USETIMER
00000001   GBL$
00000001   GBL_L2CONFIGURE
00000001   GBL_L2MODE
00000001   GBL_boot
00000001   HST_NONE
00000001   HWI$
00000001   HWI_ENABLE_EXC
00000001   HWI_NMI
00000001   ISRC$
00000001   KNL_swi$dorta
00000001   KNL_swi$sts$filtmaxmult
00000001   KNL_swi$sts$filtsummult
00000001   LCK$
00000001   LOG$
00000001   LOG_ENABLED
00000001   MEM$
00000001   MEM_gNumHeap
00000001   POOL$
00000001   POOL_USEPOOL
00000001   PRD$
00000001   PRD_SCALAR
00000001   PWRM$
00000001   PWRM_PWRM_NUMSLOTS
00000001   QUE$
00000001   SWI$
00000001   SWI_A_TABLEN
00000001   SYS$
00000001   TSK$
00000001   TSK_PRIORITY
00000001   _CLK_USETIMER
00000001   _HWI_NMI
00000001   trace$datatype
00000002   HWI_RESERVED0
00000002   KNL_swi$sts$filter
00000002   LOG_A_TABLEN
00000002   _HWI_RESERVED0
00000002   _LOG_A_TABLEN
00000003   GBL_L1PMODE
00000003   HWI_RESERVED1
00000003   _HWI_RESERVED1
00000004   EVENT4
00000004   HWI_INT4
00000004   _EVENT4
00000004   _HWI_INT4
00000005   CLK_COUNTSPMSHIGH
00000005   CLK_TIMMODE
00000005   EVENT5
00000005   HWI_INT5
00000005   _EVENT5
00000005   _HWI_INT5
00000006   EVENT6
00000006   HWI_INT6
00000006   _EVENT6
00000006   _HWI_INT6
00000007   EVENT7
00000007   GBL_L1DMODE
00000007   HWI_INT7
00000007   _EVENT7
00000007   _HWI_INT7
00000008   EVENT8
00000008   HWI_INT8
00000008   _EVENT8
00000008   _HWI_INT8
00000009   EVENT9
00000009   HWI_INT9
00000009   _EVENT9
00000009   _HWI_INT9
0000000a   EVENT10
0000000a   HWI_INT10
0000000a   PWRM_PWRM_CLKTICKSPERSLOT
0000000a   _EVENT10
0000000a   _HWI_INT10
0000000a   __PWRM_TIMERPERIOD
0000000b   EVENT11
0000000b   HWI_INT11
0000000b   _EVENT11
0000000b   _HWI_INT11
0000000c   EVENT12
0000000c   HWI_INT12
0000000c   _EVENT12
0000000c   _HWI_INT12
0000000d   EVENT13
0000000d   HWI_INT13
0000000d   _EVENT13
0000000d   _HWI_INT13
0000000e   EVENT14
0000000e   HWI_INT14
0000000e   _EVENT14
0000000e   _HWI_INT14
0000000f   EVENT15
0000000f   HWI_INT15
0000000f   _EVENT15
0000000f   _HWI_INT15
00000010   EVENT16
00000010   _EVENT16
00000011   EVENT17
00000011   _EVENT17
00000012   EVENT18
00000012   _EVENT18
00000013   EVENT19
00000013   _EVENT19
00000014   EVENT20
00000014   _EVENT20
00000015   EVENT21
00000015   _EVENT21
00000016   EVENT22
00000016   _EVENT22
00000017   EVENT23
00000017   _EVENT23
00000018   EVENT24
00000018   _EVENT24
00000019   EVENT25
00000019   _EVENT25
0000001a   EVENT26
0000001a   _EVENT26
0000001b   EVENT27
0000001b   _EVENT27
0000001c   EVENT28
0000001c   _EVENT28
0000001d   EVENT29
0000001d   _EVENT29
0000001e   EVENT30
0000001e   _EVENT30
0000001f   EVENT31
0000001f   _EVENT31
00000020   CLK_TCR
00000020   EVENT32
00000020   _EVENT32
00000020   __PWRM_TIMERINPUTCLK
00000020   trace$size
00000021   EVENT33
00000021   _EVENT33
00000022   EVENT34
00000022   _EVENT34
00000023   EVENT35
00000023   _EVENT35
00000024   EVENT36
00000024   _EVENT36
00000025   EVENT37
00000025   _EVENT37
00000026   EVENT38
00000026   _EVENT38
00000027   EVENT39
00000027   _EVENT39
00000028   EVENT40
00000028   _EVENT40
00000029   EVENT41
00000029   _EVENT41
0000002a   EVENT42
0000002a   _EVENT42
0000002b   EVENT43
0000002b   _EVENT43
0000002c   EVENT44
0000002c   _EVENT44
0000002d   EVENT45
0000002d   _EVENT45
0000002e   EVENT46
0000002e   _EVENT46
0000002f   EVENT47
0000002f   _EVENT47
00000030   EVENT48
00000030   _EVENT48
00000031   EVENT49
00000031   _EVENT49
00000032   EVENT50
00000032   _EVENT50
00000033   EVENT51
00000033   _EVENT51
00000034   EVENT52
00000034   _EVENT52
00000035   EVENT53
00000035   _EVENT53
00000036   EVENT54
00000036   _EVENT54
00000037   EVENT55
00000037   _EVENT55
00000038   EVENT56
00000038   _EVENT56
00000039   EVENT57
00000039   _EVENT57
0000003a   EVENT58
0000003a   _EVENT58
0000003b   EVENT59
0000003b   _EVENT59
0000003c   EVENT60
0000003c   _EVENT60
0000003d   EVENT61
0000003d   _EVENT61
0000003e   EVENT62
0000003e   GBL_DSPTYPE
0000003e   _EVENT62
0000003f   EVENT63
0000003f   _EVENT63
00000040   EVENT64
00000040   LOG_system$size
00000040   _EVENT64
00000041   EVENT65
00000041   _EVENT65
00000042   EVENT66
00000042   GBL_FOOTPRINT
00000042   _EVENT66
00000043   EVENT67
00000043   _EVENT67
00000044   EVENT68
00000044   _EVENT68
00000045   EVENT69
00000045   _EVENT69
00000046   EVENT70
00000046   _EVENT70
00000047   EVENT71
00000047   _EVENT71
00000048   EVENT72
00000048   _EVENT72
00000049   EVENT73
00000049   _EVENT73
0000004a   EVENT74
0000004a   _EVENT74
0000004b   EVENT75
0000004b   _EVENT75
0000004c   EVENT76
0000004c   _EVENT76
0000004d   EVENT77
0000004d   _EVENT77
0000004e   EVENT78
0000004e   _EVENT78
0000004f   EVENT79
0000004f   _EVENT79
00000050   EVENT80
00000050   _EVENT80
00000051   EVENT81
00000051   _EVENT81
00000052   EVENT82
00000052   _EVENT82
00000053   EVENT83
00000053   _EVENT83
00000054   EVENT84
00000054   _EVENT84
00000055   EVENT85
00000055   _EVENT85
00000056   EVENT86
00000056   _EVENT86
00000057   EVENT87
00000057   _EVENT87
00000058   EVENT88
00000058   _EVENT88
00000059   EVENT89
00000059   _EVENT89
0000005a   EVENT90
0000005a   _EVENT90
0000005b   EVENT91
0000005b   _EVENT91
0000005c   EVENT92
0000005c   _EVENT92
0000005d   EVENT93
0000005d   _EVENT93
0000005e   EVENT94
0000005e   _EVENT94
0000005f   EVENT95
0000005f   _EVENT95
00000060   EVENT96
00000060   _EVENT96
00000061   EVENT97
00000061   _EVENT97
00000062   EVENT98
00000062   _EVENT98
00000063   EVENT99
00000063   _EVENT99
00000064   EVENT100
00000064   PIP_OBJSIZE
00000064   _EVENT100
00000065   EVENT101
00000065   _EVENT101
00000066   EVENT102
00000066   _EVENT102
00000067   EVENT103
00000067   _EVENT103
00000068   EVENT104
00000068   _EVENT104
00000069   EVENT105
00000069   _EVENT105
0000006a   EVENT106
0000006a   _EVENT106
0000006b   EVENT107
0000006b   _EVENT107
0000006c   EVENT108
0000006c   _EVENT108
0000006d   EVENT109
0000006d   _EVENT109
0000006e   EVENT110
0000006e   _EVENT110
0000006f   EVENT111
0000006f   _EVENT111
00000070   EVENT112
00000070   _EVENT112
00000071   EVENT113
00000071   _EVENT113
00000072   EVENT114
00000072   _EVENT114
00000073   EVENT115
00000073   _EVENT115
00000074   EVENT116
00000074   _EVENT116
00000075   EVENT117
00000075   _EVENT117
00000076   EVENT118
00000076   _EVENT118
00000077   EVENT119
00000077   _EVENT119
00000078   EVENT120
00000078   _EVENT120
00000079   EVENT121
00000079   _EVENT121
0000007a   EVENT122
0000007a   _EVENT122
0000007b   EVENT123
0000007b   _EVENT123
0000007c   EVENT124
0000007c   _EVENT124
0000007d   EVENT125
0000007d   _EVENT125
0000007e   EVENT126
0000007e   _EVENT126
0000007f   EVENT127
0000007f   _EVENT127
00000080   GBL_L2MAR128_159
00000100   HST_MAXFRAMEALLOWED
000003e8   CLK_MICROSECS
00000400   HST_DSMMEMSIZE
00000400   TSK_STACKSIZE
00000408   RTDX_BUFMEMSIZE
00000d66   GBL_CLKTYPE
00001000   __STACK_SIZE
00001963   GBL_DSPSUBTYPE
00004000   CLK_INTBIT
00004000   GBL_TRCMASKVALUE
00004000   HWI_CFGDISPATCHED
00004000   _HWI_CFGDISPATCHED
00004b00   CLK_INPUTCLK
00004b00   CLK_PRD
00004b00   _CLK_PRD
00004e20   GBL_CLKIN
00005205   GBL_A_VERSION
00010000   DDR2$L
00010000   _DDR2_length
00050910   CLK_COUNTSPMS
00050910   CLK_HTIMEPERLTIME
00050910   CLK_LTIMEMULT
00050910   GBL_FREQ
00050910   _CLK_COUNTSPMS
07060504   HWI_INTRMUX1
0a0a0908   HWI_INTRMUX2
34330d0b   HWI_INTRMUX3
48002000   __PWRM_SCM_BASEADDR
48004000   __PWRM_CM_BASEADDR
48306000   __PWRM_PRM_BASEADDR
49038000   CLK_REGS
49038000   _CLK_REGS
49038000   _CLK_gptimer
5d000000   __PWRM_IVAMMU_BASEADDR
87e00080   .text
87e00080   HST_A_TABBEG
87e00080   HST_A_TABEND
87e00080   PIP_A_TABBEG
87e00080   PIP_A_TABEND
87e00080   PRD_A_TABBEG
87e00080   PRD_A_TABEND
87e00080   _HST_A_TABBEG
87e00080   _HST_A_TABEND
87e00080   _PIP_A_TABBEG
87e00080   _PIP_A_TABEND
87e00080   _RingIO_setvAttribute
87e00080   ___text__
87e002a0   _RingIO_setNotifier
87e007e0   _RingIO_sendNotify
87e00824   _RingIO_release
87e00c24   _RingIO_open
87e01048   _RingIO_notifyCallback
87e01080   _RingIO_getvAttribute
87e012b8   _RingIO_getValidSize
87e0140c   _RingIO_getValidAttrSize
87e0156c   _RingIO_getEmptySize
87e016c8   _RingIO_getEmptyAttrSize
87e01820   _RingIO_flush
87e01b40   _RingIO_delete
87e01f50   _RingIO_create
87e029ac   _RingIO_close
87e02dcc   _RingIO_cancel
87e03008   _RingIO_acquire
87e03280   __RingIO_writerSetvAttribute
87e0352c   __RingIO_getFirstAttr
87e03624   __RingIO_releaseAttribute
87e03710   __RingIO_writerRelease
87e03a90   __RingIO_initInstance
87e03b54   __RingIO_writerFlush
87e04088   __RingIO_updateAttributes
87e04264   __RingIO_writerCancel
87e04620   __RingIO_writerAcquire
87e04860   __RingIO_getFirstAcquiredAttr
87e04910   __RingIO_invalidateDataBuffer
87e049d8   __RingIO_readerRelease
87e04dc4   __RingIO_readerGetvAttribute
87e05190   __RingIO_readerFlush
87e056b4   __RingIO_readerCancel
87e0584c   __RingIO_getContiguousDataSize
87e05960   __RingIO_readerAcquire
87e05eb4   __RingIO_checkNotifier
87e05fa0   __RingIO_callNotifier
87e06198   _RingIO_init
87e06340   _RingIO_exit
87e063e0   _MPCS_open
87e06440   _MPCS_leave
87e06568   _MPCS_enter
87e06780   _MPCS_delete
87e06c40   _MPCS_create
87e07240   _MPCS_close
87e07380   _IPS_unregister
87e076d4   _IPS_setReserved
87e07700   _IPS_isNotReserved
87e07720   _IPS_register
87e07a60   _IPS_notify
87e07c40   _IPS_init
87e07da0   _IPS_exit
87e07e54   _IPS_clearReserved
87e08090   _TSKRING_IO_execute
87e087a4   _TSKRING_IO_delete
87e08900   _TSKRING_IO_create
87e08b20   __DSPLINK_init
87e09230   _POOL_open
87e092c0   _DSPLINK_terminateISR
87e092e0   __MPCS_open
87e096ec   _MPCS_init
87e09860   _MPCS_exit
87e09e40   __divd
87e0a8c0   _SMAPOOL_open
87e0a9e8   _SMAPOOL_init
87e0a9f4   _SMAPOOL_free
87e0abac   _SMAPOOL_alloc
87e0ad80   __printfi
87e0b1c0   __divf
87e0bb00   _fputs
87e0c640   __divull
87e0c8a0   __mpyd
87e0cf60   __addd
87e0d160   __frcaddd
87e0d360   __mpyf
87e0d760   _MPLIST_init
87e0d8e0   _MPLIST_exit
87e0d940   _HAL_intRegister
87e0da64   _HAL_intInit
87e0dcc0   __divul
87e0de60   _HOSTrename
87e0dfe0   _setvbuf
87e0e1c4   _main
87e0e2e0   _fputc
87e0e2e0   _putc
87e0e680   _fclose
87e0e7a0   _NOTIFY_unregister
87e0e7f4   _NOTIFY_register
87e0e858   _NOTIFY_notify
87e0e8c0   _HOSTlseek
87e0e9c0   __frcmpyd
87e0ebc0   __wrt_ok
87e0ecc0   _HAL_intWaitClear
87e0ed30   _HAL_intSend
87e0ed40   _HAL_intEnable
87e0ed6c   _HAL_intDisable
87e0ed98   _HAL_intClear
87e0edc0   _HOSTopen
87e0eea0   _HOSTread
87e0ef80   __cmpd
87e0f060   _atoi
87e0f140   _close
87e0f220   _memset
87e0f300   _DSPLINK_init
87e0f3c0   _DSPLINKIPS_init
87e0f480   _SHMDRV_init
87e0f494   _SHMDRV_handshake
87e0f540   _HOSTunlink
87e0f600   _HOSTwrite
87e0f6c0   __cleanup
87e0f840   __c6xabi_divu
87e0f840   __divu
87e0f900   __doflush
87e0f9c0   _fseek
87e0fa80   _lseek
87e0fb40   _ltoa
87e0fc00   _write
87e0fd80   _NOTIFY_init
87e0fe40   _DSPLINKPOOL_init
87e0fee0   _HOSTclose
87e0ff80   __divli
87e10160   __fixdli
87e102a0   __c6xabi_remu
87e102a0   __remu
87e103e0   _memcpy
87e10480   __fixdi
87e10500   __fixfu
87e10580   __fltlid
87e10600   __llshl
87e10680   __renormd
87e10700   _printf
87e10780   _readmsg
87e10800   _unlink
87e10880   __frcmpyf
87e108e0   __subcull
87e10940   _memccpy
87e109a0   _writemsg
87e109f8   C$$IO$$
87e10a00   _DSPLINKDATA_init
87e10a40   _DSPLINKMQT_init
87e10a80   ___isinf
87e10b00   __fltuf
87e10b40   __frcmpyd_div
87e10b80   __frcmpyf_div
87e10bc0   __llshru
87e10c00   __negd
87e10c40   __remli
87e10c80   __subd
87e10cc0   _HAL_init
87e10ce8   _HAL_exit
87e10d00   __negll
87e10d20   __nop
87e10d80   __register_lock
87e10da0   __register_unlock
87e10dc0   _remove
87e10de0   DDR2$B
87e10de0   _DDR2_base
87e10de0   ___etext__
87e10de0   etext
87e20de0   _EXC_nmi
87e20e14   _EXC_internal
87e210c0   _EXC_init
87e21100   _EXC_getLastStatus
87e21120   _EXC_external
87e21154   _EXC_exceptionHandler
87e212d0   _EXC_clearLastStatus
87e21300   CLK_HOOKFXN
87e21300   HWI_F_dispatch
87e21300   _HWI_F_dispatch
87e21300   __HWI_lat1beg
87e21488   __HWI_lat1end
87e21488   __HWI_lat2beg
87e215f0   __HWI_lat2end2
87e21620   __HWI_lat3end2
87e21664   __HWI_lat2end1
87e21680   __HWI_lat3beg
87e217e0   SWI_F_enable
87e217e0   __SWI_lat3beg
87e2184c   __SWI_lat3end
87e21850   SWI_F_post
87e21850   _SWI_post
87e21958   __SWI_lat1beg
87e219c4   SWI_EXECFXN
87e219c4   SWI_F_exec
87e219ec   SWI_F_iexec
87e21a04   __SWI_lat1end
87e21a08   __SWI_lat2beg
87e21a68   __SWI_lat2end
87e21a6c   SWI_F_run
87e21a6c   SWI_RUNFXN
87e21ca0   PRD_F_swi
87e21f24   PRD_F_tick
87e22020   _TSK_create
87e22360   _free
87e22388   _malloc
87e223ec   _realloc
87e224b8   _memalign
87e22598   _calloc
87e22600   _KNL_run
87e22840   _MEM_free
87e22a40   _SEM_pendEnterKnl
87e22c40   _CLK_stop
87e22ca4   _CLK_start
87e22e40   _MEM_alloc
87e23020   _C62_plug
87e23020   _C64_plug
87e23028   _C62_dispatchPlug
87e23028   _C64_dispatchPlug
87e23200   _EXC_dispatch
87e233c4   _EXC_setReturnPtr
87e235ac   PRD_THOOKFXN
87e235ac   _KNL_tick
87e235c0   __SEM_dopost
87e23780   CLK_F_getltime
87e23790   CLK_F_isr
87e238e0   CLK_F_itime
87e238e0   _CLK_F_itime
87e238e0   _CLK_itime
87e238fc   __CLK_lat1beg
87e23920   __CLK_lat1end
87e23940   _TSK_setup
87e23ae0   _KNL_saveIsrFrame
87e23b8c   _KNL_switch
87e23c38   KNL_glue
87e23c60   __auto_init
87e23da0   _KNL_ready
87e23ee0   _TSK_exit
87e24020   _BCACHE_setSize
87e24064   _BCACHE_setMar
87e240b4   _BCACHE_bootInit
87e240b4   _BCACHE_setCacheToSram
87e240e4   _BCACHE_getSize
87e24134   _BCACHE_getMar
87e2418c   _CLK_reconfig
87e24304   _GBL_cacheInit64P
87e243c0   _KNL_check
87e2440c   __KNL_lat1beg
87e24488   _KNL_idle
87e24488   __KNL_lat1end
87e244b0   _KNL_max
87e24584   _TSK_startup
87e246cc   _BCACHE_wbInv
87e246e0   _BCACHE_wb
87e246f0   _BCACHE_inv
87e24700   _SEM_post
87e24700   _SEM_postBinary
87e247e0   _KNL_exit
87e24820   _KNL_enter
87e248a0   _KNL_start
87e24940   _SEM_postEnterKnl
87e249e0   _SYS_exit
87e24a80   _HWI_dispatchPlug
87e24b00   _HWI_eventMap
87e24b80   _KNL_ipost
87e24c00   _KNL_post
87e24c80   _LCK_post
87e24ca0   _LCK_pend
87e24d00   LOG_F_event
87e24d00   _LOG_event
87e24d00   __LOG_lat1beg
87e24d80   _OBJ_create
87e24e4c   _BCACHE_wbInvAll
87e24e60   _BCACHE_wbAll
87e24e70   _BCACHE_invL1pAll
87e24e80   _BCACHE_wait
87e24f00   _MEM_valloc
87e24f60   _SYS_error
87e24fc0   FXN_F_nop
87e24fc4   FXN_F_run
87e24fc4   _FXN_F_run
87e25000   FXN_F_zero
87e25000   _FXN_F_zero
87e25020   _HWI_disable
87e25038   _HWI_enable
87e2504c   _HWI_restore
87e25080   _LCK_create
87e250e0   _OBJ_delete
87e25140   _SEM_pend
87e251a0   STS_F_delta
87e251a0   _STS_delta
87e251cc   STS_F_add
87e251cc   _STS_add
87e251e8   STS_F_reset
87e251e8   _STS_reset
87e25200   _SYS_abort
87e25260   SYS_PUTCFXN
87e25260   _UTL_doPutc
87e252c0   _C62_disableIER
87e252c0   _C64_disableIER
87e252d8   _C62_enableIER
87e252d8   _C64_enableIER
87e252ec   _C62_clearIFR
87e252ec   _C64_clearIFR
87e25300   _QUE_get
87e25300   __QUE_lat1beg
87e25320   __QUE_lat1end
87e25328   _QUE_put
87e25328   __QUE_lat2beg
87e25334   __QUE_lat2end
87e25340   SYS_ABORTFXN
87e25340   _UTL_doAbort
87e25380   GBL_USERINITFXN
87e25380   GIO_CREATEFXN
87e25380   GIO_DELETEFXN
87e25380   GIO_PENDFXN
87e25380   GIO_POSTFXN
87e25380   PWRM_PWRM_SHAREDRESOURCEFXN
87e25380   PWRM_PWRM_SLOTHOOKFXN
87e25380   TSK_VCREATEFXN
87e25380   TSK_VDELETEFXN
87e25380   TSK_VEXITFXN
87e25380   _FXN_F_nop
87e253a0   _GBL_getVersion
87e253c0   _HOOK_setenv
87e253e0   IDL_F_loop
87e253e0   _IDL_loop
87e25400   _LOG_printf
87e25420   _STS_set
87e25440   SYS_ERRORFXN
87e25440   _UTL_doError
87e25460   SYS_EXITFXN
87e25460   _UTL_halt
87e25480   CLK_TIMEFXN
87e25480   _CLK_gethtime
87e254a0   GBL_stackbeg
87e254a0   _HWI_STKTOP
87e254a0   __stack
87e26498   _HWI_STKBOTTOM
87e2649f   GBL_stackend
87e264a0   __STACK_END
87e264a0   ___cinit__
87e264a0   cinit
87e27154   IDL_A_TABBEG
87e27154   IDL_END
87e27158   __ftable
87e27338   __tmpnams
87e27478   __ft_end
87e2747c   __BCACHE_emifAddr
87e276bc   _CLK_inputClock
87e276c0   _KNL_queues
87e27760   _KNL_dummy
87e27868   _DSPLINKPOOL_ctrlPtr
87e278e8   _TSK_ATTRS
87e27904   _TSK_config
87e27924   _TSK_timerSem
87e27948   _OBJ_table
87e27980   _OBJ_segtab
87e2799c   __TSK_mutex
87e279c4   __MEM_mutex
87e279ec   _DSPLINKDATA_ctrlPtr
87e279f0   _SYS_exitStack
87e27a10   _SamplePoolParams
87e27a18   _RING_IO_Pools
87e27a28   _POOL_config
87e27a44   _EXC_status
87e27a64   _HWI_ATTRS
87e27a7c   __BCACHE_readTable
87e27a88   __cleanup_ptr
87e27a8c   __dtors_ptr
87e27a90   ___TI_enable_exit_profile_output
87e27a94   _DSPLINKMQT_ctrlPtr
87e27a98   _attrs
87e27aa8   _DSPLINK_terminateFxn
87e27aac   _MPCS_ctrlPtr
87e27ab0   _MPCS_csObj
87e27ab8   _MPCS_GlobalLock
87e27abc   _MPLIST_ctrlPtr
87e27ac0   _MPLIST_mpcsObj
87e27ac4   _NOTIFY_ctrlPtr
87e27ac8   _NOTIFY_numIps
87e27acc   _RingIO_ctrlPtr
87e27ad0   _RingIO_mpcsObj
87e27ad4   _RING_IO_dataBufSize
87e27ad8   _RING_IO_attrBufSize
87e27ada   _RING_IO_footBufSize
87e27adc   __lock
87e27ae0   __unlock
87e27ae4   _CLK_gptimer_enablemask
87e27aec   IDL_A_CALBEG
87e27aec   IDL_END$
87e27f20   __ctypes_
87e281d8   _SMAPOOL_FXNS
87e28211   KNL_swi$sts$maxfmt
87e28214   TRC_cinit
87e28218   TRC_R_mask
87e28218   _TRC_R_mask
87e28219   KNL_swi$sts$sumfmt
87e2821c   GBL_initdone
87e28220   BIOS_init
87e28220   _BIOS_init
87e28221   KNL_swi$sts$avgfmt
87e2846c   BIOS_start
87e2846c   _BIOS_start
87e28500   _POOL_init
87e28620   _c_int00
87e286e0   _MEM_init
87e28780   _TSK_init
87e287e0   _OBJ_init
87e28800   TSK_idle$stack
87e28b98   TSK_idle$stkptr
87e28c00   $bss
87e28c00   .bss
87e28c00   _HWI_dispatchTab
87e28c00   ___bss__
87e28d00   IDL_D_tabbeg
87e28d04   IDL_D_calibrate
87e28d08   IDL_D_calbeg
87e28d0c   LOG_D_system
87e28d0c   _LOG_D_system
87e28d10   PIP_D_tabbeg
87e28d14   PIP_D_tablen
87e28d18   CLK_R_time
87e28d1c   CLK_D_timefxn
87e28d20   CLK_D_tabbeg
87e28d24   CLK_D_isrhook
87e28d28   CLK_D_idletime
87e28d2c   _CLK_htimeDiv
87e28d30   _CLK_htimeMult
87e28d34   _CLK_ltimeDiv
87e28d38   _CLK_ltimeMult
87e28d3c   _CLK_D_dirty
87e28d40   _CLK_D_prd
87e28d44   _CLK_D_tddr
87e28d48   _CLK_D_countspms
87e28d4c   PRD_D_tick
87e28d4c   _PRD_D_tick
87e28d50   PRD_D_cur
87e28d54   PRD_D_elapsed
87e28d58   PRD_D_prevtim
87e28d5c   PRD_D_scalar
87e28d60   PRD_D_swihandle
87e28d64   PRD_D_tabbeg
87e28d68   PRD_D_tablen
87e28d6c   PRD_D_thook
87e28d70   RTA_D_fromHost
87e28d74   RTA_D_toHost
87e28d78   RTA_D_logval
87e28d88   RTA_D_stsval
87e28d94   HST_D_chanmask
87e28d98   HST_D_tabbeg
87e28d9c   HST_D_tabend
87e28da0   _GBL_procId
87e28da4   _GBL_clkIn
87e28da8   _GBL_freq
87e28dac   _MEM_D_NUMSEGMENTS
87e28db0   _MEM_D_memtab
87e28db4   _MEM_D_freelist
87e28db8   _MEM_D_lockaddr
87e28dbc   _MEM_D_unlockaddr
87e28dc0   _SYS
87e28dc4   __HOOK_knlId
87e28dc8   __HOOK_NUMHOOKS
87e28dcc   SWI_D_runaddr
87e28dcc   _SWI_D_runaddr
87e28dcc   _SWI_data
87e28dd0   SWI_D_execaddr
87e28dd0   _SWI_D_execaddr
87e28dd4   SWI_D_curmask
87e28dd4   _SWI_D_curmask
87e28dd8   SWI_D_curset
87e28dd8   _SWI_D_curset
87e28ddc   SWI_D_lock
87e28ddc   _SWI_D_lock
87e28de0   SWI_D_curmbox
87e28de4   SWI_D_curfxn
87e28de4   _SWI_D_curfxn
87e28de8   SWI_D_rdybeg
87e28de8   _SWI_D_rdybeg
87e28dec   SWI_D_inswi
87e28dec   _SWI_D_inswi
87e28df0   SWI_D_rdytab
87e28e68   _KNL_wFlag
87e28e6c   _KNL_wList
87e28e70   _KNL_alarm
87e28e74   _KNL_setpri
87e28e78   _KNL_inactive
87e28e7c   _KNL_priority
87e28e80   _KNL_set
87e28e84   _KNL_curtask
87e28e88   _KNL_prevtask
87e28e8c   _KNL_curtime
87e28e90   _KNL_swiptr
87e28e94   _KNL_curqueue
87e28e98   _KNL_maxqueue
87e28e9c   _KNL_tswitchfxn
87e28ea0   _KNL_tcreatefxn
87e28ea4   _KNL_tdeletefxn
87e28ea8   _KNL_treadyfxn
87e28eac   _KNL_idlefxn
87e28eb0   _EXC_sysTrapTable
87e28eb8   _EXC_returnPtr
87e28ed0   HWI_D_spsave
87e28ed0   _HWI_D_spsave
87e28ed0   _HWI_data
87e28edc   _HWI_D_inhwi
87e28ee0   HWI_D_bss
87e28ee4   HWI_D_ccmask
87e28ee8   _EXC_exceptionHook
87e28eec   _EXC_internalHook
87e28ef0   _EXC_externalHook
87e28ef4   _EXC_nmiHook
87e28ef8   _MEM_memtab
87e28f04   DDR2
87e28f04   HST_DSMBUFSEG
87e28f04   MEM_MALLOCSEG
87e28f04   MEM_SEGZERO
87e28f04   RTDX_DATAMEMSEG
87e28f04   TSK_STACKSEG
87e28f04   _DDR2
87e28f08   _TSK_nTasks
87e28f0c   _TSK_pid
87e28f10   _TSK
87e28f14   _CLK_DFLTMICROSECS
87e28f18   _CLK_D_microseconds
87e28f1c   _SYS_exitStackPtr
87e28f20   _SYS_exitStackTop
87e28f24   _CLK_htimePerLtime
87e28f2c   _MEM
87e28f30   _POOL
87e28f36   ___end__
87e28f36   end
87e28f6c   KNL_swi$sts$stsobj
87e28f6c   STS_A_TABBEG
87e28f6c   _STS_A_TABBEG
87e28f70   KNL_swi$sts
87e28f7c   STS_A_TABEND
87e28f7c   _STS_A_TABEND
87e28f80   trace$buf
87e29000   HWI_A_VECS
87e29000   hwi0
87e29020   hwi1
87e29040   hwi2
87e29060   hwi3
87e29080   hwi4
87e290a0   hwi5
87e290c0   hwi6
87e290e0   hwi7
87e29100   hwi8
87e29120   hwi9
87e29140   hwi10
87e29160   hwi11
87e29180   hwi12
87e291a0   hwi13
87e291c0   hwi14
87e291e0   hwi15
87e29200   _SYS_PUTCBEG
87e293ff   _SYS_PUTCEND
87e29400   __CIOBUF_
87e2952c   TSK_idle
87e2952c   _TSK_idle
87e295d0   LOG_A_TABBEG
87e295d0   LOG_system
87e295d0   _LOG_A_TABBEG
87e295d0   _LOG_system
87e295e8   _trace
87e295e8   trace
87e29600   LOG_A_TABEND
87e29600   LOG_system$buf
87e29600   _LOG_A_TABEND
87e29700   .data
87e29700   _DSPLINK_shmBaseAddress
87e29700   ___data__
87e29708   _DSPLINK_shmBaseAddress_pad
87e29784   KNL_swi
87e29784   SWI_A_TABBEG
87e29784   _KNL_swi
87e29784   ___edata__
87e29784   edata
87e297b0   SWI_A_TABEND
87e297c0   SYS$config
87e297d0   CLK_A_TABBEG
87e297d0   PRD_clock
87e297d0   _PRD_clock
87e297d4   CLK_null
ffffffff   CACHE_L1D
ffffffff   CACHE_L1P
ffffffff   CACHE_L2
ffffffff   DSPLINKMEM
ffffffff   ECM_EVTMASK0
ffffffff   ECM_EVTMASK1
ffffffff   ECM_EVTMASK2
ffffffff   ECM_EVTMASK3
ffffffff   IRAM
ffffffff   L1DSRAM
ffffffff   POOLMEM
ffffffff   RESET_VECTOR
ffffffff   _CACHE_L1D
ffffffff   _CACHE_L1P
ffffffff   _CACHE_L2
ffffffff   _DSPLINKMEM
ffffffff   _IRAM
ffffffff   _L1DSRAM
ffffffff   _POOLMEM
ffffffff   _RESET_VECTOR
ffffffff   ___TI_pprof_out_hndl
ffffffff   ___TI_prof_data_size
ffffffff   ___TI_prof_data_start
ffffffff   ___binit__
ffffffff   ___c_args__
ffffffff   ___pinit__
ffffffff   binit
ffffffff   pinit

[1103 symbols]
