******************************************************************************
               TMS320C6x Linker Unix v7.3.23                   
******************************************************************************
>> Linked Tue Jul 28 21:26:35 2020

OUTPUT FILE NAME:   </home/admin/Projects/embedded/ti/dsplink-1_65_02/dsplink/dsp/BUILD/OMAP3530_0/RING_IO/BIN/DEBUG/ringio.out>
ENTRY POINT SYMBOL: "_c_int00"  address: 87e2ed40


MEMORY CONFIGURATION

         name            origin    length      used     unused   attr    fill
----------------------  --------  ---------  --------  --------  ----  --------
  IRAM                  107f8000   00010000  00000000  00010000  RWIX
  CACHE_L2              10808000   00008000  00000000  00008000  RWIX
  CACHE_L1P             10e04000   00004000  00000000  00004000  RWIX
  L1DSRAM               10f04000   00004000  00000000  00004000  RWIX
  CACHE_L1D             10f10000   00008000  00000000  00008000  RWIX
  RESET_VECTOR          87e00000   00000080  00000000  00000080  RWIX
  DDR2                  87e00080   000fff80  0002fe67  000d0119  RWIX
  DSPLINKMEM            87f00000   00030000  00000000  00030000  RWIX
  POOLMEM               87f30000   000d0000  00000000  000d0000  RWIX


SECTION ALLOCATION MAP

 output                                  attributes/
section   page    origin      length       input sections
--------  ----  ----------  ----------   ----------------
.pinit     0    87e00080    00000000     UNINITIALIZED

.vers      0    00000000    0000003c     COPY SECTION
                  00000000    0000003c     ring_iocfg.obj (.vers)

.prd       0    87e00080    00000000     UNINITIALIZED

.hst       0    87e00080    00000000     UNINITIALIZED

.pip       0    87e00080    00000000     UNINITIALIZED

.text      0    87e00080    00017140     
                  87e00080    00004b60     dsplinkringio.lib : _ringio.obj (.text)
                  87e04be0    00004b00                       : ringio.obj (.text)
                  87e096e0    000019c0     dsplink.lib : ips.obj (.text)
                  87e0b0a0    000015c0     dsplinkmpcs.lib : mpcs.obj (.text)
                  87e0c660    00001160     tskRingIo.obj (.text)
                  87e0d7c0    00000a80     dsplink.lib : dsplink.obj (.text)
                  87e0e240    000009a0     dsplinkpool.lib : sma_pool.obj (.text)
                  87e0ebe0    00000940     dsplinkmpcs.lib : _mpcs.obj (.text)
                  87e0f520    00000580     rts64plus.lib : _printfi.obj (.text:__getarg_diouxp)
                  87e0faa0    00000540                   : divd.obj (.text:__divd)
                  87e0ffe0    00000540                   : _printfi.obj (.text:__setfield)
                  87e10520    00000520     dsplinknotify.lib : notify.obj (.text)
                  87e10a40    00000440     rts64plus.lib : _printfi.obj (.text:__printfi)
                  87e10e80    00000340                   : divf.obj (.text:__divf)
                  87e111c0    00000300                   : _printfi.obj (.text:_ecvt)
                  87e114c0    00000300                   : _printfi.obj (.text:_fcvt)
                  87e117c0    00000300                   : fputs.obj (.text:_fputs)
                  87e11ac0    00000300     dsplinkmplist.lib : _mplist.obj (.text)
                  87e11dc0    000002e0     rts64plus.lib : _printfi.obj (.text:__pproc_fge)
                  87e120a0    000002c0                   : _printfi.obj (.text:__pproc_fwp)
                  87e12360    000002a0                   : _printfi.obj (.text:__pconv_e)
                  87e12600    00000260                   : imath64.obj (.text:__divull)
                  87e12860    00000260                   : mpyd.obj (.text:__mpyd)
                  87e12ac0    00000240                   : _printfi.obj (.text:__pproc_diouxp)
                  87e12d00    00000220                   : _printfi.obj (.text:__pproc_str)
                  87e12f20    00000200                   : addd.obj (.text:__addd)
                  87e13120    00000200                   : frcaddd.obj (.text:__frcaddd)
                  87e13320    00000200                   : mpyf.obj (.text:__mpyf)
                  87e13520    00000200                   : _printfi.obj (.text:__pconv_g)
                  87e13720    00000200     main.obj (.text)
                  87e13920    000001c0     dsplink.lib : hal_interrupt.obj (.text:DSPLINK_init)
                  87e13ae0    000001c0     rts64plus.lib : _printfi.obj (.text:__mcpy)
                  87e13ca0    000001a0                   : imath40.obj (.text:__divul)
                  87e13e40    00000180                   : trgdrv.obj (.text:_HOSTrename)
                  87e13fc0    00000180                   : setvbuf.obj (.text:_setvbuf)
                  87e14140    00000180     dsplink.lib : hal_interrupt.obj (.text)
                  87e142c0    00000140                 : dsplinkips.obj (.text:DSPLINK_init)
                  87e14400    00000140                 : shm_drv.obj (.text:DSPLINK_init)
                  87e14540    00000140     rts64plus.lib : fputc.obj (.text:_fputc)
                  87e14680    00000140                   : lowlev.obj (.text:_getdevice)
                  87e147c0    00000140     dsplinknotify.lib : _notify.obj (.text)
                  87e14900    00000120     dsplink.lib : dsplink.obj (.text:DSPLINK_init)
                  87e14a20    00000120     rts64plus.lib : _printfi.obj (.text:__pproc_fflags)
                  87e14b40    00000120                   : fclose.obj (.text:_fclose)
                  87e14c60    00000100                   : trgdrv.obj (.text:_HOSTlseek)
                  87e14d60    00000100                   : frcmpyd.obj (.text:__frcmpyd)
                  87e14e60    00000100                   : _printfi.obj (.text:__ltostr)
                  87e14f60    00000100                   : _io_perm.obj (.text:__wrt_ok)
                  87e15060    000000e0                   : trgdrv.obj (.text:_HOSTopen)
                  87e15140    000000e0                   : trgdrv.obj (.text:_HOSTread)
                  87e15220    000000e0                   : cmpd.obj (.text:__cmpd)
                  87e15300    000000e0                   : atoi.obj (.text:_atoi)
                  87e153e0    000000e0                   : lowlev.obj (.text:_close)
                  87e154c0    000000e0                   : memset.obj (.text:_memset)
                  87e155a0    000000c0     dsplinkpool.lib : dsplinkpool.obj (.text:DSPLINK_init)
                  87e15660    000000c0     rts64plus.lib : trgdrv.obj (.text:_HOSTunlink)
                  87e15720    000000c0                   : trgdrv.obj (.text:_HOSTwrite)
                  87e157e0    000000c0                   : fopen.obj (.text:__cleanup)
                  87e158a0    000000c0                   : _printfi.obj (.text:__div)
                  87e15960    000000c0                   : divu.obj (.text:__divu)
                  87e15a20    000000c0                   : fflush.obj (.text:__doflush)
                  87e15ae0    000000c0                   : fseek.obj (.text:_fseek)
                  87e15ba0    000000c0                   : lowlev.obj (.text:_lseek)
                  87e15c60    000000c0                   : ltoa.obj (.text:_ltoa)
                  87e15d20    000000c0                   : lowlev.obj (.text:_write)
                  87e15de0    000000c0     bios.a64P : tsk_stup.o64P (.text)
                  87e15ea0    000000c0     dsplink.lib : failure.obj (.text)
                  87e15f60    000000a0     dsplinkdata.lib : dsplinkdata.obj (.text:DSPLINK_init)
                  87e16000    000000a0     dsplinkmsg.lib : dsplinkmqt.obj (.text:DSPLINK_init)
                  87e160a0    000000a0     rts64plus.lib : trgdrv.obj (.text:_HOSTclose)
                  87e16140    000000a0                   : imath40.obj (.text:__divli)
                  87e161e0    000000a0                   : _printfi.obj (.text:__ecpy)
                  87e16280    000000a0                   : _printfi.obj (.text:__fcpy)
                  87e16320    000000a0                   : fixdli.obj (.text:__fixdli)
                  87e163c0    000000a0                   : _printfi.obj (.text:__pconv_f)
                  87e16460    000000a0                   : remu.obj (.text:__remu)
                  87e16500    000000a0                   : lowlev.obj (.text:_finddevice)
                  87e165a0    000000a0                   : memcpy64.obj (.text:_memcpy)
                  87e16640    00000080                   : fixdi.obj (.text:__fixdi)
                  87e166c0    00000080                   : fixfu.obj (.text:__fixfu)
                  87e16740    00000080                   : fltlid.obj (.text:__fltlid)
                  87e167c0    00000080                   : llshift.obj (.text:__llshl)
                  87e16840    00000080                   : renormd.obj (.text:__renormd)
                  87e168c0    00000080                   : printf.obj (.text:_printf)
                  87e16940    00000080                   : trgmsg.obj (.text:_readmsg)
                  87e169c0    00000080                   : strncpy.obj (.text:_strncpy)
                  87e16a40    00000080                   : lowlev.obj (.text:_unlink)
                  87e16ac0    00000060                   : frcmpyf.obj (.text:__frcmpyf)
                  87e16b20    00000060                   : imath64.obj (.text:__subcull)
                  87e16b80    00000060                   : memccpy.obj (.text:_memccpy)
                  87e16be0    00000060                   : strcpy.obj (.text:_strcpy)
                  87e16c40    00000060                   : strncmp.obj (.text:_strncmp)
                  87e16ca0    00000060                   : trgmsg.obj (.text:_writemsg)
                  87e16d00    00000060     dsplink.lib : shm_drv.obj (.text)
                  87e16d60    00000040     rts64plus.lib : isinf.obj (.text:___isinf)
                  87e16da0    00000040                   : _printfi.obj (.text:___isnan)
                  87e16de0    00000040                   : fltuf.obj (.text:__fltuf)
                  87e16e20    00000040                   : frcmpyd_div.obj (.text:__frcmpyd_div)
                  87e16e60    00000040                   : frcmpyf_div.obj (.text:__frcmpyf_div)
                  87e16ea0    00000040                   : llshift.obj (.text:__llshru)
                  87e16ee0    00000040                   : negd.obj (.text:__negd)
                  87e16f20    00000040                   : imath40.obj (.text:__remli)
                  87e16f60    00000040                   : subd.obj (.text:__subd)
                  87e16fa0    00000040     dsplink.lib : dsplinkips.obj (.text)
                  87e16fe0    00000040                 : hal.obj (.text)
                  87e17020    00000040     dsplinkdata.lib : dsplinkdata.obj (.text)
                  87e17060    00000040     dsplinkmsg.lib : dsplinkmqt.obj (.text)
                  87e170a0    00000040     dsplinkpool.lib : dsplinkpool.obj (.text)
                  87e170e0    00000020     rts64plus.lib : negll.obj (.text:__negll)
                  87e17100    00000020                   : _lock.obj (.text:__nop)
                  87e17120    00000020                   : printf.obj (.text:__outc)
                  87e17140    00000020                   : printf.obj (.text:__outs)
                  87e17160    00000020                   : _lock.obj (.text:__register_lock)
                  87e17180    00000020                   : _lock.obj (.text:__register_unlock)
                  87e171a0    00000020                   : remove.obj (.text:_remove)

.DDR2$heap 
*          0    87e171c0    00010000     UNINITIALIZED
                  87e171c0    00010000     --HOLE--

.bios      0    87e271c0    000046c0     
                  87e271c0    00000520     bios.a64P : exc.o64P (.bios)
                  87e276e0    000004e0               : hwi_disp_asm.o64P (.bios)
                  87e27bc0    000004c0               : swi.o64P (.bios)
                  87e28080    00000380               : prd.o64P (.bios)
                  87e28400    00000340               : tsk_crea.o64P (.bios)
                  87e28740    000002a0               : malloc.o64P (.bios)
                  87e289e0    00000240               : knl_run.o64P (.bios)
                  87e28c20    00000200               : mem_free.o64P (.bios:.near)
                  87e28e20    00000200               : sem_pend.o64P (.bios)
                  87e29020    00000200     bios3430.a64P : clk2430.o64P (.bios)
                  87e29220    000001e0     bios.a64P : mem_allo.o64P (.bios:.near)
                  87e29400    000001e0               : c62_plug.o64P (.bios)
                  87e295e0    000001e0               : exc_asm.o64P (.bios)
                  87e297c0    000001e0               : knl_tick.o64P (.bios)
                  87e299a0    000001c0               : sem_dopo.o64P (.bios)
                  87e29b60    000001c0     bios3430.a64P : clk.o64P (.bios)
                  87e29d20    000001a0     bios.a64P : tsk_setu.o64P (.bios)
                  87e29ec0    00000180               : knl_swit.o64P (.bios)
                  87e2a040    00000140               : autoinit.o64P (.bios)
                  87e2a180    00000140               : knl_read.o64P (.bios)
                  87e2a2c0    00000140               : tsk_exit.o64P (.bios)
                  87e2a400    00000140     bios3430.a64P : bcache_init.o64P (.bios)
                  87e2a540    00000140                   : clk2430_reconfig.o64P (.bios)
                  87e2a680    00000120     bios.a64P : gbl_cacheinit64P.o64P (.bios)
                  87e2a7a0    00000120               : knl_chec.o64P (.bios)
                  87e2a8c0    00000120               : tsk_stup.o64P (.bios)
                  87e2a9e0    00000100     bios3430.a64P : bcache_block.o64P (.bios)
                  87e2aae0    000000e0     bios.a64P : sem_post_asm.o64P (.bios)
                  87e2abc0    000000c0               : knl_exit.o64P (.bios)
                  87e2ac80    000000a0               : knl_star.o64P (.bios)
                  87e2ad20    000000a0               : sem_post.o64P (.bios)
                  87e2adc0    000000a0               : sys_exit.o64P (.bios)
                  87e2ae60    00000080               : hwi_disp.o64P (.bios)
                  87e2aee0    00000080               : hwi_eventmap64P.o64P (.bios)
                  87e2af60    00000080               : knl_ipos.o64P (.bios)
                  87e2afe0    00000080               : knl_post.o64P (.bios)
                  87e2b060    00000080               : lck.o64P (.bios)
                  87e2b0e0    00000080               : log.o64P (.bios)
                  87e2b160    00000080               : obj_crea.o64P (.bios)
                  87e2b1e0    00000080     bios3430.a64P : bcache_all.o64P (.bios)
                  87e2b260    00000080                   : bcache_wait.o64P (.bios)
                  87e2b2e0    00000060     bios.a64P : mem_vall.o64P (.bios:.near)
                  87e2b340    00000060               : sys_erro.o64P (.bios:.near)
                  87e2b3a0    00000060               : fxn.o64P (.bios)
                  87e2b400    00000060               : hwi_c.o64P (.bios)
                  87e2b460    00000060               : lck_crea.o64P (.bios)
                  87e2b4c0    00000060               : obj_dele.o64P (.bios)
                  87e2b520    00000060               : sem_pend_counting.o64P (.bios)
                  87e2b580    00000060               : sts.o64P (.bios)
                  87e2b5e0    00000060               : sys_abor.o64P (.bios)
                  87e2b640    00000060               : utl_putc.o64P (.bios)
                  87e2b6a0    00000040               : c62_c.o64P (.bios)
                  87e2b6e0    00000040               : que_get.o64P (.bios)
                  87e2b720    00000040               : utl_doab.o64P (.bios)
                  87e2b760    00000020               : fxn_c.o64P (.bios)
                  87e2b780    00000020               : gbl_vers.o64P (.bios)
                  87e2b7a0    00000020               : hook_setenv.o64P (.bios)
                  87e2b7c0    00000020               : idl.o64P (.bios)
                  87e2b7e0    00000020               : log_printf.o64P (.bios)
                  87e2b800    00000020               : sts_set.o64P (.bios)
                  87e2b820    00000020               : utl_doer.o64P (.bios)
                  87e2b840    00000020               : utl_halt.o64P (.bios)
                  87e2b860    00000020     bios3430.a64P : clk2430_gethtime.o64P (.bios)

.stack     0    87e2b880    00001000     UNINITIALIZED
                  87e2b880    00001000     --HOLE--

.cinit     0    87e2c880    00000cc4     
                  87e2c880    0000030c     ring_iocfg.obj (.cinit)
                  87e2cb8c    00000004     --HOLE-- [fill = 0]
                  87e2cb90    0000026c     bios.a64P : biosdata.o64P (.cinit)
                  87e2cdfc    00000004     --HOLE-- [fill = 0]
                  87e2ce00    000001a4               : knl.o64P (.cinit)
                  87e2cfa4    00000004     --HOLE-- [fill = 0]
                  87e2cfa8    000000b0               : swi.o64P (.cinit)
                  87e2d058    00000080               : tsk.o64P (.cinit)
                  87e2d0d8    00000060               : tsk_stup.o64P (.cinit)
                  87e2d138    0000005c     rts64plus.lib : defs.obj (.cinit)
                  87e2d194    00000004     --HOLE-- [fill = 0]
                  87e2d198    0000005c                   : lowlev.obj (.cinit)
                  87e2d1f4    00000004     --HOLE-- [fill = 0]
                  87e2d1f8    0000003c     bios.a64P : exc.o64P (.cinit)
                  87e2d234    00000004     --HOLE-- [fill = 0]
                  87e2d238    00000038     ring_io_config.obj (.cinit)
                  87e2d270    00000034     bios.a64P : hwi.o64P (.cinit)
                  87e2d2a4    00000004     --HOLE-- [fill = 0]
                  87e2d2a8    0000002c               : utl_putc.o64P (.cinit)
                  87e2d2d4    00000004     --HOLE-- [fill = 0]
                  87e2d2d8    0000002c     rts64plus.lib : exit.obj (.cinit)
                  87e2d304    00000004     --HOLE-- [fill = 0]
                  87e2d308    00000028     dsplink.lib : ips.obj (.cinit)
                  87e2d330    00000024     bios.a64P : obj_init.o64P (.cinit)
                  87e2d354    00000004     --HOLE-- [fill = 0]
                  87e2d358    0000001c               : exc_asm.o64P (.cinit)
                  87e2d374    00000004     --HOLE-- [fill = 0]
                  87e2d378    0000001c               : sys.o64P (.cinit)
                  87e2d394    00000004     --HOLE-- [fill = 0]
                  87e2d398    0000001c     dsplink.lib : dsplink.obj (.cinit)
                  87e2d3b4    00000004     --HOLE-- [fill = 0]
                  87e2d3b8    0000001c     dsplinkmpcs.lib : _mpcs.obj (.cinit)
                  87e2d3d4    00000004     --HOLE-- [fill = 0]
                  87e2d3d8    0000001c     dsplinkmplist.lib : _mplist.obj (.cinit)
                  87e2d3f4    00000004     --HOLE-- [fill = 0]
                  87e2d3f8    0000001c     dsplinknotify.lib : _notify.obj (.cinit)
                  87e2d414    00000004     --HOLE-- [fill = 0]
                  87e2d418    0000001c     dsplinkringio.lib : ringio.obj (.cinit)
                  87e2d434    00000004     --HOLE-- [fill = 0]
                  87e2d438    0000001c     rts64plus.lib : _lock.obj (.cinit)
                  87e2d454    00000004     --HOLE-- [fill = 0]
                  87e2d458    00000018     bios.a64P : knl_tick.o64P (.cinit)
                  87e2d470    00000014               : hwi_disp.o64P (.cinit)
                  87e2d484    00000004     --HOLE-- [fill = 0]
                  87e2d488    00000014     bios3430.a64P : bcache_table.o64P (.cinit)
                  87e2d49c    00000004     --HOLE-- [fill = 0]
                  87e2d4a0    0000000c     bios.a64P : knl_star.o64P (.cinit)
                  87e2d4ac    00000004     --HOLE-- [fill = 0]
                  87e2d4b0    0000000c               : knl_swit.o64P (.cinit)
                  87e2d4bc    00000004     --HOLE-- [fill = 0]
                  87e2d4c0    0000000c               : pool.o64P (.cinit)
                  87e2d4cc    00000004     --HOLE-- [fill = 0]
                  87e2d4d0    0000000c     bios3430.a64P : bcache_wait.o64P (.cinit)
                  87e2d4dc    00000004     --HOLE-- [fill = 0]
                  87e2d4e0    0000000c     dsplink.lib : failure.obj (.cinit)
                  87e2d4ec    00000004     --HOLE-- [fill = 0]
                  87e2d4f0    0000000c                 : shm_drv.obj (.cinit)
                  87e2d4fc    00000004     --HOLE-- [fill = 0]
                  87e2d500    0000000c     dsplinkmpcs.lib : mpcs.obj (.cinit)
                  87e2d50c    00000004     --HOLE-- [fill = 0]
                  87e2d510    0000000c     dsplinkmsg.lib : dsplinkmqt.obj (.cinit)
                  87e2d51c    00000004     --HOLE-- [fill = 0]
                  87e2d520    0000000c     rts64plus.lib : fopen.obj (.cinit)
                  87e2d52c    00000004     --HOLE-- [fill = 0]
                  87e2d530    0000000a     bios.a64P : pool_init.o64P (.cinit)
                  87e2d53a    00000006     --HOLE-- [fill = 0]
                  87e2d540    00000004     (.pad.cinit) [fill = 0]

.idl       0    87e2d544    00000004     UNINITIALIZED
                  87e2d544    00000004     ring_iocfg.obj (.idl)

.const     0    87e2d548    00000a11     
                  87e2d548    000002d0     dsplink.lib : dsplink.obj (.const:.string)
                  87e2d818    00000193     bios.a64P : exc.o64P (.const)
                  87e2d9ab    00000004               : mem_allo.o64P (.const)
                  87e2d9af    00000001     --HOLE-- [fill = 0]
                  87e2d9b0    00000101     rts64plus.lib : ctype.obj (.const:.string:__ctypes_)
                  87e2dab1    00000002                   : fputs.obj (.const:.string)
                  87e2dab3    00000001     --HOLE-- [fill = 0]
                  87e2dab4    00000050     dsplinkpool.lib : sma_pool.obj (.const:.string)
                  87e2db04    0000004e     bios.a64P : pool_init.o64P (.const)
                  87e2db52    0000004e               : tsk_stup.o64P (.const)
                  87e2dba0    0000004c     dsplinkringio.lib : _ringio.obj (.const:.string)
                  87e2dbec    00000044     dsplinkmpcs.lib : _mpcs.obj (.const:.string)
                  87e2dc30    00000040                     : mpcs.obj (.const:.string)
                  87e2dc70    00000040     main.obj (.const:.string)
                  87e2dcb0    0000003c     dsplink.lib : shm_drv.obj (.const:.string)
                  87e2dcec    00000038                 : dsplinkips.obj (.const:.string)
                  87e2dd24    00000038                 : ips.obj (.const:.string)
                  87e2dd5c    00000038     dsplinkdata.lib : dsplinkdata.obj (.const:.string)
                  87e2dd94    00000038     dsplinkmsg.lib : dsplinkmqt.obj (.const:.string)
                  87e2ddcc    00000034     dsplinknotify.lib : _notify.obj (.const:.string)
                  87e2de00    00000034                       : notify.obj (.const:.string)
                  87e2de34    00000034     dsplinkringio.lib : ringio.obj (.const:.string)
                  87e2de68    00000028     dsplink.lib : failure.obj (.const:.string)
                  87e2de90    00000023     rts64plus.lib : _printfi.obj (.const:.string)
                  87e2deb3    00000023     bios.a64P : utl_doab.o64P (.const)
                  87e2ded6    00000022               : utl_doer.o64P (.const)
                  87e2def8    0000001c     dsplinkmplist.lib : _mplist.obj (.const:.string)
                  87e2df14    00000010     tskRingIo.obj (.const:.string)
                  87e2df24    00000010     dsplinkpool.lib : sma_pool.obj (.const)
                  87e2df34    00000004     bios.a64P : mem_free.o64P (.const)
                  87e2df38    0000000e     dsplink.lib : dsplink.obj (.const:.string:___FUNCTION__$1)
                  87e2df46    00000002     --HOLE-- [fill = 0]
                  87e2df48    00000008     rts64plus.lib : divd.obj (.const:.string:_initial_approx$1)
                  87e2df50    00000008                   : divf.obj (.const:.string:_initial_approx$1)
                  87e2df58    00000001     bios.a64P : tsk.o64P (.const)

.printf    0    87e2df59    0000001a     COPY SECTION
                  87e2df59    0000001a     ring_iocfg.obj (.printf)

.idlcal    0    87e2df5c    00000004     UNINITIALIZED
                  87e2df5c    00000004     ring_iocfg.obj (.idlcal)

.far       0    87e2df60    000009a4     UNINITIALIZED
                  87e2df60    00000324     rts64plus.lib : defs.obj (.far)
                  87e2e284    00000004     bios3430.a64P : bcache_wait.o64P (.far)
                  87e2e288    00000120     dsplink.lib : ips.obj (.far)
                  87e2e3a8    0000011c     rts64plus.lib : lowlev.obj (.far)
                  87e2e4c4    00000004     bios3430.a64P : clk2430_data.o64P (.far)
                  87e2e4c8    000000d8     bios.a64P : knl.o64P (.far)
                  87e2e5a0    000000d0     rts64plus.lib : trgdrv.obj (.far)
                  87e2e670    00000080     dsplinkpool.lib : dsplinkpool.obj (.far)
                  87e2e6f0    0000005c     bios.a64P : tsk.o64P (.far)
                  87e2e74c    00000004     dsplink.lib : shm_drv.obj (.far)
                  87e2e750    00000054     bios.a64P : obj_init.o64P (.far)
                  87e2e7a4    00000050               : tsk_stup.o64P (.far)
                  87e2e7f4    00000004     dsplinkdata.lib : dsplinkdata.obj (.far)
                  87e2e7f8    00000020     bios.a64P : sys.o64P (.far)
                  87e2e818    00000020     ring_io_config.obj (.far)
                  87e2e838    00000014     dsplink.lib : hal_interrupt.obj (.far)
                  87e2e84c    00000010     bios.a64P : exc.o64P (.far)
                  87e2e85c    00000010               : knl_tick.o64P (.far)
                  87e2e86c    00000010     dsplink.lib : failure.obj (.far)
                  87e2e87c    0000000c     bios.a64P : hwi_disp.o64P (.far)
                  87e2e888    0000000c               : utl_putc.o64P (.far)
                  87e2e894    0000000c     bios3430.a64P : bcache_table.o64P (.far)
                  87e2e8a0    0000000c     rts64plus.lib : exit.obj (.far)
                  87e2e8ac    00000004     dsplinkmsg.lib : dsplinkmqt.obj (.far)
                  87e2e8b0    0000000c     tskRingIo.obj (.far)
                  87e2e8bc    00000008     dsplink.lib : dsplink.obj (.far)
                  87e2e8c4    00000008     dsplinkmpcs.lib : _mpcs.obj (.far)
                  87e2e8cc    00000008                     : mpcs.obj (.far)
                  87e2e8d4    00000008     dsplinkmplist.lib : _mplist.obj (.far)
                  87e2e8dc    00000008     dsplinknotify.lib : _notify.obj (.far)
                  87e2e8e4    00000008     dsplinkringio.lib : ringio.obj (.far)
                  87e2e8ec    00000008     main.obj (.far)
                  87e2e8f4    00000008     rts64plus.lib : _lock.obj (.far)
                  87e2e8fc    00000004     ring_iocfg.obj (.far)
                  87e2e900    00000004     rts64plus.lib : fopen.obj (.far)

.switch    0    87e2e904    00000014     
                  87e2e904    00000014     dsplinkringio.lib : _ringio.obj (.switch:__RingIO_checkNotifier)

.clk       0    87e2e918    00000008     UNINITIALIZED
                  87e2e918    00000008     ring_iocfg.obj (.clk)

.sysinit   0    87e2e920    00000600     
                  87e2e920    00000300     ring_iocfg.obj (.sysinit)
                  87e2ec20    00000120     bios.a64P : pool_init.o64P (.sysinit)
                  87e2ed40    000000c0               : boot.o64P (.sysinit)
                  87e2ee00    000000a0               : mem_init.o64P (.sysinit)
                  87e2eea0    00000060               : tsk_init.o64P (.sysinit)
                  87e2ef00    00000020               : obj_init.o64P (.sysinit)

.TSK_idle$stk 
*          0    87e2ef20    00000400     UNINITIALIZED
                  87e2ef20    00000400     ring_iocfg.obj (.TSK_idle$stk)

.bss       0    87e2f320    00000336     UNINITIALIZED
                  87e2f320    00000100     bios.a64P : hwi_disp_asm.o64P (.bss)
                  87e2f420    000000cc               : biosdata.o64P (.bss)
                  87e2f4ec    0000009c               : swi.o64P (.bss)
                  87e2f588    00000048               : knl.o64P (.bss)
                  87e2f5d0    00000020               : exc_asm.o64P (.bss)
                  87e2f5f0    00000018               : hwi.o64P (.bss)
                  87e2f608    00000010               : exc.o64P (.bss)
                  87e2f618    00000010     ring_iocfg.obj (.bss)
                  87e2f628    0000000c     bios.a64P : tsk.o64P (.bss)
                  87e2f634    00000008               : clk_data.o64P (.bss)
                  87e2f63c    00000008               : sys.o64P (.bss)
                  87e2f644    00000004               : clk_data2.o64P (.bss)
                  87e2f648    00000004               : knl_star.o64P (.bss)
                  87e2f64c    00000004               : mem_asm.o64P (.bss)
                  87e2f650    00000004               : pool.o64P (.bss)
                  87e2f654    00000002               : pool_init.o64P (.bss)

.cio       0    87e2f658    00000120     UNINITIALIZED
                  87e2f658    00000120     rts64plus.lib : trgmsg.obj (.cio)

.mem       0    87e2f778    00000004     UNINITIALIZED
                  87e2f778    00000004     ring_iocfg.obj (.mem)

.trace$buf 
*          0    87e2f780    00000080     UNINITIALIZED
                  87e2f780    00000080     ring_iocfg.obj (.trace$buf)

.hwi_vec   0    87e2f800    00000200     
                  87e2f800    00000200     ring_iocfg.obj (.hwi_vec)

.trace     0    87e2fa00    00000200     
                  87e2fa00    00000200     --HOLE-- [fill = 00000000]

.LOG_system$buf 
*          0    87e2fc00    00000100     UNINITIALIZED
                  87e2fc00    00000100     ring_iocfg.obj (.LOG_system$buf)

.data      0    87e2fd00    00000084     UNINITIALIZED
                  87e2fd00    00000084     dsplink.lib : dsplink.obj (.data:DSPLINK_shmBaseAddress)

.tsk       0    87e2fd84    00000060     UNINITIALIZED
                  87e2fd84    00000060     ring_iocfg.obj (.tsk)

.args      0    87e2fde4    00000050     
                  87e2fde4    00000050     --HOLE-- [fill = 0]

.gblinit   0    87e2fe34    00000034     
                  87e2fe34    00000034     ring_iocfg.obj (.gblinit)

.log       0    87e2fe68    00000030     
                  87e2fe68    00000030     ring_iocfg.obj (.log)

.swi       0    87e2fe98    0000002c     UNINITIALIZED
                  87e2fe98    0000002c     ring_iocfg.obj (.swi)

.sts       0    87e2fec4    00000010     
                  87e2fec4    00000010     ring_iocfg.obj (.sts)

.sys       0    87e2fed4    00000010     UNINITIALIZED
                  87e2fed4    00000010     ring_iocfg.obj (.sys)

.trcdata   0    87e2fee4    0000000c     
                  87e2fee4    0000000c     bios.a64P : trc.o64P (.trcdata)


GLOBAL SYMBOLS: SORTED ALPHABETICALLY BY Name 

address    name
--------   ----
87e2f320   $bss
87e2f320   .bss
87e2fd00   .data
87e00080   .text
87e2e920   BIOS_init
87e2eb88   BIOS_start
00000000   BUF$
00000001   BUF_ENABLED
87e16cf8   C$$IO$$
ffffffff   CACHE_L1D
ffffffff   CACHE_L1P
ffffffff   CACHE_L2
00000001   CLK$
87e2e918   CLK_A_TABBEG
00000001   CLK_CALDIV
00000001   CLK_CALMULT
00050910   CLK_COUNTSPMS
00000005   CLK_COUNTSPMSHIGH
87e2f448   CLK_D_idletime
87e2f444   CLK_D_isrhook
87e2f440   CLK_D_tabbeg
87e2f43c   CLK_D_timefxn
00000001   CLK_ENABLEHTIME
87e29b60   CLK_F_getltime
87e29b70   CLK_F_isr
87e29cc0   CLK_F_itime
87e276e0   CLK_HOOKFXN
00000001   CLK_HTIMEDIV
00000001   CLK_HTIMEMULT
00050910   CLK_HTIMEPERLTIME
00004b00   CLK_INPUTCLK
00004000   CLK_INTBIT
00000001   CLK_LTIMEDIV
00050910   CLK_LTIMEMULT
000003e8   CLK_MICROSECS
00000001   CLK_POWERENABLE
00004b00   CLK_PRD
00000000   CLK_PRDHIGH
49038000   CLK_REGS
00000000   CLK_RESETTIMER
87e2f438   CLK_R_time
00000020   CLK_TCR
00000000   CLK_TDDR
00000000   CLK_TDDRHIGH
87e2b860   CLK_TIMEFXN
00000000   CLK_TIMERNUM
00000005   CLK_TIMMODE
00000001   CLK_USETIMER
87e2e91c   CLK_null
87e2f624   DDR2
87e171c0   DDR2$B
00010000   DDR2$L
00000000   DEV$
00000000   DGN$
00000000   DHL$
00000000   DHL_gChannelsAvailable
00000000   DIO$
00000000   DIO_NUMSWIBASE
00000000   DIO_NUMTSKBASE
00000000   DIO_STATIC
00000000   DPI$
ffffffff   DSPLINKMEM
00000000   ECM$
00000000   ECM_ENABLE
ffffffff   ECM_EVTMASK0
ffffffff   ECM_EVTMASK1
ffffffff   ECM_EVTMASK2
ffffffff   ECM_EVTMASK3
0000000a   EVENT10
00000064   EVENT100
00000065   EVENT101
00000066   EVENT102
00000067   EVENT103
00000068   EVENT104
00000069   EVENT105
0000006a   EVENT106
0000006b   EVENT107
0000006c   EVENT108
0000006d   EVENT109
0000000b   EVENT11
0000006e   EVENT110
0000006f   EVENT111
00000070   EVENT112
00000071   EVENT113
00000072   EVENT114
00000073   EVENT115
00000074   EVENT116
00000075   EVENT117
00000076   EVENT118
00000077   EVENT119
0000000c   EVENT12
00000078   EVENT120
00000079   EVENT121
0000007a   EVENT122
0000007b   EVENT123
0000007c   EVENT124
0000007d   EVENT125
0000007e   EVENT126
0000007f   EVENT127
0000000d   EVENT13
0000000e   EVENT14
0000000f   EVENT15
00000010   EVENT16
00000011   EVENT17
00000012   EVENT18
00000013   EVENT19
00000014   EVENT20
00000015   EVENT21
00000016   EVENT22
00000017   EVENT23
00000018   EVENT24
00000019   EVENT25
0000001a   EVENT26
0000001b   EVENT27
0000001c   EVENT28
0000001d   EVENT29
0000001e   EVENT30
0000001f   EVENT31
00000020   EVENT32
00000021   EVENT33
00000022   EVENT34
00000023   EVENT35
00000024   EVENT36
00000025   EVENT37
00000026   EVENT38
00000027   EVENT39
00000004   EVENT4
00000028   EVENT40
00000029   EVENT41
0000002a   EVENT42
0000002b   EVENT43
0000002c   EVENT44
0000002d   EVENT45
0000002e   EVENT46
0000002f   EVENT47
00000030   EVENT48
00000031   EVENT49
00000005   EVENT5
00000032   EVENT50
00000033   EVENT51
00000034   EVENT52
00000035   EVENT53
00000036   EVENT54
00000037   EVENT55
00000038   EVENT56
00000039   EVENT57
0000003a   EVENT58
0000003b   EVENT59
00000006   EVENT6
0000003c   EVENT60
0000003d   EVENT61
0000003e   EVENT62
0000003f   EVENT63
00000040   EVENT64
00000041   EVENT65
00000042   EVENT66
00000043   EVENT67
00000044   EVENT68
00000045   EVENT69
00000007   EVENT7
00000046   EVENT70
00000047   EVENT71
00000048   EVENT72
00000049   EVENT73
0000004a   EVENT74
0000004b   EVENT75
0000004c   EVENT76
0000004d   EVENT77
0000004e   EVENT78
0000004f   EVENT79
00000008   EVENT8
00000050   EVENT80
00000051   EVENT81
00000052   EVENT82
00000053   EVENT83
00000054   EVENT84
00000055   EVENT85
00000056   EVENT86
00000057   EVENT87
00000058   EVENT88
00000059   EVENT89
00000009   EVENT9
0000005a   EVENT90
0000005b   EVENT91
0000005c   EVENT92
0000005d   EVENT93
0000005e   EVENT94
0000005f   EVENT95
00000060   EVENT96
00000061   EVENT97
00000062   EVENT98
00000063   EVENT99
87e2b3a0   FXN_F_nop
87e2b3a4   FXN_F_run
87e2b3e0   FXN_F_zero
00000001   GBL$
00005205   GBL_A_VERSION
00000000   GBL_BCACHEREADADDR0
00000000   GBL_BCACHEREADADDR1
00000000   GBL_BCACHEREADADDR2
00000000   GBL_BIGENDIAN
00000000   GBL_CACHE
00000000   GBL_CALLCSLCFGINIT
00004e20   GBL_CLKIN
00000d66   GBL_CLKTYPE
00001963   GBL_DSPSUBTYPE
0000003e   GBL_DSPTYPE
00000000   GBL_ENABLEINST
00000000   GBL_ENABLE_SK
00000042   GBL_FOOTPRINT
00050910   GBL_FREQ
00000000   GBL_GEMTRUECOMPEN
00000007   GBL_L1DMODE
00000003   GBL_L1PMODE
00000001   GBL_L2CONFIGURE
00000000   GBL_L2MAR0_31
00000080   GBL_L2MAR128_159
00000000   GBL_L2MAR160_191
00000000   GBL_L2MAR192_223
00000000   GBL_L2MAR224_255
00000000   GBL_L2MAR32_63
00000000   GBL_L2MAR64_95
00000000   GBL_L2MAR96_127
00000001   GBL_L2MODE
00000000   GBL_NULL
00000000   GBL_PROCID
00000000   GBL_ROM
00000000   GBL_SUPPORTCSL
00004000   GBL_TRCMASKVALUE
00000000   GBL_USERINIT
87e2b760   GBL_USERINITFXN
00000001   GBL_boot
87e2feec   GBL_initdone
87e2b880   GBL_stackbeg
87e2c87f   GBL_stackend
00000000   GIO$
87e2b760   GIO_CREATEFXN
87e2b760   GIO_DELETEFXN
87e2b760   GIO_PENDFXN
87e2b760   GIO_POSTFXN
00000000   HOOK$
00000000   HOOK_KNLID
00000000   HST$
87e00080   HST_A_TABBEG
87e00080   HST_A_TABEND
00000000   HST_DSM
87e2f624   HST_DSMBUFSEG
00000400   HST_DSMMEMSIZE
87e2f4b4   HST_D_chanmask
87e2f4b8   HST_D_tabbeg
87e2f4bc   HST_D_tabend
00000100   HST_MAXFRAMEALLOWED
00000000   HST_MAXFRAMESET
00000001   HST_NONE
00000000   HST_RTDX
00000001   HWI$
87e2f800   HWI_A_VECS
00004000   HWI_CFGDISPATCHED
87e2f600   HWI_D_bss
87e2f604   HWI_D_ccmask
87e2f5f0   HWI_D_spsave
00000001   HWI_ENABLE_EXC
87e276e0   HWI_F_dispatch
00000000   HWI_GENERATE_RESET_VEC
0000000a   HWI_INT10
00000000   HWI_INT10$hwi
0000000b   HWI_INT11
00000000   HWI_INT11$hwi
0000000c   HWI_INT12
00000000   HWI_INT12$hwi
0000000d   HWI_INT13
00000000   HWI_INT13$hwi
0000000e   HWI_INT14
00000000   HWI_INT14$hwi
0000000f   HWI_INT15
00000000   HWI_INT15$hwi
00000004   HWI_INT4
00000000   HWI_INT4$hwi
00000005   HWI_INT5
00000000   HWI_INT5$hwi
00000006   HWI_INT6
00000000   HWI_INT6$hwi
00000007   HWI_INT7
00000000   HWI_INT7$hwi
00000008   HWI_INT8
00000000   HWI_INT8$hwi
00000009   HWI_INT9
00000000   HWI_INT9$hwi
07060504   HWI_INTRMUX1
0a0a0908   HWI_INTRMUX2
34330d0b   HWI_INTRMUX3
00000001   HWI_NMI
00000000   HWI_NMI$hwi
00000000   HWI_POLARITYMASK
00000002   HWI_RESERVED0
00000000   HWI_RESERVED0$hwi
00000003   HWI_RESERVED1
00000000   HWI_RESERVED1$hwi
00000000   HWI_RESET
00000000   HWI_RESET$hwi
00000000   HWI_ZEROTAB
00000000   IDL$
87e2df5c   IDL_A_CALBEG
87e2d544   IDL_A_TABBEG
00000000   IDL_CALIBRERROR
00000000   IDL_CALIBRFXN
87e2f428   IDL_D_calbeg
87e2f424   IDL_D_calibrate
87e2f420   IDL_D_tabbeg
87e2d544   IDL_END
87e2df5c   IDL_END$
87e2b7c0   IDL_F_loop
00000000   IDL_USECLKIDLTIME
ffffffff   IRAM
00000001   ISRC$
87e2a018   KNL_glue
87e2fe98   KNL_swi
00000001   KNL_swi$dorta
00000000   KNL_swi$ord
00000000   KNL_swi$pri
87e2fec8   KNL_swi$sts
87e2df69   KNL_swi$sts$avgfmt
00000002   KNL_swi$sts$filter
00000001   KNL_swi$sts$filtmaxmult
00000001   KNL_swi$sts$filtsummult
87e2df59   KNL_swi$sts$maxfmt
87e2fec4   KNL_swi$sts$stsobj
87e2df61   KNL_swi$sts$sumfmt
00000000   KNL_swi$sts$unittype
00000000   KNL_swi$swi
ffffffff   L1DSRAM
00000001   LCK$
00000001   LOG$
87e2fe68   LOG_A_TABBEG
87e2fe98   LOG_A_TABEND
00000002   LOG_A_TABLEN
87e2f42c   LOG_D_system
00000001   LOG_ENABLED
87e2b0e0   LOG_F_event
87e2fe68   LOG_system
87e2fc00   LOG_system$buf
00000000   LOG_system$datatype
00000000   LOG_system$log
00000040   LOG_system$size
00000000   MBX$
00000001   MEM$
87e2f624   MEM_MALLOCSEG
00000000   MEM_NULL
87e2f624   MEM_SEGZERO
00000000   MEM_USEMPC
00000001   MEM_gNumHeap
00000000   MSGQ$
00000000   MSGQ_USEMSGQ
00000000   OBJ$
00000000   PIP$
87e00080   PIP_A_TABBEG
87e00080   PIP_A_TABEND
00000000   PIP_A_TABLEN
87e2f430   PIP_D_tabbeg
87e2f434   PIP_D_tablen
00000064   PIP_OBJSIZE
00000000   PIP_gNextId
00000000   PIP_gNumEmbed
00000001   POOL$
ffffffff   POOLMEM
00000001   POOL_USEPOOL
00000001   PRD$
87e00080   PRD_A_TABBEG
87e00080   PRD_A_TABEND
00000000   PRD_A_TABLEN
87e2f470   PRD_D_cur
87e2f474   PRD_D_elapsed
87e2f478   PRD_D_prevtim
87e2f47c   PRD_D_scalar
87e2f480   PRD_D_swihandle
87e2f484   PRD_D_tabbeg
87e2f488   PRD_D_tablen
87e2f48c   PRD_D_thook
87e2f46c   PRD_D_tick
87e28080   PRD_F_swi
87e28304   PRD_F_tick
00000001   PRD_SCALAR
00000000   PRD_SWIHANDLE
87e2998c   PRD_THOOKFXN
87e2e918   PRD_clock
00000001   PWRM$
00000000   PWRM_PWRM_CAPSMASK
0000000a   PWRM_PWRM_CLKTICKSPERSLOT
00000000   PWRM_PWRM_ENABLE
00000000   PWRM_PWRM_LOADENABLE
00000001   PWRM_PWRM_NUMSLOTS
00000000   PWRM_PWRM_RESOURCETRACKING
00000000   PWRM_PWRM_SCALING
87e2b760   PWRM_PWRM_SHAREDRESOURCEFXN
87e2b760   PWRM_PWRM_SLOTHOOKFXN
00000000   PWRM_PWRM_TIMERIDNUM
00000000   PWRM_PWRM_TIMERINTRMASK
00000000   PWRM_PWRM_TIMERWUGENMASK
00000000   PWRM_PWRM_USERRESOURCES
00000000   PWRM_PWRM_USETIMER
00000001   QUE$
ffffffff   RESET_VECTOR
87e2f490   RTA_D_fromHost
87e2f498   RTA_D_logval
87e2f4a8   RTA_D_stsval
87e2f494   RTA_D_toHost
00000000   RTDX$
00000408   RTDX_BUFMEMSIZE
87e2f624   RTDX_DATAMEMSEG
00000000   RTDX_MODE
00000000   RTDX_USERTDX
00000000   RTDX_USERTEXECUTION
00000000   SEM$
00000000   SIO$
00000000   STS$
87e2fec4   STS_A_TABBEG
87e2fed4   STS_A_TABEND
87e2b5ac   STS_F_add
87e2b580   STS_F_delta
87e2b5c8   STS_F_reset
00000001   SWI$
87e2fe98   SWI_A_TABBEG
87e2fec4   SWI_A_TABEND
00000001   SWI_A_TABLEN
87e2f504   SWI_D_curfxn
87e2f4f4   SWI_D_curmask
87e2f500   SWI_D_curmbox
87e2f4f8   SWI_D_curset
87e2f4f0   SWI_D_execaddr
87e2f50c   SWI_D_inswi
87e2f4fc   SWI_D_lock
87e2f508   SWI_D_rdybeg
87e2f510   SWI_D_rdytab
87e2f4ec   SWI_D_runaddr
00000000   SWI_EHOOKFXN
87e27da4   SWI_EXECFXN
87e27bc0   SWI_F_enable
87e27da4   SWI_F_exec
87e27dcc   SWI_F_iexec
87e27c30   SWI_F_post
87e27e4c   SWI_F_run
00000000   SWI_IHOOKFXN
87e27e4c   SWI_RUNFXN
00000001   SYS$
87e2fed4   SYS$config
87e2b720   SYS_ABORTFXN
87e2b820   SYS_ERRORFXN
87e2b840   SYS_EXITFXN
87e2b640   SYS_PUTCFXN
87e2fee8   TRC_R_mask
87e2fee4   TRC_cinit
00000001   TSK$
00000000   TSK_NUM_HOOKS
00000001   TSK_PRIORITY
00000000   TSK_READYFXN
87e2f624   TSK_STACKSEG
00000400   TSK_STACKSIZE
00000000   TSK_SWITCHFXN
87e2b760   TSK_VCREATEFXN
87e2b760   TSK_VDELETEFXN
87e2b760   TSK_VEXITFXN
87e2fd90   TSK_idle
00000000   TSK_idle$ord
00000000   TSK_idle$pri
87e2ef20   TSK_idle$stack
87e2f2b8   TSK_idle$stkptr
00000000   TSK_idle$tsk
00000000   UDEV$
87e2a494   _BCACHE_bootInit
87e2a514   _BCACHE_getMar
87e2a4c4   _BCACHE_getSize
87e2aad0   _BCACHE_inv
87e2b250   _BCACHE_invL1pAll
87e2a494   _BCACHE_setCacheToSram
87e2a444   _BCACHE_setMar
87e2a400   _BCACHE_setSize
87e2b260   _BCACHE_wait
87e2aac0   _BCACHE_wb
87e2b240   _BCACHE_wbAll
87e2aaac   _BCACHE_wbInv
87e2b22c   _BCACHE_wbInvAll
87e2e920   _BIOS_init
87e2eb88   _BIOS_start
87e2b6cc   _C62_clearIFR
87e2b6a0   _C62_disableIER
87e29408   _C62_dispatchPlug
87e2b6b8   _C62_enableIER
87e29400   _C62_plug
87e2b6cc   _C64_clearIFR
87e2b6a0   _C64_disableIER
87e29408   _C64_dispatchPlug
87e2b6b8   _C64_enableIER
87e29400   _C64_plug
ffffffff   _CACHE_L1D
ffffffff   _CACHE_L1P
ffffffff   _CACHE_L2
00050910   _CLK_COUNTSPMS
87e2f634   _CLK_DFLTMICROSECS
87e2f468   _CLK_D_countspms
87e2f45c   _CLK_D_dirty
87e2f638   _CLK_D_microseconds
87e2f460   _CLK_D_prd
87e2f464   _CLK_D_tddr
87e29cc0   _CLK_F_itime
00004b00   _CLK_PRD
49038000   _CLK_REGS
00000000   _CLK_TDDR
00000000   _CLK_TIMERNUM
00000001   _CLK_USETIMER
87e2b860   _CLK_gethtime
49038000   _CLK_gptimer
87e2e8fc   _CLK_gptimer_enablemask
87e2f44c   _CLK_htimeDiv
87e2f450   _CLK_htimeMult
87e2f644   _CLK_htimePerLtime
87e2e4c4   _CLK_inputClock
87e29cc0   _CLK_itime
87e2f454   _CLK_ltimeDiv
87e2f458   _CLK_ltimeMult
87e2a56c   _CLK_reconfig
87e29084   _CLK_start
87e29020   _CLK_stop
87e2f624   _DDR2
87e171c0   _DDR2_base
00010000   _DDR2_length
87e2e7f4   _DSPLINKDATA_ctrlPtr
87e15f60   _DSPLINKDATA_init
87e142c0   _DSPLINKIPS_init
ffffffff   _DSPLINKMEM
87e2e8ac   _DSPLINKMQT_ctrlPtr
87e16000   _DSPLINKMQT_init
87e2e670   _DSPLINKPOOL_ctrlPtr
87e155a0   _DSPLINKPOOL_init
87e14900   _DSPLINK_init
87e2fd00   _DSPLINK_shmBaseAddress
87e2fd08   _DSPLINK_shmBaseAddress_pad
87e2e8c0   _DSPLINK_terminateFxn
87e0d87c   _DSPLINK_terminateISR
0000000a   _EVENT10
00000064   _EVENT100
00000065   _EVENT101
00000066   _EVENT102
00000067   _EVENT103
00000068   _EVENT104
00000069   _EVENT105
0000006a   _EVENT106
0000006b   _EVENT107
0000006c   _EVENT108
0000006d   _EVENT109
0000000b   _EVENT11
0000006e   _EVENT110
0000006f   _EVENT111
00000070   _EVENT112
00000071   _EVENT113
00000072   _EVENT114
00000073   _EVENT115
00000074   _EVENT116
00000075   _EVENT117
00000076   _EVENT118
00000077   _EVENT119
0000000c   _EVENT12
00000078   _EVENT120
00000079   _EVENT121
0000007a   _EVENT122
0000007b   _EVENT123
0000007c   _EVENT124
0000007d   _EVENT125
0000007e   _EVENT126
0000007f   _EVENT127
0000000d   _EVENT13
0000000e   _EVENT14
0000000f   _EVENT15
00000010   _EVENT16
00000011   _EVENT17
00000012   _EVENT18
00000013   _EVENT19
00000014   _EVENT20
00000015   _EVENT21
00000016   _EVENT22
00000017   _EVENT23
00000018   _EVENT24
00000019   _EVENT25
0000001a   _EVENT26
0000001b   _EVENT27
0000001c   _EVENT28
0000001d   _EVENT29
0000001e   _EVENT30
0000001f   _EVENT31
00000020   _EVENT32
00000021   _EVENT33
00000022   _EVENT34
00000023   _EVENT35
00000024   _EVENT36
00000025   _EVENT37
00000026   _EVENT38
00000027   _EVENT39
00000004   _EVENT4
00000028   _EVENT40
00000029   _EVENT41
0000002a   _EVENT42
0000002b   _EVENT43
0000002c   _EVENT44
0000002d   _EVENT45
0000002e   _EVENT46
0000002f   _EVENT47
00000030   _EVENT48
00000031   _EVENT49
00000005   _EVENT5
00000032   _EVENT50
00000033   _EVENT51
00000034   _EVENT52
00000035   _EVENT53
00000036   _EVENT54
00000037   _EVENT55
00000038   _EVENT56
00000039   _EVENT57
0000003a   _EVENT58
0000003b   _EVENT59
00000006   _EVENT6
0000003c   _EVENT60
0000003d   _EVENT61
0000003e   _EVENT62
0000003f   _EVENT63
00000040   _EVENT64
00000041   _EVENT65
00000042   _EVENT66
00000043   _EVENT67
00000044   _EVENT68
00000045   _EVENT69
00000007   _EVENT7
00000046   _EVENT70
00000047   _EVENT71
00000048   _EVENT72
00000049   _EVENT73
0000004a   _EVENT74
0000004b   _EVENT75
0000004c   _EVENT76
0000004d   _EVENT77
0000004e   _EVENT78
0000004f   _EVENT79
00000008   _EVENT8
00000050   _EVENT80
00000051   _EVENT81
00000052   _EVENT82
00000053   _EVENT83
00000054   _EVENT84
00000055   _EVENT85
00000056   _EVENT86
00000057   _EVENT87
00000058   _EVENT88
00000059   _EVENT89
00000009   _EVENT9
0000005a   _EVENT90
0000005b   _EVENT91
0000005c   _EVENT92
0000005d   _EVENT93
0000005e   _EVENT94
0000005f   _EVENT95
00000060   _EVENT96
00000061   _EVENT97
00000062   _EVENT98
00000063   _EVENT99
87e276b0   _EXC_clearLastStatus
87e295e0   _EXC_dispatch
87e27534   _EXC_exceptionHandler
87e2f608   _EXC_exceptionHook
87e27500   _EXC_external
87e2f610   _EXC_externalHook
87e274e0   _EXC_getLastStatus
87e274a0   _EXC_init
87e271f4   _EXC_internal
87e2f60c   _EXC_internalHook
87e271c0   _EXC_nmi
87e2f614   _EXC_nmiHook
87e2f5d8   _EXC_returnPtr
87e297a4   _EXC_setReturnPtr
87e2e84c   _EXC_status
87e2f5d0   _EXC_sysTrapTable
87e2e878   _FAIL_Code
87e2e870   _FAIL_File
87e2e874   _FAIL_Line
87e2e86c   _FAIL_Set
87e2b760   _FXN_F_nop
87e2b3a4   _FXN_F_run
87e2b3e0   _FXN_F_zero
00000000   _GBL_CACHE
87e2a6e4   _GBL_cacheInit64P
87e2f4c4   _GBL_clkIn
87e2f4c8   _GBL_freq
87e2b780   _GBL_getVersion
87e2f4c0   _GBL_procId
87e17014   _HAL_exit
87e16fe0   _HAL_init
87e14230   _HAL_intClear
87e14188   _HAL_intDisable
87e14140   _HAL_intEnable
87e13920   _HAL_intInit
87e13998   _HAL_intRegister
87e14210   _HAL_intSend
87e141d0   _HAL_intWaitClear
87e2b7a0   _HOOK_setenv
87e160a0   _HOSTclose
87e14c60   _HOSTlseek
87e15060   _HOSTopen
87e15140   _HOSTread
87e13e40   _HOSTrename
87e15660   _HOSTunlink
87e15720   _HOSTwrite
87e00080   _HST_A_TABBEG
87e00080   _HST_A_TABEND
87e2e87c   _HWI_ATTRS
00004000   _HWI_CFGDISPATCHED
87e2f5fc   _HWI_D_inhwi
87e2f5f0   _HWI_D_spsave
87e276e0   _HWI_F_dispatch
0000000a   _HWI_INT10
0000000b   _HWI_INT11
0000000c   _HWI_INT12
0000000d   _HWI_INT13
0000000e   _HWI_INT14
0000000f   _HWI_INT15
00000004   _HWI_INT4
00000005   _HWI_INT5
00000006   _HWI_INT6
00000007   _HWI_INT7
00000008   _HWI_INT8
00000009   _HWI_INT9
00000001   _HWI_NMI
00000002   _HWI_RESERVED0
00000003   _HWI_RESERVED1
00000000   _HWI_RESET
87e2c878   _HWI_STKBOTTOM
87e2b880   _HWI_STKTOP
87e2f5f0   _HWI_data
87e2b400   _HWI_disable
87e2ae60   _HWI_dispatchPlug
87e2f320   _HWI_dispatchTab
87e2b418   _HWI_enable
87e2aee0   _HWI_eventMap
87e2b42c   _HWI_restore
87e2b7c0   _IDL_loop
87e0af70   _IPS_clearReserved
87e09a6c   _IPS_exit
87e0979c   _IPS_init
87e0b010   _IPS_isNotReserved
87e0a69c   _IPS_notify
87e09be4   _IPS_register
87e0aed0   _IPS_setReserved
87e0a160   _IPS_unregister
ffffffff   _IRAM
87e2f590   _KNL_alarm
87e2a7a0   _KNL_check
87e2f5b4   _KNL_curqueue
87e2f5a4   _KNL_curtask
87e2f5ac   _KNL_curtime
87e2e568   _KNL_dummy
87e2ac00   _KNL_enter
87e2abc0   _KNL_exit
87e2a868   _KNL_idle
87e2f5cc   _KNL_idlefxn
87e2f598   _KNL_inactive
87e2af60   _KNL_ipost
87e2a890   _KNL_max
87e2f5b8   _KNL_maxqueue
87e2afe0   _KNL_post
87e2f5a8   _KNL_prevtask
87e2f59c   _KNL_priority
87e2e4c8   _KNL_queues
87e2a180   _KNL_ready
87e289e0   _KNL_run
87e29ec0   _KNL_saveIsrFrame
87e2f5a0   _KNL_set
87e2f594   _KNL_setpri
87e2ac80   _KNL_start
87e2fe98   _KNL_swi
87e2f5b0   _KNL_swiptr
87e29f6c   _KNL_switch
87e2f5c0   _KNL_tcreatefxn
87e2f5c4   _KNL_tdeletefxn
87e2998c   _KNL_tick
87e2f5c8   _KNL_treadyfxn
87e2f5bc   _KNL_tswitchfxn
87e2f588   _KNL_wFlag
87e2f58c   _KNL_wList
ffffffff   _L1DSRAM
87e2b460   _LCK_create
87e2b080   _LCK_pend
87e2b060   _LCK_post
87e2fe68   _LOG_A_TABBEG
87e2fe98   _LOG_A_TABEND
00000002   _LOG_A_TABLEN
87e2f42c   _LOG_D_system
87e2b0e0   _LOG_event
87e2b7e0   _LOG_printf
87e2fe68   _LOG_system
87e2f64c   _MEM
87e2f4cc   _MEM_D_NUMSEGMENTS
87e2f4d4   _MEM_D_freelist
87e2f4d8   _MEM_D_lockaddr
87e2f4d0   _MEM_D_memtab
87e2f4dc   _MEM_D_unlockaddr
87e29220   _MEM_alloc
87e28c20   _MEM_free
87e2ee00   _MEM_init
87e2f618   _MEM_memtab
87e2b2e0   _MEM_valloc
87e2e8d0   _MPCS_GlobalLock
87e0c050   _MPCS_close
87e0b10c   _MPCS_create
87e2e8c8   _MPCS_csObj
87e2e8c4   _MPCS_ctrlPtr
87e0b8f0   _MPCS_delete
87e0c20c   _MPCS_enter
87e0ee30   _MPCS_exit
87e0ec4c   _MPCS_init
87e0c49c   _MPCS_leave
87e0beec   _MPCS_open
87e2e8d4   _MPLIST_ctrlPtr
87e11d18   _MPLIST_exit
87e11b2c   _MPLIST_init
87e2e8d8   _MPLIST_mpcsObj
87e2e8dc   _NOTIFY_ctrlPtr
87e147ec   _NOTIFY_init
87e10904   _NOTIFY_notify
87e2e8e0   _NOTIFY_numIps
87e10520   _NOTIFY_register
87e106dc   _NOTIFY_unregister
87e2b160   _OBJ_create
87e2b4c0   _OBJ_delete
87e2ef00   _OBJ_init
87e2e788   _OBJ_segtab
87e2e750   _OBJ_table
87e00080   _PIP_A_TABBEG
87e00080   _PIP_A_TABEND
87e2f650   _POOL
ffffffff   _POOLMEM
87e2e830   _POOL_config
87e2ec20   _POOL_init
87e0e154   _POOL_open
87e2f46c   _PRD_D_tick
87e2e918   _PRD_clock
87e2b6e0   _QUE_get
87e2b708   _QUE_put
ffffffff   _RESET_VECTOR
87e2e820   _RING_IO_Pools
87e2e8f0   _RING_IO_attrBufSize
87e2e8ec   _RING_IO_dataBufSize
87e2e8f2   _RING_IO_footBufSize
87e070b4   _RingIO_acquire
87e077e4   _RingIO_cancel
87e06b28   _RingIO_close
87e04dc4   _RingIO_create
87e2e8e4   _RingIO_ctrlPtr
87e05d94   _RingIO_delete
87e004a0   _RingIO_exit
87e08058   _RingIO_flush
87e094c4   _RingIO_getEmptyAttrSize
87e09084   _RingIO_getEmptySize
87e09290   _RingIO_getValidAttrSize
87e08e78   _RingIO_getValidSize
87e07a80   _RingIO_getvAttribute
87e002a8   _RingIO_init
87e2e8e8   _RingIO_mpcsObj
87e08d20   _RingIO_notifyCallback
87e065a4   _RingIO_open
87e07414   _RingIO_release
87e08db0   _RingIO_sendNotify
87e0849c   _RingIO_setNotifier
87e07db0   _RingIO_setvAttribute
87e2b520   _SEM_pend
87e28e20   _SEM_pendEnterKnl
87e2aae0   _SEM_post
87e2aae0   _SEM_postBinary
87e2ad20   _SEM_postEnterKnl
87e14468   _SHMDRV_handshake
87e14400   _SHMDRV_init
87e2df24   _SMAPOOL_FXNS
87e0e474   _SMAPOOL_alloc
87e0e860   _SMAPOOL_free
87e0e2c4   _SMAPOOL_init
87e0e2e4   _SMAPOOL_open
87e2fec4   _STS_A_TABBEG
87e2fed4   _STS_A_TABEND
87e2b5ac   _STS_add
87e2b580   _STS_delta
87e2b5c8   _STS_reset
87e2b800   _STS_set
87e2f504   _SWI_D_curfxn
87e2f4f4   _SWI_D_curmask
87e2f4f8   _SWI_D_curset
87e2f4f0   _SWI_D_execaddr
87e2f50c   _SWI_D_inswi
87e2f4fc   _SWI_D_lock
87e2f508   _SWI_D_rdybeg
87e2f4ec   _SWI_D_runaddr
87e2f4ec   _SWI_data
87e27c30   _SWI_post
87e2f4e0   _SYS
87e2fa00   _SYS_PUTCBEG
87e2fbff   _SYS_PUTCEND
87e2b5e0   _SYS_abort
87e2b340   _SYS_error
87e2adc0   _SYS_exit
87e2e7f8   _SYS_exitStack
87e2f63c   _SYS_exitStackPtr
87e2f640   _SYS_exitStackTop
87e2e818   _SamplePoolParams
87e15ea0   _SetReason
87e2fee8   _TRC_R_mask
87e2f630   _TSK
87e0c750   _TSKRING_IO_create
87e0d378   _TSKRING_IO_delete
87e0ca18   _TSKRING_IO_execute
87e2e6f0   _TSK_ATTRS
87e2e70c   _TSK_config
87e28400   _TSK_create
87e2a2c0   _TSK_exit
87e2fd90   _TSK_idle
87e2eea0   _TSK_init
87e2f628   _TSK_nTasks
87e2f62c   _TSK_pid
87e29d20   _TSK_setup
87e2a964   _TSK_startup
87e2e72c   _TSK_timerSem
87e2b720   _UTL_doAbort
87e2b820   _UTL_doError
87e2b640   _UTL_doPutc
87e2b840   _UTL_halt
87e2e284   __BCACHE_emifAddr
87e2e894   __BCACHE_readTable
87e2f658   __CIOBUF_
87e29cdc   __CLK_lat1beg
87e29d00   __CLK_lat1end
87e0d8bc   __DSPLINK_init
87e2f4e8   __HOOK_NUMHOOKS
87e2f4e4   __HOOK_knlId
87e276e0   __HWI_lat1beg
87e27868   __HWI_lat1end
87e27868   __HWI_lat2beg
87e27a44   __HWI_lat2end1
87e279d0   __HWI_lat2end2
87e27a60   __HWI_lat3beg
87e27a00   __HWI_lat3end2
87e2a7ec   __KNL_lat1beg
87e2a868   __KNL_lat1end
87e2b0e0   __LOG_lat1beg
87e2e7cc   __MEM_mutex
87e0eec0   __MPCS_open
48004000   __PWRM_CM_BASEADDR
5d000000   __PWRM_IVAMMU_BASEADDR
48306000   __PWRM_PRM_BASEADDR
48002000   __PWRM_SCM_BASEADDR
00000000   __PWRM_TIMERBASEADDR
00000020   __PWRM_TIMERINPUTCLK
00000000   __PWRM_TIMERINTRMASK
0000000a   __PWRM_TIMERPERIOD
00000000   __PWRM_USETIMER
87e2b6e0   __QUE_lat1beg
87e2b700   __QUE_lat1end
87e2b708   __QUE_lat2beg
87e2b714   __QUE_lat2end
87e03828   __RingIO_callNotifier
87e03b10   __RingIO_checkNotifier
87e04458   __RingIO_getContiguousDataSize
87e03ee8   __RingIO_getFirstAcquiredAttr
87e04048   __RingIO_getFirstAttr
87e03d1c   __RingIO_initInstance
87e04a1c   __RingIO_invalidateDataBuffer
87e00ab0   __RingIO_readerAcquire
87e0365c   __RingIO_readerCancel
87e029a0   __RingIO_readerFlush
87e01ce8   __RingIO_readerGetvAttribute
87e01430   __RingIO_readerRelease
87e04204   __RingIO_releaseAttribute
87e04724   __RingIO_updateAttributes
87e0054c   __RingIO_writerAcquire
87e031b8   __RingIO_writerCancel
87e021b4   __RingIO_writerFlush
87e0119c   __RingIO_writerRelease
87e01800   __RingIO_writerSetvAttribute
87e299a0   __SEM_dopost
87e2c880   __STACK_END
00001000   __STACK_SIZE
87e27d38   __SWI_lat1beg
87e27de4   __SWI_lat1end
87e27de8   __SWI_lat2beg
87e27e48   __SWI_lat2end
87e27bc0   __SWI_lat3beg
87e27c2c   __SWI_lat3end
87e2e7a4   __TSK_mutex
87e2e8a8   ___TI_enable_exit_profile_output
ffffffff   ___TI_pprof_out_hndl
ffffffff   ___TI_prof_data_size
ffffffff   ___TI_prof_data_start
ffffffff   ___binit__
87e2f320   ___bss__
ffffffff   ___c_args__
87e2c880   ___cinit__
87e2fd00   ___data__
87e2fd84   ___edata__
87e2f656   ___end__
87e171c0   ___etext__
87e16d60   ___isinf
ffffffff   ___pinit__
87e00080   ___text__
87e12f20   __addd
87e2a040   __auto_init
87e15960   __c6xabi_divu
87e16460   __c6xabi_remu
87e157e0   __cleanup
87e2e8a0   __cleanup_ptr
87e15220   __cmpd
87e2d9b0   __ctypes_
87e0faa0   __divd
87e10e80   __divf
87e16140   __divli
87e15960   __divu
87e13ca0   __divul
87e12600   __divull
87e15a20   __doflush
87e2e8a4   __dtors_ptr
87e16640   __fixdi
87e16320   __fixdli
87e166c0   __fixfu
87e16740   __fltlid
87e16de0   __fltuf
87e13120   __frcaddd
87e14d60   __frcmpyd
87e16e20   __frcmpyd_div
87e16ac0   __frcmpyf
87e16e60   __frcmpyf_div
87e2e280   __ft_end
87e2df60   __ftable
87e167c0   __llshl
87e16ea0   __llshru
87e2e8f4   __lock
87e12860   __mpyd
87e13320   __mpyf
87e16ee0   __negd
87e170e0   __negll
87e17100   __nop
87e10a40   __printfi
87e17160   __register_lock
87e17180   __register_unlock
87e16f20   __remli
87e16460   __remu
87e16840   __renormd
87e2b880   __stack
87e16b20   __subcull
87e16f60   __subd
87e2e140   __tmpnams
87e2e8f8   __unlock
87e14f60   __wrt_ok
87e15300   _atoi
87e2e8b0   _attrs
87e2ed40   _c_int00
87e28978   _calloc
87e153e0   _close
87e14b40   _fclose
87e14540   _fputc
87e117c0   _fputs
87e28740   _free
87e15ae0   _fseek
87e15ba0   _lseek
87e15c60   _ltoa
87e13720   _main
87e28768   _malloc
87e28898   _memalign
87e16b80   _memccpy
87e165a0   _memcpy
87e154c0   _memset
87e168c0   _printf
87e14540   _putc
87e16940   _readmsg
87e287cc   _realloc
87e171a0   _remove
87e13fc0   _setvbuf
87e16be0   _strcpy
87e16c40   _strncmp
87e169c0   _strncpy
87e2fe80   _trace
87e16a40   _unlink
87e15d20   _write
87e16ca0   _writemsg
ffffffff   binit
87e2c880   cinit
87e2fd84   edata
87e2f656   end
87e171c0   etext
87e2f800   hwi0
87e2f820   hwi1
87e2f940   hwi10
87e2f960   hwi11
87e2f980   hwi12
87e2f9a0   hwi13
87e2f9c0   hwi14
87e2f9e0   hwi15
87e2f840   hwi2
87e2f860   hwi3
87e2f880   hwi4
87e2f8a0   hwi5
87e2f8c0   hwi6
87e2f8e0   hwi7
87e2f900   hwi8
87e2f920   hwi9
ffffffff   pinit
87e2fe80   trace
87e2f780   trace$buf
00000001   trace$datatype
00000000   trace$log
00000020   trace$size


GLOBAL SYMBOLS: SORTED BY Symbol Address 

address    name
--------   ----
00000000   BUF$
00000000   CLK_PRDHIGH
00000000   CLK_RESETTIMER
00000000   CLK_TDDR
00000000   CLK_TDDRHIGH
00000000   CLK_TIMERNUM
00000000   DEV$
00000000   DGN$
00000000   DHL$
00000000   DHL_gChannelsAvailable
00000000   DIO$
00000000   DIO_NUMSWIBASE
00000000   DIO_NUMTSKBASE
00000000   DIO_STATIC
00000000   DPI$
00000000   ECM$
00000000   ECM_ENABLE
00000000   GBL_BCACHEREADADDR0
00000000   GBL_BCACHEREADADDR1
00000000   GBL_BCACHEREADADDR2
00000000   GBL_BIGENDIAN
00000000   GBL_CACHE
00000000   GBL_CALLCSLCFGINIT
00000000   GBL_ENABLEINST
00000000   GBL_ENABLE_SK
00000000   GBL_GEMTRUECOMPEN
00000000   GBL_L2MAR0_31
00000000   GBL_L2MAR160_191
00000000   GBL_L2MAR192_223
00000000   GBL_L2MAR224_255
00000000   GBL_L2MAR32_63
00000000   GBL_L2MAR64_95
00000000   GBL_L2MAR96_127
00000000   GBL_NULL
00000000   GBL_PROCID
00000000   GBL_ROM
00000000   GBL_SUPPORTCSL
00000000   GBL_USERINIT
00000000   GIO$
00000000   HOOK$
00000000   HOOK_KNLID
00000000   HST$
00000000   HST_DSM
00000000   HST_MAXFRAMESET
00000000   HST_RTDX
00000000   HWI_GENERATE_RESET_VEC
00000000   HWI_INT10$hwi
00000000   HWI_INT11$hwi
00000000   HWI_INT12$hwi
00000000   HWI_INT13$hwi
00000000   HWI_INT14$hwi
00000000   HWI_INT15$hwi
00000000   HWI_INT4$hwi
00000000   HWI_INT5$hwi
00000000   HWI_INT6$hwi
00000000   HWI_INT7$hwi
00000000   HWI_INT8$hwi
00000000   HWI_INT9$hwi
00000000   HWI_NMI$hwi
00000000   HWI_POLARITYMASK
00000000   HWI_RESERVED0$hwi
00000000   HWI_RESERVED1$hwi
00000000   HWI_RESET
00000000   HWI_RESET$hwi
00000000   HWI_ZEROTAB
00000000   IDL$
00000000   IDL_CALIBRERROR
00000000   IDL_CALIBRFXN
00000000   IDL_USECLKIDLTIME
00000000   KNL_swi$ord
00000000   KNL_swi$pri
00000000   KNL_swi$sts$unittype
00000000   KNL_swi$swi
00000000   LOG_system$datatype
00000000   LOG_system$log
00000000   MBX$
00000000   MEM_NULL
00000000   MEM_USEMPC
00000000   MSGQ$
00000000   MSGQ_USEMSGQ
00000000   OBJ$
00000000   PIP$
00000000   PIP_A_TABLEN
00000000   PIP_gNextId
00000000   PIP_gNumEmbed
00000000   PRD_A_TABLEN
00000000   PRD_SWIHANDLE
00000000   PWRM_PWRM_CAPSMASK
00000000   PWRM_PWRM_ENABLE
00000000   PWRM_PWRM_LOADENABLE
00000000   PWRM_PWRM_RESOURCETRACKING
00000000   PWRM_PWRM_SCALING
00000000   PWRM_PWRM_TIMERIDNUM
00000000   PWRM_PWRM_TIMERINTRMASK
00000000   PWRM_PWRM_TIMERWUGENMASK
00000000   PWRM_PWRM_USERRESOURCES
00000000   PWRM_PWRM_USETIMER
00000000   RTDX$
00000000   RTDX_MODE
00000000   RTDX_USERTDX
00000000   RTDX_USERTEXECUTION
00000000   SEM$
00000000   SIO$
00000000   STS$
00000000   SWI_EHOOKFXN
00000000   SWI_IHOOKFXN
00000000   TSK_NUM_HOOKS
00000000   TSK_READYFXN
00000000   TSK_SWITCHFXN
00000000   TSK_idle$ord
00000000   TSK_idle$pri
00000000   TSK_idle$tsk
00000000   UDEV$
00000000   _CLK_TDDR
00000000   _CLK_TIMERNUM
00000000   _GBL_CACHE
00000000   _HWI_RESET
00000000   __PWRM_TIMERBASEADDR
00000000   __PWRM_TIMERINTRMASK
00000000   __PWRM_USETIMER
00000000   trace$log
00000001   BUF_ENABLED
00000001   CLK$
00000001   CLK_CALDIV
00000001   CLK_CALMULT
00000001   CLK_ENABLEHTIME
00000001   CLK_HTIMEDIV
00000001   CLK_HTIMEMULT
00000001   CLK_LTIMEDIV
00000001   CLK_POWERENABLE
00000001   CLK_USETIMER
00000001   GBL$
00000001   GBL_L2CONFIGURE
00000001   GBL_L2MODE
00000001   GBL_boot
00000001   HST_NONE
00000001   HWI$
00000001   HWI_ENABLE_EXC
00000001   HWI_NMI
00000001   ISRC$
00000001   KNL_swi$dorta
00000001   KNL_swi$sts$filtmaxmult
00000001   KNL_swi$sts$filtsummult
00000001   LCK$
00000001   LOG$
00000001   LOG_ENABLED
00000001   MEM$
00000001   MEM_gNumHeap
00000001   POOL$
00000001   POOL_USEPOOL
00000001   PRD$
00000001   PRD_SCALAR
00000001   PWRM$
00000001   PWRM_PWRM_NUMSLOTS
00000001   QUE$
00000001   SWI$
00000001   SWI_A_TABLEN
00000001   SYS$
00000001   TSK$
00000001   TSK_PRIORITY
00000001   _CLK_USETIMER
00000001   _HWI_NMI
00000001   trace$datatype
00000002   HWI_RESERVED0
00000002   KNL_swi$sts$filter
00000002   LOG_A_TABLEN
00000002   _HWI_RESERVED0
00000002   _LOG_A_TABLEN
00000003   GBL_L1PMODE
00000003   HWI_RESERVED1
00000003   _HWI_RESERVED1
00000004   EVENT4
00000004   HWI_INT4
00000004   _EVENT4
00000004   _HWI_INT4
00000005   CLK_COUNTSPMSHIGH
00000005   CLK_TIMMODE
00000005   EVENT5
00000005   HWI_INT5
00000005   _EVENT5
00000005   _HWI_INT5
00000006   EVENT6
00000006   HWI_INT6
00000006   _EVENT6
00000006   _HWI_INT6
00000007   EVENT7
00000007   GBL_L1DMODE
00000007   HWI_INT7
00000007   _EVENT7
00000007   _HWI_INT7
00000008   EVENT8
00000008   HWI_INT8
00000008   _EVENT8
00000008   _HWI_INT8
00000009   EVENT9
00000009   HWI_INT9
00000009   _EVENT9
00000009   _HWI_INT9
0000000a   EVENT10
0000000a   HWI_INT10
0000000a   PWRM_PWRM_CLKTICKSPERSLOT
0000000a   _EVENT10
0000000a   _HWI_INT10
0000000a   __PWRM_TIMERPERIOD
0000000b   EVENT11
0000000b   HWI_INT11
0000000b   _EVENT11
0000000b   _HWI_INT11
0000000c   EVENT12
0000000c   HWI_INT12
0000000c   _EVENT12
0000000c   _HWI_INT12
0000000d   EVENT13
0000000d   HWI_INT13
0000000d   _EVENT13
0000000d   _HWI_INT13
0000000e   EVENT14
0000000e   HWI_INT14
0000000e   _EVENT14
0000000e   _HWI_INT14
0000000f   EVENT15
0000000f   HWI_INT15
0000000f   _EVENT15
0000000f   _HWI_INT15
00000010   EVENT16
00000010   _EVENT16
00000011   EVENT17
00000011   _EVENT17
00000012   EVENT18
00000012   _EVENT18
00000013   EVENT19
00000013   _EVENT19
00000014   EVENT20
00000014   _EVENT20
00000015   EVENT21
00000015   _EVENT21
00000016   EVENT22
00000016   _EVENT22
00000017   EVENT23
00000017   _EVENT23
00000018   EVENT24
00000018   _EVENT24
00000019   EVENT25
00000019   _EVENT25
0000001a   EVENT26
0000001a   _EVENT26
0000001b   EVENT27
0000001b   _EVENT27
0000001c   EVENT28
0000001c   _EVENT28
0000001d   EVENT29
0000001d   _EVENT29
0000001e   EVENT30
0000001e   _EVENT30
0000001f   EVENT31
0000001f   _EVENT31
00000020   CLK_TCR
00000020   EVENT32
00000020   _EVENT32
00000020   __PWRM_TIMERINPUTCLK
00000020   trace$size
00000021   EVENT33
00000021   _EVENT33
00000022   EVENT34
00000022   _EVENT34
00000023   EVENT35
00000023   _EVENT35
00000024   EVENT36
00000024   _EVENT36
00000025   EVENT37
00000025   _EVENT37
00000026   EVENT38
00000026   _EVENT38
00000027   EVENT39
00000027   _EVENT39
00000028   EVENT40
00000028   _EVENT40
00000029   EVENT41
00000029   _EVENT41
0000002a   EVENT42
0000002a   _EVENT42
0000002b   EVENT43
0000002b   _EVENT43
0000002c   EVENT44
0000002c   _EVENT44
0000002d   EVENT45
0000002d   _EVENT45
0000002e   EVENT46
0000002e   _EVENT46
0000002f   EVENT47
0000002f   _EVENT47
00000030   EVENT48
00000030   _EVENT48
00000031   EVENT49
00000031   _EVENT49
00000032   EVENT50
00000032   _EVENT50
00000033   EVENT51
00000033   _EVENT51
00000034   EVENT52
00000034   _EVENT52
00000035   EVENT53
00000035   _EVENT53
00000036   EVENT54
00000036   _EVENT54
00000037   EVENT55
00000037   _EVENT55
00000038   EVENT56
00000038   _EVENT56
00000039   EVENT57
00000039   _EVENT57
0000003a   EVENT58
0000003a   _EVENT58
0000003b   EVENT59
0000003b   _EVENT59
0000003c   EVENT60
0000003c   _EVENT60
0000003d   EVENT61
0000003d   _EVENT61
0000003e   EVENT62
0000003e   GBL_DSPTYPE
0000003e   _EVENT62
0000003f   EVENT63
0000003f   _EVENT63
00000040   EVENT64
00000040   LOG_system$size
00000040   _EVENT64
00000041   EVENT65
00000041   _EVENT65
00000042   EVENT66
00000042   GBL_FOOTPRINT
00000042   _EVENT66
00000043   EVENT67
00000043   _EVENT67
00000044   EVENT68
00000044   _EVENT68
00000045   EVENT69
00000045   _EVENT69
00000046   EVENT70
00000046   _EVENT70
00000047   EVENT71
00000047   _EVENT71
00000048   EVENT72
00000048   _EVENT72
00000049   EVENT73
00000049   _EVENT73
0000004a   EVENT74
0000004a   _EVENT74
0000004b   EVENT75
0000004b   _EVENT75
0000004c   EVENT76
0000004c   _EVENT76
0000004d   EVENT77
0000004d   _EVENT77
0000004e   EVENT78
0000004e   _EVENT78
0000004f   EVENT79
0000004f   _EVENT79
00000050   EVENT80
00000050   _EVENT80
00000051   EVENT81
00000051   _EVENT81
00000052   EVENT82
00000052   _EVENT82
00000053   EVENT83
00000053   _EVENT83
00000054   EVENT84
00000054   _EVENT84
00000055   EVENT85
00000055   _EVENT85
00000056   EVENT86
00000056   _EVENT86
00000057   EVENT87
00000057   _EVENT87
00000058   EVENT88
00000058   _EVENT88
00000059   EVENT89
00000059   _EVENT89
0000005a   EVENT90
0000005a   _EVENT90
0000005b   EVENT91
0000005b   _EVENT91
0000005c   EVENT92
0000005c   _EVENT92
0000005d   EVENT93
0000005d   _EVENT93
0000005e   EVENT94
0000005e   _EVENT94
0000005f   EVENT95
0000005f   _EVENT95
00000060   EVENT96
00000060   _EVENT96
00000061   EVENT97
00000061   _EVENT97
00000062   EVENT98
00000062   _EVENT98
00000063   EVENT99
00000063   _EVENT99
00000064   EVENT100
00000064   PIP_OBJSIZE
00000064   _EVENT100
00000065   EVENT101
00000065   _EVENT101
00000066   EVENT102
00000066   _EVENT102
00000067   EVENT103
00000067   _EVENT103
00000068   EVENT104
00000068   _EVENT104
00000069   EVENT105
00000069   _EVENT105
0000006a   EVENT106
0000006a   _EVENT106
0000006b   EVENT107
0000006b   _EVENT107
0000006c   EVENT108
0000006c   _EVENT108
0000006d   EVENT109
0000006d   _EVENT109
0000006e   EVENT110
0000006e   _EVENT110
0000006f   EVENT111
0000006f   _EVENT111
00000070   EVENT112
00000070   _EVENT112
00000071   EVENT113
00000071   _EVENT113
00000072   EVENT114
00000072   _EVENT114
00000073   EVENT115
00000073   _EVENT115
00000074   EVENT116
00000074   _EVENT116
00000075   EVENT117
00000075   _EVENT117
00000076   EVENT118
00000076   _EVENT118
00000077   EVENT119
00000077   _EVENT119
00000078   EVENT120
00000078   _EVENT120
00000079   EVENT121
00000079   _EVENT121
0000007a   EVENT122
0000007a   _EVENT122
0000007b   EVENT123
0000007b   _EVENT123
0000007c   EVENT124
0000007c   _EVENT124
0000007d   EVENT125
0000007d   _EVENT125
0000007e   EVENT126
0000007e   _EVENT126
0000007f   EVENT127
0000007f   _EVENT127
00000080   GBL_L2MAR128_159
00000100   HST_MAXFRAMEALLOWED
000003e8   CLK_MICROSECS
00000400   HST_DSMMEMSIZE
00000400   TSK_STACKSIZE
00000408   RTDX_BUFMEMSIZE
00000d66   GBL_CLKTYPE
00001000   __STACK_SIZE
00001963   GBL_DSPSUBTYPE
00004000   CLK_INTBIT
00004000   GBL_TRCMASKVALUE
00004000   HWI_CFGDISPATCHED
00004000   _HWI_CFGDISPATCHED
00004b00   CLK_INPUTCLK
00004b00   CLK_PRD
00004b00   _CLK_PRD
00004e20   GBL_CLKIN
00005205   GBL_A_VERSION
00010000   DDR2$L
00010000   _DDR2_length
00050910   CLK_COUNTSPMS
00050910   CLK_HTIMEPERLTIME
00050910   CLK_LTIMEMULT
00050910   GBL_FREQ
00050910   _CLK_COUNTSPMS
07060504   HWI_INTRMUX1
0a0a0908   HWI_INTRMUX2
34330d0b   HWI_INTRMUX3
48002000   __PWRM_SCM_BASEADDR
48004000   __PWRM_CM_BASEADDR
48306000   __PWRM_PRM_BASEADDR
49038000   CLK_REGS
49038000   _CLK_REGS
49038000   _CLK_gptimer
5d000000   __PWRM_IVAMMU_BASEADDR
87e00080   .text
87e00080   HST_A_TABBEG
87e00080   HST_A_TABEND
87e00080   PIP_A_TABBEG
87e00080   PIP_A_TABEND
87e00080   PRD_A_TABBEG
87e00080   PRD_A_TABEND
87e00080   _HST_A_TABBEG
87e00080   _HST_A_TABEND
87e00080   _PIP_A_TABBEG
87e00080   _PIP_A_TABEND
87e00080   ___text__
87e002a8   _RingIO_init
87e004a0   _RingIO_exit
87e0054c   __RingIO_writerAcquire
87e00ab0   __RingIO_readerAcquire
87e0119c   __RingIO_writerRelease
87e01430   __RingIO_readerRelease
87e01800   __RingIO_writerSetvAttribute
87e01ce8   __RingIO_readerGetvAttribute
87e021b4   __RingIO_writerFlush
87e029a0   __RingIO_readerFlush
87e031b8   __RingIO_writerCancel
87e0365c   __RingIO_readerCancel
87e03828   __RingIO_callNotifier
87e03b10   __RingIO_checkNotifier
87e03d1c   __RingIO_initInstance
87e03ee8   __RingIO_getFirstAcquiredAttr
87e04048   __RingIO_getFirstAttr
87e04204   __RingIO_releaseAttribute
87e04458   __RingIO_getContiguousDataSize
87e04724   __RingIO_updateAttributes
87e04a1c   __RingIO_invalidateDataBuffer
87e04dc4   _RingIO_create
87e05d94   _RingIO_delete
87e065a4   _RingIO_open
87e06b28   _RingIO_close
87e070b4   _RingIO_acquire
87e07414   _RingIO_release
87e077e4   _RingIO_cancel
87e07a80   _RingIO_getvAttribute
87e07db0   _RingIO_setvAttribute
87e08058   _RingIO_flush
87e0849c   _RingIO_setNotifier
87e08d20   _RingIO_notifyCallback
87e08db0   _RingIO_sendNotify
87e08e78   _RingIO_getValidSize
87e09084   _RingIO_getEmptySize
87e09290   _RingIO_getValidAttrSize
87e094c4   _RingIO_getEmptyAttrSize
87e0979c   _IPS_init
87e09a6c   _IPS_exit
87e09be4   _IPS_register
87e0a160   _IPS_unregister
87e0a69c   _IPS_notify
87e0aed0   _IPS_setReserved
87e0af70   _IPS_clearReserved
87e0b010   _IPS_isNotReserved
87e0b10c   _MPCS_create
87e0b8f0   _MPCS_delete
87e0beec   _MPCS_open
87e0c050   _MPCS_close
87e0c20c   _MPCS_enter
87e0c49c   _MPCS_leave
87e0c750   _TSKRING_IO_create
87e0ca18   _TSKRING_IO_execute
87e0d378   _TSKRING_IO_delete
87e0d87c   _DSPLINK_terminateISR
87e0d8bc   __DSPLINK_init
87e0e154   _POOL_open
87e0e2c4   _SMAPOOL_init
87e0e2e4   _SMAPOOL_open
87e0e474   _SMAPOOL_alloc
87e0e860   _SMAPOOL_free
87e0ec4c   _MPCS_init
87e0ee30   _MPCS_exit
87e0eec0   __MPCS_open
87e0faa0   __divd
87e10520   _NOTIFY_register
87e106dc   _NOTIFY_unregister
87e10904   _NOTIFY_notify
87e10a40   __printfi
87e10e80   __divf
87e117c0   _fputs
87e11b2c   _MPLIST_init
87e11d18   _MPLIST_exit
87e12600   __divull
87e12860   __mpyd
87e12f20   __addd
87e13120   __frcaddd
87e13320   __mpyf
87e13720   _main
87e13920   _HAL_intInit
87e13998   _HAL_intRegister
87e13ca0   __divul
87e13e40   _HOSTrename
87e13fc0   _setvbuf
87e14140   _HAL_intEnable
87e14188   _HAL_intDisable
87e141d0   _HAL_intWaitClear
87e14210   _HAL_intSend
87e14230   _HAL_intClear
87e142c0   _DSPLINKIPS_init
87e14400   _SHMDRV_init
87e14468   _SHMDRV_handshake
87e14540   _fputc
87e14540   _putc
87e147ec   _NOTIFY_init
87e14900   _DSPLINK_init
87e14b40   _fclose
87e14c60   _HOSTlseek
87e14d60   __frcmpyd
87e14f60   __wrt_ok
87e15060   _HOSTopen
87e15140   _HOSTread
87e15220   __cmpd
87e15300   _atoi
87e153e0   _close
87e154c0   _memset
87e155a0   _DSPLINKPOOL_init
87e15660   _HOSTunlink
87e15720   _HOSTwrite
87e157e0   __cleanup
87e15960   __c6xabi_divu
87e15960   __divu
87e15a20   __doflush
87e15ae0   _fseek
87e15ba0   _lseek
87e15c60   _ltoa
87e15d20   _write
87e15ea0   _SetReason
87e15f60   _DSPLINKDATA_init
87e16000   _DSPLINKMQT_init
87e160a0   _HOSTclose
87e16140   __divli
87e16320   __fixdli
87e16460   __c6xabi_remu
87e16460   __remu
87e165a0   _memcpy
87e16640   __fixdi
87e166c0   __fixfu
87e16740   __fltlid
87e167c0   __llshl
87e16840   __renormd
87e168c0   _printf
87e16940   _readmsg
87e169c0   _strncpy
87e16a40   _unlink
87e16ac0   __frcmpyf
87e16b20   __subcull
87e16b80   _memccpy
87e16be0   _strcpy
87e16c40   _strncmp
87e16ca0   _writemsg
87e16cf8   C$$IO$$
87e16d60   ___isinf
87e16de0   __fltuf
87e16e20   __frcmpyd_div
87e16e60   __frcmpyf_div
87e16ea0   __llshru
87e16ee0   __negd
87e16f20   __remli
87e16f60   __subd
87e16fe0   _HAL_init
87e17014   _HAL_exit
87e170e0   __negll
87e17100   __nop
87e17160   __register_lock
87e17180   __register_unlock
87e171a0   _remove
87e171c0   DDR2$B
87e171c0   _DDR2_base
87e171c0   ___etext__
87e171c0   etext
87e271c0   _EXC_nmi
87e271f4   _EXC_internal
87e274a0   _EXC_init
87e274e0   _EXC_getLastStatus
87e27500   _EXC_external
87e27534   _EXC_exceptionHandler
87e276b0   _EXC_clearLastStatus
87e276e0   CLK_HOOKFXN
87e276e0   HWI_F_dispatch
87e276e0   _HWI_F_dispatch
87e276e0   __HWI_lat1beg
87e27868   __HWI_lat1end
87e27868   __HWI_lat2beg
87e279d0   __HWI_lat2end2
87e27a00   __HWI_lat3end2
87e27a44   __HWI_lat2end1
87e27a60   __HWI_lat3beg
87e27bc0   SWI_F_enable
87e27bc0   __SWI_lat3beg
87e27c2c   __SWI_lat3end
87e27c30   SWI_F_post
87e27c30   _SWI_post
87e27d38   __SWI_lat1beg
87e27da4   SWI_EXECFXN
87e27da4   SWI_F_exec
87e27dcc   SWI_F_iexec
87e27de4   __SWI_lat1end
87e27de8   __SWI_lat2beg
87e27e48   __SWI_lat2end
87e27e4c   SWI_F_run
87e27e4c   SWI_RUNFXN
87e28080   PRD_F_swi
87e28304   PRD_F_tick
87e28400   _TSK_create
87e28740   _free
87e28768   _malloc
87e287cc   _realloc
87e28898   _memalign
87e28978   _calloc
87e289e0   _KNL_run
87e28c20   _MEM_free
87e28e20   _SEM_pendEnterKnl
87e29020   _CLK_stop
87e29084   _CLK_start
87e29220   _MEM_alloc
87e29400   _C62_plug
87e29400   _C64_plug
87e29408   _C62_dispatchPlug
87e29408   _C64_dispatchPlug
87e295e0   _EXC_dispatch
87e297a4   _EXC_setReturnPtr
87e2998c   PRD_THOOKFXN
87e2998c   _KNL_tick
87e299a0   __SEM_dopost
87e29b60   CLK_F_getltime
87e29b70   CLK_F_isr
87e29cc0   CLK_F_itime
87e29cc0   _CLK_F_itime
87e29cc0   _CLK_itime
87e29cdc   __CLK_lat1beg
87e29d00   __CLK_lat1end
87e29d20   _TSK_setup
87e29ec0   _KNL_saveIsrFrame
87e29f6c   _KNL_switch
87e2a018   KNL_glue
87e2a040   __auto_init
87e2a180   _KNL_ready
87e2a2c0   _TSK_exit
87e2a400   _BCACHE_setSize
87e2a444   _BCACHE_setMar
87e2a494   _BCACHE_bootInit
87e2a494   _BCACHE_setCacheToSram
87e2a4c4   _BCACHE_getSize
87e2a514   _BCACHE_getMar
87e2a56c   _CLK_reconfig
87e2a6e4   _GBL_cacheInit64P
87e2a7a0   _KNL_check
87e2a7ec   __KNL_lat1beg
87e2a868   _KNL_idle
87e2a868   __KNL_lat1end
87e2a890   _KNL_max
87e2a964   _TSK_startup
87e2aaac   _BCACHE_wbInv
87e2aac0   _BCACHE_wb
87e2aad0   _BCACHE_inv
87e2aae0   _SEM_post
87e2aae0   _SEM_postBinary
87e2abc0   _KNL_exit
87e2ac00   _KNL_enter
87e2ac80   _KNL_start
87e2ad20   _SEM_postEnterKnl
87e2adc0   _SYS_exit
87e2ae60   _HWI_dispatchPlug
87e2aee0   _HWI_eventMap
87e2af60   _KNL_ipost
87e2afe0   _KNL_post
87e2b060   _LCK_post
87e2b080   _LCK_pend
87e2b0e0   LOG_F_event
87e2b0e0   _LOG_event
87e2b0e0   __LOG_lat1beg
87e2b160   _OBJ_create
87e2b22c   _BCACHE_wbInvAll
87e2b240   _BCACHE_wbAll
87e2b250   _BCACHE_invL1pAll
87e2b260   _BCACHE_wait
87e2b2e0   _MEM_valloc
87e2b340   _SYS_error
87e2b3a0   FXN_F_nop
87e2b3a4   FXN_F_run
87e2b3a4   _FXN_F_run
87e2b3e0   FXN_F_zero
87e2b3e0   _FXN_F_zero
87e2b400   _HWI_disable
87e2b418   _HWI_enable
87e2b42c   _HWI_restore
87e2b460   _LCK_create
87e2b4c0   _OBJ_delete
87e2b520   _SEM_pend
87e2b580   STS_F_delta
87e2b580   _STS_delta
87e2b5ac   STS_F_add
87e2b5ac   _STS_add
87e2b5c8   STS_F_reset
87e2b5c8   _STS_reset
87e2b5e0   _SYS_abort
87e2b640   SYS_PUTCFXN
87e2b640   _UTL_doPutc
87e2b6a0   _C62_disableIER
87e2b6a0   _C64_disableIER
87e2b6b8   _C62_enableIER
87e2b6b8   _C64_enableIER
87e2b6cc   _C62_clearIFR
87e2b6cc   _C64_clearIFR
87e2b6e0   _QUE_get
87e2b6e0   __QUE_lat1beg
87e2b700   __QUE_lat1end
87e2b708   _QUE_put
87e2b708   __QUE_lat2beg
87e2b714   __QUE_lat2end
87e2b720   SYS_ABORTFXN
87e2b720   _UTL_doAbort
87e2b760   GBL_USERINITFXN
87e2b760   GIO_CREATEFXN
87e2b760   GIO_DELETEFXN
87e2b760   GIO_PENDFXN
87e2b760   GIO_POSTFXN
87e2b760   PWRM_PWRM_SHAREDRESOURCEFXN
87e2b760   PWRM_PWRM_SLOTHOOKFXN
87e2b760   TSK_VCREATEFXN
87e2b760   TSK_VDELETEFXN
87e2b760   TSK_VEXITFXN
87e2b760   _FXN_F_nop
87e2b780   _GBL_getVersion
87e2b7a0   _HOOK_setenv
87e2b7c0   IDL_F_loop
87e2b7c0   _IDL_loop
87e2b7e0   _LOG_printf
87e2b800   _STS_set
87e2b820   SYS_ERRORFXN
87e2b820   _UTL_doError
87e2b840   SYS_EXITFXN
87e2b840   _UTL_halt
87e2b860   CLK_TIMEFXN
87e2b860   _CLK_gethtime
87e2b880   GBL_stackbeg
87e2b880   _HWI_STKTOP
87e2b880   __stack
87e2c878   _HWI_STKBOTTOM
87e2c87f   GBL_stackend
87e2c880   __STACK_END
87e2c880   ___cinit__
87e2c880   cinit
87e2d544   IDL_A_TABBEG
87e2d544   IDL_END
87e2d9b0   __ctypes_
87e2df24   _SMAPOOL_FXNS
87e2df59   KNL_swi$sts$maxfmt
87e2df5c   IDL_A_CALBEG
87e2df5c   IDL_END$
87e2df60   __ftable
87e2df61   KNL_swi$sts$sumfmt
87e2df69   KNL_swi$sts$avgfmt
87e2e140   __tmpnams
87e2e280   __ft_end
87e2e284   __BCACHE_emifAddr
87e2e4c4   _CLK_inputClock
87e2e4c8   _KNL_queues
87e2e568   _KNL_dummy
87e2e670   _DSPLINKPOOL_ctrlPtr
87e2e6f0   _TSK_ATTRS
87e2e70c   _TSK_config
87e2e72c   _TSK_timerSem
87e2e750   _OBJ_table
87e2e788   _OBJ_segtab
87e2e7a4   __TSK_mutex
87e2e7cc   __MEM_mutex
87e2e7f4   _DSPLINKDATA_ctrlPtr
87e2e7f8   _SYS_exitStack
87e2e818   _SamplePoolParams
87e2e820   _RING_IO_Pools
87e2e830   _POOL_config
87e2e84c   _EXC_status
87e2e86c   _FAIL_Set
87e2e870   _FAIL_File
87e2e874   _FAIL_Line
87e2e878   _FAIL_Code
87e2e87c   _HWI_ATTRS
87e2e894   __BCACHE_readTable
87e2e8a0   __cleanup_ptr
87e2e8a4   __dtors_ptr
87e2e8a8   ___TI_enable_exit_profile_output
87e2e8ac   _DSPLINKMQT_ctrlPtr
87e2e8b0   _attrs
87e2e8c0   _DSPLINK_terminateFxn
87e2e8c4   _MPCS_ctrlPtr
87e2e8c8   _MPCS_csObj
87e2e8d0   _MPCS_GlobalLock
87e2e8d4   _MPLIST_ctrlPtr
87e2e8d8   _MPLIST_mpcsObj
87e2e8dc   _NOTIFY_ctrlPtr
87e2e8e0   _NOTIFY_numIps
87e2e8e4   _RingIO_ctrlPtr
87e2e8e8   _RingIO_mpcsObj
87e2e8ec   _RING_IO_dataBufSize
87e2e8f0   _RING_IO_attrBufSize
87e2e8f2   _RING_IO_footBufSize
87e2e8f4   __lock
87e2e8f8   __unlock
87e2e8fc   _CLK_gptimer_enablemask
87e2e918   CLK_A_TABBEG
87e2e918   PRD_clock
87e2e918   _PRD_clock
87e2e91c   CLK_null
87e2e920   BIOS_init
87e2e920   _BIOS_init
87e2eb88   BIOS_start
87e2eb88   _BIOS_start
87e2ec20   _POOL_init
87e2ed40   _c_int00
87e2ee00   _MEM_init
87e2eea0   _TSK_init
87e2ef00   _OBJ_init
87e2ef20   TSK_idle$stack
87e2f2b8   TSK_idle$stkptr
87e2f320   $bss
87e2f320   .bss
87e2f320   _HWI_dispatchTab
87e2f320   ___bss__
87e2f420   IDL_D_tabbeg
87e2f424   IDL_D_calibrate
87e2f428   IDL_D_calbeg
87e2f42c   LOG_D_system
87e2f42c   _LOG_D_system
87e2f430   PIP_D_tabbeg
87e2f434   PIP_D_tablen
87e2f438   CLK_R_time
87e2f43c   CLK_D_timefxn
87e2f440   CLK_D_tabbeg
87e2f444   CLK_D_isrhook
87e2f448   CLK_D_idletime
87e2f44c   _CLK_htimeDiv
87e2f450   _CLK_htimeMult
87e2f454   _CLK_ltimeDiv
87e2f458   _CLK_ltimeMult
87e2f45c   _CLK_D_dirty
87e2f460   _CLK_D_prd
87e2f464   _CLK_D_tddr
87e2f468   _CLK_D_countspms
87e2f46c   PRD_D_tick
87e2f46c   _PRD_D_tick
87e2f470   PRD_D_cur
87e2f474   PRD_D_elapsed
87e2f478   PRD_D_prevtim
87e2f47c   PRD_D_scalar
87e2f480   PRD_D_swihandle
87e2f484   PRD_D_tabbeg
87e2f488   PRD_D_tablen
87e2f48c   PRD_D_thook
87e2f490   RTA_D_fromHost
87e2f494   RTA_D_toHost
87e2f498   RTA_D_logval
87e2f4a8   RTA_D_stsval
87e2f4b4   HST_D_chanmask
87e2f4b8   HST_D_tabbeg
87e2f4bc   HST_D_tabend
87e2f4c0   _GBL_procId
87e2f4c4   _GBL_clkIn
87e2f4c8   _GBL_freq
87e2f4cc   _MEM_D_NUMSEGMENTS
87e2f4d0   _MEM_D_memtab
87e2f4d4   _MEM_D_freelist
87e2f4d8   _MEM_D_lockaddr
87e2f4dc   _MEM_D_unlockaddr
87e2f4e0   _SYS
87e2f4e4   __HOOK_knlId
87e2f4e8   __HOOK_NUMHOOKS
87e2f4ec   SWI_D_runaddr
87e2f4ec   _SWI_D_runaddr
87e2f4ec   _SWI_data
87e2f4f0   SWI_D_execaddr
87e2f4f0   _SWI_D_execaddr
87e2f4f4   SWI_D_curmask
87e2f4f4   _SWI_D_curmask
87e2f4f8   SWI_D_curset
87e2f4f8   _SWI_D_curset
87e2f4fc   SWI_D_lock
87e2f4fc   _SWI_D_lock
87e2f500   SWI_D_curmbox
87e2f504   SWI_D_curfxn
87e2f504   _SWI_D_curfxn
87e2f508   SWI_D_rdybeg
87e2f508   _SWI_D_rdybeg
87e2f50c   SWI_D_inswi
87e2f50c   _SWI_D_inswi
87e2f510   SWI_D_rdytab
87e2f588   _KNL_wFlag
87e2f58c   _KNL_wList
87e2f590   _KNL_alarm
87e2f594   _KNL_setpri
87e2f598   _KNL_inactive
87e2f59c   _KNL_priority
87e2f5a0   _KNL_set
87e2f5a4   _KNL_curtask
87e2f5a8   _KNL_prevtask
87e2f5ac   _KNL_curtime
87e2f5b0   _KNL_swiptr
87e2f5b4   _KNL_curqueue
87e2f5b8   _KNL_maxqueue
87e2f5bc   _KNL_tswitchfxn
87e2f5c0   _KNL_tcreatefxn
87e2f5c4   _KNL_tdeletefxn
87e2f5c8   _KNL_treadyfxn
87e2f5cc   _KNL_idlefxn
87e2f5d0   _EXC_sysTrapTable
87e2f5d8   _EXC_returnPtr
87e2f5f0   HWI_D_spsave
87e2f5f0   _HWI_D_spsave
87e2f5f0   _HWI_data
87e2f5fc   _HWI_D_inhwi
87e2f600   HWI_D_bss
87e2f604   HWI_D_ccmask
87e2f608   _EXC_exceptionHook
87e2f60c   _EXC_internalHook
87e2f610   _EXC_externalHook
87e2f614   _EXC_nmiHook
87e2f618   _MEM_memtab
87e2f624   DDR2
87e2f624   HST_DSMBUFSEG
87e2f624   MEM_MALLOCSEG
87e2f624   MEM_SEGZERO
87e2f624   RTDX_DATAMEMSEG
87e2f624   TSK_STACKSEG
87e2f624   _DDR2
87e2f628   _TSK_nTasks
87e2f62c   _TSK_pid
87e2f630   _TSK
87e2f634   _CLK_DFLTMICROSECS
87e2f638   _CLK_D_microseconds
87e2f63c   _SYS_exitStackPtr
87e2f640   _SYS_exitStackTop
87e2f644   _CLK_htimePerLtime
87e2f64c   _MEM
87e2f650   _POOL
87e2f656   ___end__
87e2f656   end
87e2f658   __CIOBUF_
87e2f780   trace$buf
87e2f800   HWI_A_VECS
87e2f800   hwi0
87e2f820   hwi1
87e2f840   hwi2
87e2f860   hwi3
87e2f880   hwi4
87e2f8a0   hwi5
87e2f8c0   hwi6
87e2f8e0   hwi7
87e2f900   hwi8
87e2f920   hwi9
87e2f940   hwi10
87e2f960   hwi11
87e2f980   hwi12
87e2f9a0   hwi13
87e2f9c0   hwi14
87e2f9e0   hwi15
87e2fa00   _SYS_PUTCBEG
87e2fbff   _SYS_PUTCEND
87e2fc00   LOG_system$buf
87e2fd00   .data
87e2fd00   _DSPLINK_shmBaseAddress
87e2fd00   ___data__
87e2fd08   _DSPLINK_shmBaseAddress_pad
87e2fd84   ___edata__
87e2fd84   edata
87e2fd90   TSK_idle
87e2fd90   _TSK_idle
87e2fe68   LOG_A_TABBEG
87e2fe68   LOG_system
87e2fe68   _LOG_A_TABBEG
87e2fe68   _LOG_system
87e2fe80   _trace
87e2fe80   trace
87e2fe98   KNL_swi
87e2fe98   LOG_A_TABEND
87e2fe98   SWI_A_TABBEG
87e2fe98   _KNL_swi
87e2fe98   _LOG_A_TABEND
87e2fec4   KNL_swi$sts$stsobj
87e2fec4   STS_A_TABBEG
87e2fec4   SWI_A_TABEND
87e2fec4   _STS_A_TABBEG
87e2fec8   KNL_swi$sts
87e2fed4   STS_A_TABEND
87e2fed4   SYS$config
87e2fed4   _STS_A_TABEND
87e2fee4   TRC_cinit
87e2fee8   TRC_R_mask
87e2fee8   _TRC_R_mask
87e2feec   GBL_initdone
ffffffff   CACHE_L1D
ffffffff   CACHE_L1P
ffffffff   CACHE_L2
ffffffff   DSPLINKMEM
ffffffff   ECM_EVTMASK0
ffffffff   ECM_EVTMASK1
ffffffff   ECM_EVTMASK2
ffffffff   ECM_EVTMASK3
ffffffff   IRAM
ffffffff   L1DSRAM
ffffffff   POOLMEM
ffffffff   RESET_VECTOR
ffffffff   _CACHE_L1D
ffffffff   _CACHE_L1P
ffffffff   _CACHE_L2
ffffffff   _DSPLINKMEM
ffffffff   _IRAM
ffffffff   _L1DSRAM
ffffffff   _POOLMEM
ffffffff   _RESET_VECTOR
ffffffff   ___TI_pprof_out_hndl
ffffffff   ___TI_prof_data_size
ffffffff   ___TI_prof_data_start
ffffffff   ___binit__
ffffffff   ___c_args__
ffffffff   ___pinit__
ffffffff   binit
ffffffff   pinit

[1111 symbols]
