******************************************************************************
               TMS320C6x Linker Unix v7.3.23                   
******************************************************************************
>> Linked Tue Jul 28 21:26:58 2020

OUTPUT FILE NAME:   </home/admin/Projects/embedded/ti/dsplink-1_65_02/dsplink/dsp/BUILD/OMAP3530_0/RDWR/BIN/RELEASE/readwrite.out>
ENTRY POINT SYMBOL: "_c_int00"  address: 87e26e00


MEMORY CONFIGURATION

         name            origin    length      used     unused   attr    fill
----------------------  --------  ---------  --------  --------  ----  --------
  IRAM                  107f8000   00010000  00000000  00010000  RWIX
  CACHE_L2              10808000   00008000  00000000  00008000  RWIX
  CACHE_L1P             10e04000   00004000  00000000  00004000  RWIX
  L1DSRAM               10f04000   00004000  00000000  00004000  RWIX
  CACHE_L1D             10f10000   00008000  00000000  00008000  RWIX
  RESET_VECTOR          87e00000   00000080  00000000  00000080  RWIX
  DDR2                  87e00080   000fff80  00027f19  000d8067  RWIX
  DSPLINKMEM            87f00000   00030000  00000000  00030000  RWIX
  POOLMEM               87f30000   000d0000  00000000  000d0000  RWIX


SECTION ALLOCATION MAP

 output                                  attributes/
section   page    origin      length       input sections
--------  ----  ----------  ----------   ----------------
.pinit     0    87e00080    00000000     UNINITIALIZED

.vers      0    00000000    00000040     COPY SECTION
                  00000000    00000040     readwritecfg.obj (.vers)

.prd       0    87e00080    00000000     UNINITIALIZED

.hst       0    87e00080    00000000     UNINITIALIZED

.pip       0    87e00080    00000000     UNINITIALIZED

.DDR2$heap 
*          0    87e00080    00010000     UNINITIALIZED
                  87e00080    00010000     --HOLE--

.text      0    87e10080    0000e820     
                  87e10080    00003160     dsplinkringio.lib : _ringio.obj (.text)
                  87e131e0    00000fa0     dsplinkmpcs.lib : mpcs.obj (.text)
                  87e14180    00000ca0     dsplink.lib : ips.obj (.text)
                  87e14e20    000007c0                 : dsplink.obj (.text)
                  87e155e0    00000640     dsplinkmsg.lib : zcpy_mqt.obj (.text)
                  87e15c20    000005e0     dsplinkmpcs.lib : _mpcs.obj (.text)
                  87e16200    00000580     rts64plus.lib : _printfi.obj (.text:__getarg_diouxp)
                  87e16780    00000540                   : divd.obj (.text:__divd)
                  87e16cc0    00000540                   : _printfi.obj (.text:__setfield)
                  87e17200    00000520     dsplinkmsg.lib : zcpy_mqt.obj (.text:ZCPYMQT_locate)
                  87e17720    00000500     tskReadwrite.obj (.text)
                  87e17c20    000004c0     dsplinkpool.lib : sma_pool.obj (.text)
                  87e180e0    00000440     rts64plus.lib : _printfi.obj (.text:__printfi)
                  87e18520    00000340                   : divf.obj (.text:__divf)
                  87e18860    00000300     dsplinkmsg.lib : zcpy_mqt.obj (.text:ZCPYMQT_open)
                  87e18b60    00000300     rts64plus.lib : _printfi.obj (.text:_ecvt)
                  87e18e60    00000300                   : _printfi.obj (.text:_fcvt)
                  87e19160    00000300                   : fputs.obj (.text:_fputs)
                  87e19460    000002e0                   : _printfi.obj (.text:__pproc_fge)
                  87e19740    000002c0                   : _printfi.obj (.text:__pproc_fwp)
                  87e19a00    000002a0                   : _printfi.obj (.text:__pconv_e)
                  87e19ca0    00000260                   : imath64.obj (.text:__divull)
                  87e19f00    00000260                   : mpyd.obj (.text:__mpyd)
                  87e1a160    00000240                   : _printfi.obj (.text:__pproc_diouxp)
                  87e1a3a0    00000220                   : _printfi.obj (.text:__pproc_str)
                  87e1a5c0    00000200     dsplinkmsg.lib : zcpy_mqt.obj (.text:ZCPYMQT_msgXfer)
                  87e1a7c0    00000200     rts64plus.lib : addd.obj (.text:__addd)
                  87e1a9c0    00000200                   : frcaddd.obj (.text:__frcaddd)
                  87e1abc0    00000200                   : mpyf.obj (.text:__mpyf)
                  87e1adc0    00000200                   : _printfi.obj (.text:__pconv_g)
                  87e1afc0    000001e0     dsplinkmplist.lib : _mplist.obj (.text)
                  87e1b1a0    000001c0     dsplink.lib : hal_interrupt.obj (.text:DSPLINK_init)
                  87e1b360    000001c0     rts64plus.lib : _printfi.obj (.text:__mcpy)
                  87e1b520    000001a0                   : imath40.obj (.text:__divul)
                  87e1b6c0    00000180                   : trgdrv.obj (.text:_HOSTrename)
                  87e1b840    00000180                   : setvbuf.obj (.text:_setvbuf)
                  87e1b9c0    00000140     dsplinkmsg.lib : zcpy_mqt.obj (.text:ZCPYMQT_close)
                  87e1bb00    00000140     rts64plus.lib : fputc.obj (.text:_fputc)
                  87e1bc40    00000140                   : lowlev.obj (.text:_getdevice)
                  87e1bd80    00000140     main.obj (.text)
                  87e1bec0    00000120     rts64plus.lib : _printfi.obj (.text:__pproc_fflags)
                  87e1bfe0    00000120                   : atol.obj (.text:_atol)
                  87e1c100    00000120                   : fclose.obj (.text:_fclose)
                  87e1c220    00000120     dsplinknotify.lib : notify.obj (.text)
                  87e1c340    00000100     rts64plus.lib : trgdrv.obj (.text:_HOSTlseek)
                  87e1c440    00000100                   : frcmpyd.obj (.text:__frcmpyd)
                  87e1c540    00000100                   : _printfi.obj (.text:__ltostr)
                  87e1c640    00000100                   : _io_perm.obj (.text:__wrt_ok)
                  87e1c740    00000100     dsplink.lib : hal_interrupt.obj (.text)
                  87e1c840    000000e0     rts64plus.lib : trgdrv.obj (.text:_HOSTopen)
                  87e1c920    000000e0                   : trgdrv.obj (.text:_HOSTread)
                  87e1ca00    000000e0                   : cmpd.obj (.text:__cmpd)
                  87e1cae0    000000e0                   : atoi.obj (.text:_atoi)
                  87e1cbc0    000000e0                   : lowlev.obj (.text:_close)
                  87e1cca0    000000e0                   : memset.obj (.text:_memset)
                  87e1cd80    000000c0     dsplink.lib : dsplink.obj (.text:DSPLINK_init)
                  87e1ce40    000000c0                 : dsplinkips.obj (.text:DSPLINK_init)
                  87e1cf00    000000c0                 : shm_drv.obj (.text:DSPLINK_init)
                  87e1cfc0    000000c0     rts64plus.lib : trgdrv.obj (.text:_HOSTunlink)
                  87e1d080    000000c0                   : trgdrv.obj (.text:_HOSTwrite)
                  87e1d140    000000c0                   : fopen.obj (.text:__cleanup)
                  87e1d200    000000c0                   : _printfi.obj (.text:__div)
                  87e1d2c0    000000c0                   : divu.obj (.text:__divu)
                  87e1d380    000000c0                   : fflush.obj (.text:__doflush)
                  87e1d440    000000c0                   : fseek.obj (.text:_fseek)
                  87e1d500    000000c0                   : lowlev.obj (.text:_lseek)
                  87e1d5c0    000000c0                   : ltoa.obj (.text:_ltoa)
                  87e1d680    000000c0                   : lowlev.obj (.text:_write)
                  87e1d740    000000c0     bios.a64P : tsk_stup.o64P (.text)
                  87e1d800    000000c0     dsplinknotify.lib : _notify.obj (.text)
                  87e1d8c0    000000a0     dsplinkpool.lib : dsplinkpool.obj (.text:DSPLINK_init)
                  87e1d960    000000a0     rts64plus.lib : trgdrv.obj (.text:_HOSTclose)
                  87e1da00    000000a0                   : imath40.obj (.text:__divli)
                  87e1daa0    000000a0                   : _printfi.obj (.text:__ecpy)
                  87e1db40    000000a0                   : _printfi.obj (.text:__fcpy)
                  87e1dbe0    000000a0                   : fixdli.obj (.text:__fixdli)
                  87e1dc80    000000a0                   : _printfi.obj (.text:__pconv_f)
                  87e1dd20    000000a0                   : remu.obj (.text:__remu)
                  87e1ddc0    000000a0                   : lowlev.obj (.text:_finddevice)
                  87e1de60    000000a0                   : memcpy64.obj (.text:_memcpy)
                  87e1df00    00000080                   : fixdi.obj (.text:__fixdi)
                  87e1df80    00000080                   : fixfu.obj (.text:__fixfu)
                  87e1e000    00000080                   : fltlid.obj (.text:__fltlid)
                  87e1e080    00000080                   : llshift.obj (.text:__llshl)
                  87e1e100    00000080                   : renormd.obj (.text:__renormd)
                  87e1e180    00000080                   : printf.obj (.text:_printf)
                  87e1e200    00000080                   : trgmsg.obj (.text:_readmsg)
                  87e1e280    00000080                   : lowlev.obj (.text:_unlink)
                  87e1e300    00000060                   : frcmpyf.obj (.text:__frcmpyf)
                  87e1e360    00000060                   : imath64.obj (.text:__subcull)
                  87e1e3c0    00000060                   : memccpy.obj (.text:_memccpy)
                  87e1e420    00000060                   : trgmsg.obj (.text:_writemsg)
                  87e1e480    00000040     dsplinkdata.lib : dsplinkdata.obj (.text:DSPLINK_init)
                  87e1e4c0    00000040     dsplinkmsg.lib : dsplinkmqt.obj (.text:DSPLINK_init)
                  87e1e500    00000040     rts64plus.lib : isinf.obj (.text:___isinf)
                  87e1e540    00000040                   : _printfi.obj (.text:___isnan)
                  87e1e580    00000040                   : fltuf.obj (.text:__fltuf)
                  87e1e5c0    00000040                   : frcmpyd_div.obj (.text:__frcmpyd_div)
                  87e1e600    00000040                   : frcmpyf_div.obj (.text:__frcmpyf_div)
                  87e1e640    00000040                   : llshift.obj (.text:__llshru)
                  87e1e680    00000040                   : negd.obj (.text:__negd)
                  87e1e6c0    00000040                   : imath40.obj (.text:__remli)
                  87e1e700    00000040                   : subd.obj (.text:__subd)
                  87e1e740    00000040     dsplink.lib : hal.obj (.text)
                  87e1e780    00000020     dsplinkmsg.lib : zcpy_mqt.obj (.text:DSPLINK_init)
                  87e1e7a0    00000020                    : zcpy_mqt.obj (.text:ZCPYMQT_release)
                  87e1e7c0    00000020     rts64plus.lib : negll.obj (.text:__negll)
                  87e1e7e0    00000020                   : _lock.obj (.text:__nop)
                  87e1e800    00000020                   : printf.obj (.text:__outc)
                  87e1e820    00000020                   : printf.obj (.text:__outs)
                  87e1e840    00000020                   : _lock.obj (.text:__register_lock)
                  87e1e860    00000020                   : _lock.obj (.text:__register_unlock)
                  87e1e880    00000020                   : remove.obj (.text:_remove)

.bios      0    87e1e8a0    00005080     
                  87e1e8a0    00000520     bios.a64P : exc.o64P (.bios)
                  87e1edc0    000004e0               : hwi_disp_asm.o64P (.bios)
                  87e1f2a0    000004c0               : swi.o64P (.bios)
                  87e1f760    00000380               : prd.o64P (.bios)
                  87e1fae0    00000340               : tsk_crea.o64P (.bios)
                  87e1fe20    000002a0               : malloc.o64P (.bios)
                  87e200c0    00000240               : knl_run.o64P (.bios)
                  87e20300    00000200               : mem_free.o64P (.bios:.near)
                  87e20500    00000200               : sem_pend.o64P (.bios)
                  87e20700    00000200     bios3430.a64P : clk2430.o64P (.bios)
                  87e20900    000001e0     bios.a64P : mem_allo.o64P (.bios:.near)
                  87e20ae0    000001e0               : c62_plug.o64P (.bios)
                  87e20cc0    000001e0               : exc_asm.o64P (.bios)
                  87e20ea0    000001e0               : knl_tick.o64P (.bios)
                  87e21080    000001c0               : sem_dopo.o64P (.bios)
                  87e21240    000001c0               : tsk_dele.o64P (.bios)
                  87e21400    000001c0     bios3430.a64P : clk.o64P (.bios)
                  87e215c0    000001a0     bios.a64P : tsk_setu.o64P (.bios)
                  87e21760    00000180               : knl_swit.o64P (.bios)
                  87e218e0    00000140               : autoinit.o64P (.bios)
                  87e21a20    00000140               : knl_read.o64P (.bios)
                  87e21b60    00000140               : msgq_open.o64P (.bios)
                  87e21ca0    00000140               : tsk_exit.o64P (.bios)
                  87e21de0    00000140     bios3430.a64P : bcache_init.o64P (.bios)
                  87e21f20    00000140                   : clk2430_reconfig.o64P (.bios)
                  87e22060    00000120     bios.a64P : gbl_cacheinit64P.o64P (.bios)
                  87e22180    00000120               : knl_chec.o64P (.bios)
                  87e222a0    00000120               : tsk_stup.o64P (.bios)
                  87e223c0    00000100               : msgq_locate.o64P (.bios)
                  87e224c0    00000100               : msgq_stup.o64P (.bios)
                  87e225c0    00000100     bios3430.a64P : bcache_block.o64P (.bios)
                  87e226c0    000000e0     bios.a64P : msgq_locatelocal.o64P (.bios)
                  87e227a0    000000e0               : sem_post_asm.o64P (.bios)
                  87e22880    000000c0               : knl_exit.o64P (.bios)
                  87e22940    000000c0               : msgq_alloc.o64P (.bios)
                  87e22a00    000000a0               : knl_star.o64P (.bios)
                  87e22aa0    000000a0               : msgq_close.o64P (.bios)
                  87e22b40    000000a0               : msgq_get.o64P (.bios)
                  87e22be0    000000a0               : msgq_put.o64P (.bios)
                  87e22c80    000000a0               : sem_post.o64P (.bios)
                  87e22d20    000000a0               : sys_exit.o64P (.bios)
                  87e22dc0    00000080               : atm.o64P (.bios)
                  87e22e40    00000080               : hwi_disp.o64P (.bios)
                  87e22ec0    00000080               : hwi_eventmap64P.o64P (.bios)
                  87e22f40    00000080               : knl_ipos.o64P (.bios)
                  87e22fc0    00000080               : knl_post.o64P (.bios)
                  87e23040    00000080               : lck.o64P (.bios)
                  87e230c0    00000080               : log.o64P (.bios)
                  87e23140    00000080               : obj_crea.o64P (.bios)
                  87e231c0    00000080     bios3430.a64P : bcache_all.o64P (.bios)
                  87e23240    00000080                   : bcache_wait.o64P (.bios)
                  87e232c0    00000060     bios.a64P : mem_vall.o64P (.bios:.near)
                  87e23320    00000060               : sys_erro.o64P (.bios:.near)
                  87e23380    00000060               : fxn.o64P (.bios)
                  87e233e0    00000060               : hwi_c.o64P (.bios)
                  87e23440    00000060               : lck_crea.o64P (.bios)
                  87e234a0    00000060               : obj_dele.o64P (.bios)
                  87e23500    00000060               : sem_pend_binary.o64P (.bios)
                  87e23560    00000060               : sem_pend_counting.o64P (.bios)
                  87e235c0    00000060               : sts.o64P (.bios)
                  87e23620    00000060               : sys_abor.o64P (.bios)
                  87e23680    00000060               : utl_putc.o64P (.bios)
                  87e236e0    00000040               : c62_c.o64P (.bios)
                  87e23720    00000040               : msgq_free.o64P (.bios)
                  87e23760    00000040               : que_get.o64P (.bios)
                  87e237a0    00000040               : utl_doab.o64P (.bios)
                  87e237e0    00000020               : fxn_c.o64P (.bios)
                  87e23800    00000020               : gbl_vers.o64P (.bios)
                  87e23820    00000020               : hook_setenv.o64P (.bios)
                  87e23840    00000020               : idl.o64P (.bios)
                  87e23860    00000020               : log_printf.o64P (.bios)
                  87e23880    00000020               : sts_set.o64P (.bios)
                  87e238a0    00000020               : sys_one.o64P (.bios)
                  87e238c0    00000020               : utl_doer.o64P (.bios)
                  87e238e0    00000020               : utl_halt.o64P (.bios)
                  87e23900    00000020     bios3430.a64P : clk2430_gethtime.o64P (.bios)

.stack     0    87e23920    00001000     UNINITIALIZED
                  87e23920    00001000     --HOLE--

.cinit     0    87e24920    00000d74     
                  87e24920    0000030c     readwritecfg.obj (.cinit)
                  87e24c2c    00000004     --HOLE-- [fill = 0]
                  87e24c30    0000026c     bios.a64P : biosdata.o64P (.cinit)
                  87e24e9c    00000004     --HOLE-- [fill = 0]
                  87e24ea0    000001a4               : knl.o64P (.cinit)
                  87e25044    00000004     --HOLE-- [fill = 0]
                  87e25048    000000b0               : swi.o64P (.cinit)
                  87e250f8    00000096     readwrite_config.obj (.cinit)
                  87e2518e    00000002     --HOLE-- [fill = 0]
                  87e25190    00000080     bios.a64P : tsk.o64P (.cinit)
                  87e25210    00000060               : tsk_stup.o64P (.cinit)
                  87e25270    0000005c     rts64plus.lib : defs.obj (.cinit)
                  87e252cc    00000004     --HOLE-- [fill = 0]
                  87e252d0    0000005c                   : lowlev.obj (.cinit)
                  87e2532c    00000004     --HOLE-- [fill = 0]
                  87e25330    0000003c     bios.a64P : exc.o64P (.cinit)
                  87e2536c    00000004     --HOLE-- [fill = 0]
                  87e25370    00000034               : hwi.o64P (.cinit)
                  87e253a4    00000004     --HOLE-- [fill = 0]
                  87e253a8    0000002c               : utl_putc.o64P (.cinit)
                  87e253d4    00000004     --HOLE-- [fill = 0]
                  87e253d8    0000002c     rts64plus.lib : exit.obj (.cinit)
                  87e25404    00000004     --HOLE-- [fill = 0]
                  87e25408    0000002a     dsplinkmsg.lib : zcpy_mqt.obj (.cinit)
                  87e25432    00000006     --HOLE-- [fill = 0]
                  87e25438    00000028     dsplink.lib : ips.obj (.cinit)
                  87e25460    00000024     bios.a64P : obj_init.o64P (.cinit)
                  87e25484    00000004     --HOLE-- [fill = 0]
                  87e25488    0000001c               : exc_asm.o64P (.cinit)
                  87e254a4    00000004     --HOLE-- [fill = 0]
                  87e254a8    0000001c               : sys.o64P (.cinit)
                  87e254c4    00000004     --HOLE-- [fill = 0]
                  87e254c8    0000001c     dsplink.lib : dsplink.obj (.cinit)
                  87e254e4    00000004     --HOLE-- [fill = 0]
                  87e254e8    0000001c     dsplinkmpcs.lib : _mpcs.obj (.cinit)
                  87e25504    00000004     --HOLE-- [fill = 0]
                  87e25508    0000001c     dsplinkmplist.lib : _mplist.obj (.cinit)
                  87e25524    00000004     --HOLE-- [fill = 0]
                  87e25528    0000001c     dsplinknotify.lib : _notify.obj (.cinit)
                  87e25544    00000004     --HOLE-- [fill = 0]
                  87e25548    0000001c     dsplinkringio.lib : ringio.obj (.cinit)
                  87e25564    00000004     --HOLE-- [fill = 0]
                  87e25568    0000001c     rts64plus.lib : _lock.obj (.cinit)
                  87e25584    00000004     --HOLE-- [fill = 0]
                  87e25588    00000018     bios.a64P : knl_tick.o64P (.cinit)
                  87e255a0    00000014               : hwi_disp.o64P (.cinit)
                  87e255b4    00000004     --HOLE-- [fill = 0]
                  87e255b8    00000014     bios3430.a64P : bcache_table.o64P (.cinit)
                  87e255cc    00000004     --HOLE-- [fill = 0]
                  87e255d0    0000000c     bios.a64P : knl_star.o64P (.cinit)
                  87e255dc    00000004     --HOLE-- [fill = 0]
                  87e255e0    0000000c               : knl_swit.o64P (.cinit)
                  87e255ec    00000004     --HOLE-- [fill = 0]
                  87e255f0    0000000c               : msgq.o64P (.cinit)
                  87e255fc    00000004     --HOLE-- [fill = 0]
                  87e25600    0000000c               : pool.o64P (.cinit)
                  87e2560c    00000004     --HOLE-- [fill = 0]
                  87e25610    0000000c     bios3430.a64P : bcache_wait.o64P (.cinit)
                  87e2561c    00000004     --HOLE-- [fill = 0]
                  87e25620    0000000c     dsplink.lib : shm_drv.obj (.cinit)
                  87e2562c    00000004     --HOLE-- [fill = 0]
                  87e25630    0000000c     dsplinkmpcs.lib : mpcs.obj (.cinit)
                  87e2563c    00000004     --HOLE-- [fill = 0]
                  87e25640    0000000c     dsplinkmsg.lib : dsplinkmqt.obj (.cinit)
                  87e2564c    00000004     --HOLE-- [fill = 0]
                  87e25650    0000000c     rts64plus.lib : fopen.obj (.cinit)
                  87e2565c    00000004     --HOLE-- [fill = 0]
                  87e25660    0000000a     bios.a64P : msgq_init.o64P (.cinit)
                  87e2566a    00000006     --HOLE-- [fill = 0]
                  87e25670    0000000a               : msgq_stup.o64P (.cinit)
                  87e2567a    00000006     --HOLE-- [fill = 0]
                  87e25680    0000000a               : pool_init.o64P (.cinit)
                  87e2568a    00000006     --HOLE-- [fill = 0]
                  87e25690    00000004     (.pad.cinit) [fill = 0]

.idl       0    87e25694    00000004     UNINITIALIZED
                  87e25694    00000004     readwritecfg.obj (.idl)

.far       0    87e25698    000009fc     UNINITIALIZED
                  87e25698    00000324     rts64plus.lib : defs.obj (.far)
                  87e259bc    00000004     bios3430.a64P : bcache_wait.o64P (.far)
                  87e259c0    00000120     dsplink.lib : ips.obj (.far)
                  87e25ae0    0000011c     rts64plus.lib : lowlev.obj (.far)
                  87e25bfc    00000004     bios3430.a64P : clk2430_data.o64P (.far)
                  87e25c00    000000d8     bios.a64P : knl.o64P (.far)
                  87e25cd8    000000d0     rts64plus.lib : trgdrv.obj (.far)
                  87e25da8    00000080     dsplinkpool.lib : dsplinkpool.obj (.far)
                  87e25e28    00000080     readwrite_config.obj (.far)
                  87e25ea8    0000005c     bios.a64P : tsk.o64P (.far)
                  87e25f04    00000004     dsplink.lib : shm_drv.obj (.far)
                  87e25f08    00000054     bios.a64P : obj_init.o64P (.far)
                  87e25f5c    00000050               : tsk_stup.o64P (.far)
                  87e25fac    00000004     dsplinkdata.lib : dsplinkdata.obj (.far)
                  87e25fb0    00000020     bios.a64P : sys.o64P (.far)
                  87e25fd0    00000016     dsplinkmsg.lib : zcpy_mqt.obj (.far)
                  87e25fe6    00000002     --HOLE--
                  87e25fe8    00000014     dsplink.lib : hal_interrupt.obj (.far)
                  87e25ffc    00000010     bios.a64P : exc.o64P (.far)
                  87e2600c    00000010               : knl_tick.o64P (.far)
                  87e2601c    0000000c               : hwi_disp.o64P (.far)
                  87e26028    0000000c               : utl_putc.o64P (.far)
                  87e26034    0000000c     bios3430.a64P : bcache_table.o64P (.far)
                  87e26040    0000000c     rts64plus.lib : exit.obj (.far)
                  87e2604c    00000008     dsplink.lib : dsplink.obj (.far)
                  87e26054    00000008     dsplinkmpcs.lib : _mpcs.obj (.far)
                  87e2605c    00000008                     : mpcs.obj (.far)
                  87e26064    00000008     dsplinkmplist.lib : _mplist.obj (.far)
                  87e2606c    00000008     dsplinknotify.lib : _notify.obj (.far)
                  87e26074    00000008     dsplinkringio.lib : ringio.obj (.far)
                  87e2607c    00000008     rts64plus.lib : _lock.obj (.far)
                  87e26084    00000004     dsplinkmsg.lib : dsplinkmqt.obj (.far)
                  87e26088    00000004     main.obj (.far)
                  87e2608c    00000004     readwritecfg.obj (.far)
                  87e26090    00000004     rts64plus.lib : fopen.obj (.far)

.idlcal    0    87e26094    00000004     UNINITIALIZED
                  87e26094    00000004     readwritecfg.obj (.idlcal)

.const     0    87e26098    000007d5     
                  87e26098    0000029d     dsplink.lib : dsplink.obj (.const:.string)
                  87e26335    00000193     bios.a64P : exc.o64P (.const)
                  87e264c8    00000101     rts64plus.lib : ctype.obj (.const:.string:__ctypes_)
                  87e265c9    0000004e     bios.a64P : pool_init.o64P (.const)
                  87e26617    0000004e               : tsk_stup.o64P (.const)
                  87e26665    0000003f     tskReadwrite.obj (.const:.string)
                  87e266a4    00000032     main.obj (.const:.string)
                  87e266d6    0000002c     bios.a64P : msgq_init.o64P (.const)
                  87e26702    00000024               : msgq_stup.o64P (.const)
                  87e26726    00000023     rts64plus.lib : _printfi.obj (.const:.string)
                  87e26749    00000023     bios.a64P : utl_doab.o64P (.const)
                  87e2676c    00000022     dsplinkmsg.lib : zcpy_mqt.obj (.const:.string)
                  87e2678e    00000022     bios.a64P : utl_doer.o64P (.const)
                  87e267b0    00000019     dsplinkmplist.lib : _mplist.obj (.const:.string)
                  87e267c9    00000019     dsplinkringio.lib : _ringio.obj (.const:.string)
                  87e267e2    00000002     rts64plus.lib : fputs.obj (.const:.string)
                  87e267e4    00000018     bios.a64P : msgq.o64P (.const)
                  87e267fc    00000012     dsplinkmpcs.lib : _mpcs.obj (.const:.string)
                  87e2680e    00000012                     : mpcs.obj (.const:.string)
                  87e26820    00000012     dsplinkpool.lib : sma_pool.obj (.const:.string)
                  87e26832    00000002     --HOLE-- [fill = 0]
                  87e26834    00000010                     : sma_pool.obj (.const)
                  87e26844    00000004     bios.a64P : mem_allo.o64P (.const)
                  87e26848    0000000e     dsplink.lib : dsplink.obj (.const:.string:___FUNCTION__$1)
                  87e26856    00000002     --HOLE-- [fill = 0]
                  87e26858    00000008     rts64plus.lib : divd.obj (.const:.string:_initial_approx$1)
                  87e26860    00000008                   : divf.obj (.const:.string:_initial_approx$1)
                  87e26868    00000004     bios.a64P : mem_free.o64P (.const)
                  87e2686c    00000001               : tsk.o64P (.const)

.printf    0    87e2686d    0000001a     COPY SECTION
                  87e2686d    0000001a     readwritecfg.obj (.printf)

.sts       0    87e26870    00000010     
                  87e26870    00000010     readwritecfg.obj (.sts)

.sysinit   0    87e26880    00000760     
                  87e26880    00000320     readwritecfg.obj (.sysinit)
                  87e26ba0    00000140     bios.a64P : msgq_init.o64P (.sysinit)
                  87e26ce0    00000120               : pool_init.o64P (.sysinit)
                  87e26e00    000000c0               : boot.o64P (.sysinit)
                  87e26ec0    000000a0               : mem_init.o64P (.sysinit)
                  87e26f60    00000060               : tsk_init.o64P (.sysinit)
                  87e26fc0    00000020               : obj_init.o64P (.sysinit)

.TSK_idle$stk 
*          0    87e26fe0    00000400     UNINITIALIZED
                  87e26fe0    00000400     readwritecfg.obj (.TSK_idle$stk)

.bss       0    87e273e0    0000033e     UNINITIALIZED
                  87e273e0    00000100     bios.a64P : hwi_disp_asm.o64P (.bss)
                  87e274e0    000000cc               : biosdata.o64P (.bss)
                  87e275ac    0000009c               : swi.o64P (.bss)
                  87e27648    00000048               : knl.o64P (.bss)
                  87e27690    00000020               : exc_asm.o64P (.bss)
                  87e276b0    00000018               : hwi.o64P (.bss)
                  87e276c8    00000010               : exc.o64P (.bss)
                  87e276d8    00000010     readwritecfg.obj (.bss)
                  87e276e8    0000000c     bios.a64P : tsk.o64P (.bss)
                  87e276f4    00000008               : clk_data.o64P (.bss)
                  87e276fc    00000008               : sys.o64P (.bss)
                  87e27704    00000004               : clk_data2.o64P (.bss)
                  87e27708    00000004               : knl_star.o64P (.bss)
                  87e2770c    00000004               : mem_asm.o64P (.bss)
                  87e27710    00000004               : msgq.o64P (.bss)
                  87e27714    00000004               : pool.o64P (.bss)
                  87e27718    00000002               : msgq_init.o64P (.bss)
                  87e2771a    00000002               : msgq_stup.o64P (.bss)
                  87e2771c    00000002               : pool_init.o64P (.bss)

.tsk       0    87e27720    00000060     UNINITIALIZED
                  87e27720    00000060     readwritecfg.obj (.tsk)

.trace$buf 
*          0    87e27780    00000080     UNINITIALIZED
                  87e27780    00000080     readwritecfg.obj (.trace$buf)

.hwi_vec   0    87e27800    00000200     
                  87e27800    00000200     readwritecfg.obj (.hwi_vec)

.trace     0    87e27a00    00000200     
                  87e27a00    00000200     --HOLE-- [fill = 00000000]

.cio       0    87e27c00    00000120     UNINITIALIZED
                  87e27c00    00000120     rts64plus.lib : trgmsg.obj (.cio)

.gblinit   0    87e27d20    00000034     
                  87e27d20    00000034     readwritecfg.obj (.gblinit)

.args      0    87e27d54    00000032     
                  87e27d54    00000032     --HOLE-- [fill = 0]

.log       0    87e27d88    00000030     
                  87e27d88    00000030     readwritecfg.obj (.log)

.swi       0    87e27db8    0000002c     UNINITIALIZED
                  87e27db8    0000002c     readwritecfg.obj (.swi)

.switch    0    87e27de4    00000010     
                  87e27de4    00000010     dsplinkringio.lib : _ringio.obj (.switch:__RingIO_checkNotifier)

.trcdata   0    87e27df4    0000000c     
                  87e27df4    0000000c     bios.a64P : trc.o64P (.trcdata)

.LOG_system$buf 
*          0    87e27e00    00000100     UNINITIALIZED
                  87e27e00    00000100     readwritecfg.obj (.LOG_system$buf)

.data      0    87e27f00    00000084     UNINITIALIZED
                  87e27f00    00000084     dsplink.lib : dsplink.obj (.data:DSPLINK_shmBaseAddress)

.sys       0    87e27f84    00000010     UNINITIALIZED
                  87e27f84    00000010     readwritecfg.obj (.sys)

.clk       0    87e27f94    00000008     UNINITIALIZED
                  87e27f94    00000008     readwritecfg.obj (.clk)

.mem       0    87e27f9c    00000004     UNINITIALIZED
                  87e27f9c    00000004     readwritecfg.obj (.mem)


GLOBAL SYMBOLS: SORTED ALPHABETICALLY BY Name 

address    name
--------   ----
87e273e0   $bss
87e273e0   .bss
87e27f00   .data
87e10080   .text
87e26880   BIOS_init
87e26ae8   BIOS_start
00000000   BUF$
00000001   BUF_ENABLED
87e1e478   C$$IO$$
ffffffff   CACHE_L1D
ffffffff   CACHE_L1P
ffffffff   CACHE_L2
00000001   CLK$
87e27f94   CLK_A_TABBEG
00000001   CLK_CALDIV
00000001   CLK_CALMULT
00050910   CLK_COUNTSPMS
00000005   CLK_COUNTSPMSHIGH
87e27508   CLK_D_idletime
87e27504   CLK_D_isrhook
87e27500   CLK_D_tabbeg
87e274fc   CLK_D_timefxn
00000001   CLK_ENABLEHTIME
87e21400   CLK_F_getltime
87e21410   CLK_F_isr
87e21560   CLK_F_itime
87e1edc0   CLK_HOOKFXN
00000001   CLK_HTIMEDIV
00000001   CLK_HTIMEMULT
00050910   CLK_HTIMEPERLTIME
00004b00   CLK_INPUTCLK
00004000   CLK_INTBIT
00000001   CLK_LTIMEDIV
00050910   CLK_LTIMEMULT
000003e8   CLK_MICROSECS
00000001   CLK_POWERENABLE
00004b00   CLK_PRD
00000000   CLK_PRDHIGH
49038000   CLK_REGS
00000000   CLK_RESETTIMER
87e274f8   CLK_R_time
00000020   CLK_TCR
00000000   CLK_TDDR
00000000   CLK_TDDRHIGH
87e23900   CLK_TIMEFXN
00000000   CLK_TIMERNUM
00000005   CLK_TIMMODE
00000001   CLK_USETIMER
87e27f98   CLK_null
87e276e4   DDR2
87e00080   DDR2$B
00010000   DDR2$L
00000000   DEV$
00000000   DGN$
00000000   DHL$
00000000   DHL_gChannelsAvailable
00000000   DIO$
00000000   DIO_NUMSWIBASE
00000000   DIO_NUMTSKBASE
00000000   DIO_STATIC
00000000   DPI$
ffffffff   DSPLINKMEM
00000000   ECM$
00000000   ECM_ENABLE
ffffffff   ECM_EVTMASK0
ffffffff   ECM_EVTMASK1
ffffffff   ECM_EVTMASK2
ffffffff   ECM_EVTMASK3
0000000a   EVENT10
00000064   EVENT100
00000065   EVENT101
00000066   EVENT102
00000067   EVENT103
00000068   EVENT104
00000069   EVENT105
0000006a   EVENT106
0000006b   EVENT107
0000006c   EVENT108
0000006d   EVENT109
0000000b   EVENT11
0000006e   EVENT110
0000006f   EVENT111
00000070   EVENT112
00000071   EVENT113
00000072   EVENT114
00000073   EVENT115
00000074   EVENT116
00000075   EVENT117
00000076   EVENT118
00000077   EVENT119
0000000c   EVENT12
00000078   EVENT120
00000079   EVENT121
0000007a   EVENT122
0000007b   EVENT123
0000007c   EVENT124
0000007d   EVENT125
0000007e   EVENT126
0000007f   EVENT127
0000000d   EVENT13
0000000e   EVENT14
0000000f   EVENT15
00000010   EVENT16
00000011   EVENT17
00000012   EVENT18
00000013   EVENT19
00000014   EVENT20
00000015   EVENT21
00000016   EVENT22
00000017   EVENT23
00000018   EVENT24
00000019   EVENT25
0000001a   EVENT26
0000001b   EVENT27
0000001c   EVENT28
0000001d   EVENT29
0000001e   EVENT30
0000001f   EVENT31
00000020   EVENT32
00000021   EVENT33
00000022   EVENT34
00000023   EVENT35
00000024   EVENT36
00000025   EVENT37
00000026   EVENT38
00000027   EVENT39
00000004   EVENT4
00000028   EVENT40
00000029   EVENT41
0000002a   EVENT42
0000002b   EVENT43
0000002c   EVENT44
0000002d   EVENT45
0000002e   EVENT46
0000002f   EVENT47
00000030   EVENT48
00000031   EVENT49
00000005   EVENT5
00000032   EVENT50
00000033   EVENT51
00000034   EVENT52
00000035   EVENT53
00000036   EVENT54
00000037   EVENT55
00000038   EVENT56
00000039   EVENT57
0000003a   EVENT58
0000003b   EVENT59
00000006   EVENT6
0000003c   EVENT60
0000003d   EVENT61
0000003e   EVENT62
0000003f   EVENT63
00000040   EVENT64
00000041   EVENT65
00000042   EVENT66
00000043   EVENT67
00000044   EVENT68
00000045   EVENT69
00000007   EVENT7
00000046   EVENT70
00000047   EVENT71
00000048   EVENT72
00000049   EVENT73
0000004a   EVENT74
0000004b   EVENT75
0000004c   EVENT76
0000004d   EVENT77
0000004e   EVENT78
0000004f   EVENT79
00000008   EVENT8
00000050   EVENT80
00000051   EVENT81
00000052   EVENT82
00000053   EVENT83
00000054   EVENT84
00000055   EVENT85
00000056   EVENT86
00000057   EVENT87
00000058   EVENT88
00000059   EVENT89
00000009   EVENT9
0000005a   EVENT90
0000005b   EVENT91
0000005c   EVENT92
0000005d   EVENT93
0000005e   EVENT94
0000005f   EVENT95
00000060   EVENT96
00000061   EVENT97
00000062   EVENT98
00000063   EVENT99
87e23380   FXN_F_nop
87e23384   FXN_F_run
87e233c0   FXN_F_zero
00000001   GBL$
00005205   GBL_A_VERSION
00000000   GBL_BCACHEREADADDR0
00000000   GBL_BCACHEREADADDR1
00000000   GBL_BCACHEREADADDR2
00000000   GBL_BIGENDIAN
00000000   GBL_CACHE
00000000   GBL_CALLCSLCFGINIT
00004e20   GBL_CLKIN
00000d66   GBL_CLKTYPE
00001963   GBL_DSPSUBTYPE
0000003e   GBL_DSPTYPE
00000000   GBL_ENABLEINST
00000000   GBL_ENABLE_SK
00000042   GBL_FOOTPRINT
00050910   GBL_FREQ
00000000   GBL_GEMTRUECOMPEN
00000007   GBL_L1DMODE
00000003   GBL_L1PMODE
00000001   GBL_L2CONFIGURE
00000000   GBL_L2MAR0_31
00000080   GBL_L2MAR128_159
00000000   GBL_L2MAR160_191
00000000   GBL_L2MAR192_223
00000000   GBL_L2MAR224_255
00000000   GBL_L2MAR32_63
00000000   GBL_L2MAR64_95
00000000   GBL_L2MAR96_127
00000001   GBL_L2MODE
00000000   GBL_NULL
00000000   GBL_PROCID
00000000   GBL_ROM
00000000   GBL_SUPPORTCSL
00004000   GBL_TRCMASKVALUE
00000000   GBL_USERINIT
87e237e0   GBL_USERINITFXN
00000001   GBL_boot
87e27dfc   GBL_initdone
87e23920   GBL_stackbeg
87e2491f   GBL_stackend
00000000   GIO$
87e237e0   GIO_CREATEFXN
87e237e0   GIO_DELETEFXN
87e237e0   GIO_PENDFXN
87e237e0   GIO_POSTFXN
00000000   HOOK$
00000000   HOOK_KNLID
00000000   HST$
87e00080   HST_A_TABBEG
87e00080   HST_A_TABEND
00000000   HST_DSM
87e276e4   HST_DSMBUFSEG
00000400   HST_DSMMEMSIZE
87e27574   HST_D_chanmask
87e27578   HST_D_tabbeg
87e2757c   HST_D_tabend
00000100   HST_MAXFRAMEALLOWED
00000000   HST_MAXFRAMESET
00000001   HST_NONE
00000000   HST_RTDX
00000001   HWI$
87e27800   HWI_A_VECS
00004000   HWI_CFGDISPATCHED
87e276c0   HWI_D_bss
87e276c4   HWI_D_ccmask
87e276b0   HWI_D_spsave
00000001   HWI_ENABLE_EXC
87e1edc0   HWI_F_dispatch
00000000   HWI_GENERATE_RESET_VEC
0000000a   HWI_INT10
00000000   HWI_INT10$hwi
0000000b   HWI_INT11
00000000   HWI_INT11$hwi
0000000c   HWI_INT12
00000000   HWI_INT12$hwi
0000000d   HWI_INT13
00000000   HWI_INT13$hwi
0000000e   HWI_INT14
00000000   HWI_INT14$hwi
0000000f   HWI_INT15
00000000   HWI_INT15$hwi
00000004   HWI_INT4
00000000   HWI_INT4$hwi
00000005   HWI_INT5
00000000   HWI_INT5$hwi
00000006   HWI_INT6
00000000   HWI_INT6$hwi
00000007   HWI_INT7
00000000   HWI_INT7$hwi
00000008   HWI_INT8
00000000   HWI_INT8$hwi
00000009   HWI_INT9
00000000   HWI_INT9$hwi
07060504   HWI_INTRMUX1
0a0a0908   HWI_INTRMUX2
34330d0b   HWI_INTRMUX3
00000001   HWI_NMI
00000000   HWI_NMI$hwi
00000000   HWI_POLARITYMASK
00000002   HWI_RESERVED0
00000000   HWI_RESERVED0$hwi
00000003   HWI_RESERVED1
00000000   HWI_RESERVED1$hwi
00000000   HWI_RESET
00000000   HWI_RESET$hwi
00000000   HWI_ZEROTAB
00000000   IDL$
87e26094   IDL_A_CALBEG
87e25694   IDL_A_TABBEG
00000000   IDL_CALIBRERROR
00000000   IDL_CALIBRFXN
87e274e8   IDL_D_calbeg
87e274e4   IDL_D_calibrate
87e274e0   IDL_D_tabbeg
87e25694   IDL_END
87e26094   IDL_END$
87e23840   IDL_F_loop
00000000   IDL_USECLKIDLTIME
ffffffff   IRAM
00000001   ISRC$
87e218b8   KNL_glue
87e27db8   KNL_swi
00000001   KNL_swi$dorta
00000000   KNL_swi$ord
00000000   KNL_swi$pri
87e26874   KNL_swi$sts
87e2687d   KNL_swi$sts$avgfmt
00000002   KNL_swi$sts$filter
00000001   KNL_swi$sts$filtmaxmult
00000001   KNL_swi$sts$filtsummult
87e2686d   KNL_swi$sts$maxfmt
87e26870   KNL_swi$sts$stsobj
87e26875   KNL_swi$sts$sumfmt
00000000   KNL_swi$sts$unittype
00000000   KNL_swi$swi
ffffffff   L1DSRAM
00000001   LCK$
00000001   LOG$
87e27d88   LOG_A_TABBEG
87e27db8   LOG_A_TABEND
00000002   LOG_A_TABLEN
87e274ec   LOG_D_system
00000001   LOG_ENABLED
87e230c0   LOG_F_event
87e27d88   LOG_system
87e27e00   LOG_system$buf
00000000   LOG_system$datatype
00000000   LOG_system$log
00000040   LOG_system$size
00000000   MBX$
00000001   MEM$
87e276e4   MEM_MALLOCSEG
00000000   MEM_NULL
87e276e4   MEM_SEGZERO
00000000   MEM_USEMPC
00000001   MEM_gNumHeap
00000001   MSGQ$
00000001   MSGQ_USEMSGQ
00000000   OBJ$
00000000   PIP$
87e00080   PIP_A_TABBEG
87e00080   PIP_A_TABEND
00000000   PIP_A_TABLEN
87e274f0   PIP_D_tabbeg
87e274f4   PIP_D_tablen
00000064   PIP_OBJSIZE
00000000   PIP_gNextId
00000000   PIP_gNumEmbed
00000001   POOL$
ffffffff   POOLMEM
00000001   POOL_USEPOOL
00000001   PRD$
87e00080   PRD_A_TABBEG
87e00080   PRD_A_TABEND
00000000   PRD_A_TABLEN
87e27530   PRD_D_cur
87e27534   PRD_D_elapsed
87e27538   PRD_D_prevtim
87e2753c   PRD_D_scalar
87e27540   PRD_D_swihandle
87e27544   PRD_D_tabbeg
87e27548   PRD_D_tablen
87e2754c   PRD_D_thook
87e2752c   PRD_D_tick
87e1f760   PRD_F_swi
87e1f9e4   PRD_F_tick
00000001   PRD_SCALAR
00000000   PRD_SWIHANDLE
87e2106c   PRD_THOOKFXN
87e27f94   PRD_clock
00000001   PWRM$
00000000   PWRM_PWRM_CAPSMASK
0000000a   PWRM_PWRM_CLKTICKSPERSLOT
00000000   PWRM_PWRM_ENABLE
00000000   PWRM_PWRM_LOADENABLE
00000001   PWRM_PWRM_NUMSLOTS
00000000   PWRM_PWRM_RESOURCETRACKING
00000000   PWRM_PWRM_SCALING
87e237e0   PWRM_PWRM_SHAREDRESOURCEFXN
87e237e0   PWRM_PWRM_SLOTHOOKFXN
00000000   PWRM_PWRM_TIMERIDNUM
00000000   PWRM_PWRM_TIMERINTRMASK
00000000   PWRM_PWRM_TIMERWUGENMASK
00000000   PWRM_PWRM_USERRESOURCES
00000000   PWRM_PWRM_USETIMER
00000001   QUE$
ffffffff   RESET_VECTOR
87e27550   RTA_D_fromHost
87e27558   RTA_D_logval
87e27568   RTA_D_stsval
87e27554   RTA_D_toHost
00000000   RTDX$
00000408   RTDX_BUFMEMSIZE
87e276e4   RTDX_DATAMEMSEG
00000000   RTDX_MODE
00000000   RTDX_USERTDX
00000000   RTDX_USERTEXECUTION
00000000   SEM$
00000000   SIO$
00000000   STS$
87e26870   STS_A_TABBEG
87e26880   STS_A_TABEND
87e235ec   STS_F_add
87e235c0   STS_F_delta
87e23608   STS_F_reset
00000001   SWI$
87e27db8   SWI_A_TABBEG
87e27de4   SWI_A_TABEND
00000001   SWI_A_TABLEN
87e275c4   SWI_D_curfxn
87e275b4   SWI_D_curmask
87e275c0   SWI_D_curmbox
87e275b8   SWI_D_curset
87e275b0   SWI_D_execaddr
87e275cc   SWI_D_inswi
87e275bc   SWI_D_lock
87e275c8   SWI_D_rdybeg
87e275d0   SWI_D_rdytab
87e275ac   SWI_D_runaddr
00000000   SWI_EHOOKFXN
87e1f484   SWI_EXECFXN
87e1f2a0   SWI_F_enable
87e1f484   SWI_F_exec
87e1f4ac   SWI_F_iexec
87e1f310   SWI_F_post
87e1f52c   SWI_F_run
00000000   SWI_IHOOKFXN
87e1f52c   SWI_RUNFXN
00000001   SYS$
87e27f84   SYS$config
87e237a0   SYS_ABORTFXN
87e238c0   SYS_ERRORFXN
87e238e0   SYS_EXITFXN
87e23680   SYS_PUTCFXN
87e27df8   TRC_R_mask
87e27df4   TRC_cinit
00000001   TSK$
00000000   TSK_NUM_HOOKS
00000001   TSK_PRIORITY
00000000   TSK_READYFXN
87e276e4   TSK_STACKSEG
00000400   TSK_STACKSIZE
00000000   TSK_SWITCHFXN
87e237e0   TSK_VCREATEFXN
87e237e0   TSK_VDELETEFXN
87e237e0   TSK_VEXITFXN
87e2772c   TSK_idle
00000000   TSK_idle$ord
00000000   TSK_idle$pri
87e26fe0   TSK_idle$stack
87e27378   TSK_idle$stkptr
00000000   TSK_idle$tsk
00000000   UDEV$
87e22dc0   _ATM_andi
87e22dc0   _ATM_andu
87e22dd0   _ATM_cleari
87e22dd0   _ATM_clearu
87e22de0   _ATM_deci
87e22de0   _ATM_decu
87e22df0   _ATM_inci
87e22df0   _ATM_incu
87e22e04   _ATM_ori
87e22e04   _ATM_oru
87e22e14   _ATM_seti
87e22e14   _ATM_setu
87e21e74   _BCACHE_bootInit
87e21ef4   _BCACHE_getMar
87e21ea4   _BCACHE_getSize
87e226b0   _BCACHE_inv
87e23230   _BCACHE_invL1pAll
87e21e74   _BCACHE_setCacheToSram
87e21e24   _BCACHE_setMar
87e21de0   _BCACHE_setSize
87e23240   _BCACHE_wait
87e226a0   _BCACHE_wb
87e23220   _BCACHE_wbAll
87e2268c   _BCACHE_wbInv
87e2320c   _BCACHE_wbInvAll
87e26880   _BIOS_init
87e26ae8   _BIOS_start
87e2370c   _C62_clearIFR
87e236e0   _C62_disableIER
87e20ae8   _C62_dispatchPlug
87e236f8   _C62_enableIER
87e20ae0   _C62_plug
87e2370c   _C64_clearIFR
87e236e0   _C64_disableIER
87e20ae8   _C64_dispatchPlug
87e236f8   _C64_enableIER
87e20ae0   _C64_plug
ffffffff   _CACHE_L1D
ffffffff   _CACHE_L1P
ffffffff   _CACHE_L2
00050910   _CLK_COUNTSPMS
87e276f4   _CLK_DFLTMICROSECS
87e27528   _CLK_D_countspms
87e2751c   _CLK_D_dirty
87e276f8   _CLK_D_microseconds
87e27520   _CLK_D_prd
87e27524   _CLK_D_tddr
87e21560   _CLK_F_itime
00004b00   _CLK_PRD
49038000   _CLK_REGS
00000000   _CLK_TDDR
00000000   _CLK_TIMERNUM
00000001   _CLK_USETIMER
87e23900   _CLK_gethtime
49038000   _CLK_gptimer
87e2608c   _CLK_gptimer_enablemask
87e2750c   _CLK_htimeDiv
87e27510   _CLK_htimeMult
87e27704   _CLK_htimePerLtime
87e25bfc   _CLK_inputClock
87e21560   _CLK_itime
87e27514   _CLK_ltimeDiv
87e27518   _CLK_ltimeMult
87e21f4c   _CLK_reconfig
87e20764   _CLK_start
87e20700   _CLK_stop
87e276e4   _DDR2
87e00080   _DDR2_base
00010000   _DDR2_length
87e25fac   _DSPLINKDATA_ctrlPtr
87e1e480   _DSPLINKDATA_init
87e1ce40   _DSPLINKIPS_init
ffffffff   _DSPLINKMEM
87e26084   _DSPLINKMQT_ctrlPtr
87e1e4c0   _DSPLINKMQT_init
87e25da8   _DSPLINKPOOL_ctrlPtr
87e1d8c0   _DSPLINKPOOL_init
87e1cd80   _DSPLINK_init
87e27f00   _DSPLINK_shmBaseAddress
87e27f08   _DSPLINK_shmBaseAddress_pad
87e26050   _DSPLINK_terminateFxn
87e155c0   _DSPLINK_terminateISR
0000000a   _EVENT10
00000064   _EVENT100
00000065   _EVENT101
00000066   _EVENT102
00000067   _EVENT103
00000068   _EVENT104
00000069   _EVENT105
0000006a   _EVENT106
0000006b   _EVENT107
0000006c   _EVENT108
0000006d   _EVENT109
0000000b   _EVENT11
0000006e   _EVENT110
0000006f   _EVENT111
00000070   _EVENT112
00000071   _EVENT113
00000072   _EVENT114
00000073   _EVENT115
00000074   _EVENT116
00000075   _EVENT117
00000076   _EVENT118
00000077   _EVENT119
0000000c   _EVENT12
00000078   _EVENT120
00000079   _EVENT121
0000007a   _EVENT122
0000007b   _EVENT123
0000007c   _EVENT124
0000007d   _EVENT125
0000007e   _EVENT126
0000007f   _EVENT127
0000000d   _EVENT13
0000000e   _EVENT14
0000000f   _EVENT15
00000010   _EVENT16
00000011   _EVENT17
00000012   _EVENT18
00000013   _EVENT19
00000014   _EVENT20
00000015   _EVENT21
00000016   _EVENT22
00000017   _EVENT23
00000018   _EVENT24
00000019   _EVENT25
0000001a   _EVENT26
0000001b   _EVENT27
0000001c   _EVENT28
0000001d   _EVENT29
0000001e   _EVENT30
0000001f   _EVENT31
00000020   _EVENT32
00000021   _EVENT33
00000022   _EVENT34
00000023   _EVENT35
00000024   _EVENT36
00000025   _EVENT37
00000026   _EVENT38
00000027   _EVENT39
00000004   _EVENT4
00000028   _EVENT40
00000029   _EVENT41
0000002a   _EVENT42
0000002b   _EVENT43
0000002c   _EVENT44
0000002d   _EVENT45
0000002e   _EVENT46
0000002f   _EVENT47
00000030   _EVENT48
00000031   _EVENT49
00000005   _EVENT5
00000032   _EVENT50
00000033   _EVENT51
00000034   _EVENT52
00000035   _EVENT53
00000036   _EVENT54
00000037   _EVENT55
00000038   _EVENT56
00000039   _EVENT57
0000003a   _EVENT58
0000003b   _EVENT59
00000006   _EVENT6
0000003c   _EVENT60
0000003d   _EVENT61
0000003e   _EVENT62
0000003f   _EVENT63
00000040   _EVENT64
00000041   _EVENT65
00000042   _EVENT66
00000043   _EVENT67
00000044   _EVENT68
00000045   _EVENT69
00000007   _EVENT7
00000046   _EVENT70
00000047   _EVENT71
00000048   _EVENT72
00000049   _EVENT73
0000004a   _EVENT74
0000004b   _EVENT75
0000004c   _EVENT76
0000004d   _EVENT77
0000004e   _EVENT78
0000004f   _EVENT79
00000008   _EVENT8
00000050   _EVENT80
00000051   _EVENT81
00000052   _EVENT82
00000053   _EVENT83
00000054   _EVENT84
00000055   _EVENT85
00000056   _EVENT86
00000057   _EVENT87
00000058   _EVENT88
00000059   _EVENT89
00000009   _EVENT9
0000005a   _EVENT90
0000005b   _EVENT91
0000005c   _EVENT92
0000005d   _EVENT93
0000005e   _EVENT94
0000005f   _EVENT95
00000060   _EVENT96
00000061   _EVENT97
00000062   _EVENT98
00000063   _EVENT99
87e1ed90   _EXC_clearLastStatus
87e20cc0   _EXC_dispatch
87e1ec14   _EXC_exceptionHandler
87e276c8   _EXC_exceptionHook
87e1ebe0   _EXC_external
87e276d0   _EXC_externalHook
87e1ebc0   _EXC_getLastStatus
87e1eb80   _EXC_init
87e1e8d4   _EXC_internal
87e276cc   _EXC_internalHook
87e1e8a0   _EXC_nmi
87e276d4   _EXC_nmiHook
87e27698   _EXC_returnPtr
87e20e84   _EXC_setReturnPtr
87e25ffc   _EXC_status
87e27690   _EXC_sysTrapTable
87e237e0   _FXN_F_nop
87e23384   _FXN_F_run
87e233c0   _FXN_F_zero
00000000   _GBL_CACHE
87e220c4   _GBL_cacheInit64P
87e27584   _GBL_clkIn
87e27588   _GBL_freq
87e23800   _GBL_getVersion
87e27580   _GBL_procId
87e1e768   _HAL_exit
87e1e740   _HAL_init
87e1c818   _HAL_intClear
87e1c7ec   _HAL_intDisable
87e1c7c0   _HAL_intEnable
87e1b2c4   _HAL_intInit
87e1b1a0   _HAL_intRegister
87e1c7b0   _HAL_intSend
87e1c740   _HAL_intWaitClear
87e23820   _HOOK_setenv
87e1d960   _HOSTclose
87e1c340   _HOSTlseek
87e1c840   _HOSTopen
87e1c920   _HOSTread
87e1b6c0   _HOSTrename
87e1cfc0   _HOSTunlink
87e1d080   _HOSTwrite
87e00080   _HST_A_TABBEG
87e00080   _HST_A_TABEND
87e2601c   _HWI_ATTRS
00004000   _HWI_CFGDISPATCHED
87e276bc   _HWI_D_inhwi
87e276b0   _HWI_D_spsave
87e1edc0   _HWI_F_dispatch
0000000a   _HWI_INT10
0000000b   _HWI_INT11
0000000c   _HWI_INT12
0000000d   _HWI_INT13
0000000e   _HWI_INT14
0000000f   _HWI_INT15
00000004   _HWI_INT4
00000005   _HWI_INT5
00000006   _HWI_INT6
00000007   _HWI_INT7
00000008   _HWI_INT8
00000009   _HWI_INT9
00000001   _HWI_NMI
00000002   _HWI_RESERVED0
00000003   _HWI_RESERVED1
00000000   _HWI_RESET
87e24918   _HWI_STKBOTTOM
87e23920   _HWI_STKTOP
87e276b0   _HWI_data
87e233e0   _HWI_disable
87e22e40   _HWI_dispatchPlug
87e273e0   _HWI_dispatchTab
87e233f8   _HWI_enable
87e22ec0   _HWI_eventMap
87e2340c   _HWI_restore
87e23840   _IDL_loop
87e14c54   _IPS_clearReserved
87e14ba0   _IPS_exit
87e14a40   _IPS_init
87e14500   _IPS_isNotReserved
87e14860   _IPS_notify
87e14520   _IPS_register
87e144d4   _IPS_setReserved
87e14180   _IPS_unregister
ffffffff   _IRAM
87e27650   _KNL_alarm
87e22180   _KNL_check
87e27674   _KNL_curqueue
87e27664   _KNL_curtask
87e2766c   _KNL_curtime
87e25ca0   _KNL_dummy
87e228c0   _KNL_enter
87e22880   _KNL_exit
87e22248   _KNL_idle
87e2768c   _KNL_idlefxn
87e27658   _KNL_inactive
87e22f40   _KNL_ipost
87e22270   _KNL_max
87e27678   _KNL_maxqueue
87e22fc0   _KNL_post
87e27668   _KNL_prevtask
87e2765c   _KNL_priority
87e25c00   _KNL_queues
87e21a20   _KNL_ready
87e200c0   _KNL_run
87e21760   _KNL_saveIsrFrame
87e27660   _KNL_set
87e27654   _KNL_setpri
87e22a00   _KNL_start
87e27db8   _KNL_swi
87e27670   _KNL_swiptr
87e2180c   _KNL_switch
87e27680   _KNL_tcreatefxn
87e27684   _KNL_tdeletefxn
87e2106c   _KNL_tick
87e27688   _KNL_treadyfxn
87e2767c   _KNL_tswitchfxn
87e27648   _KNL_wFlag
87e2764c   _KNL_wList
ffffffff   _L1DSRAM
87e23440   _LCK_create
87e23060   _LCK_pend
87e23040   _LCK_post
87e27d88   _LOG_A_TABBEG
87e27db8   _LOG_A_TABEND
00000002   _LOG_A_TABLEN
87e274ec   _LOG_D_system
87e230c0   _LOG_event
87e23860   _LOG_printf
87e27d88   _LOG_system
87e2770c   _MEM
87e2758c   _MEM_D_NUMSEGMENTS
87e27594   _MEM_D_freelist
87e27598   _MEM_D_lockaddr
87e27590   _MEM_D_memtab
87e2759c   _MEM_D_unlockaddr
87e20900   _MEM_alloc
87e20300   _MEM_free
87e26ec0   _MEM_init
87e276d8   _MEM_memtab
87e232c0   _MEM_valloc
87e26060   _MPCS_GlobalLock
87e14040   _MPCS_close
87e13a40   _MPCS_create
87e26058   _MPCS_csObj
87e26054   _MPCS_ctrlPtr
87e13580   _MPCS_delete
87e13368   _MPCS_enter
87e161a0   _MPCS_exit
87e1602c   _MPCS_init
87e13240   _MPCS_leave
87e131e0   _MPCS_open
87e26064   _MPLIST_ctrlPtr
87e1b140   _MPLIST_exit
87e1afc0   _MPLIST_init
87e26068   _MPLIST_mpcsObj
87e27710   _MSGQ
87e267e4   _MSGQ_ATTRS
87e267f4   _MSGQ_LOCATEASYNCATTRS
87e267f0   _MSGQ_LOCATEATTRS
87e22940   _MSGQ_alloc
87e22aa0   _MSGQ_close
87e25e78   _MSGQ_config
87e23720   _MSGQ_free
87e22b40   _MSGQ_get
87e26ba0   _MSGQ_init
87e223c0   _MSGQ_locate
87e226c0   _MSGQ_locateLocal
87e21b60   _MSGQ_open
87e22be0   _MSGQ_put
87e224c0   _MSGQ_startup
87e2606c   _NOTIFY_ctrlPtr
87e1d800   _NOTIFY_init
87e1c2d8   _NOTIFY_notify
87e26070   _NOTIFY_numIps
87e1c274   _NOTIFY_register
87e1c220   _NOTIFY_unregister
87e23140   _OBJ_create
87e234a0   _OBJ_delete
87e26fc0   _OBJ_init
87e25f40   _OBJ_segtab
87e25f08   _OBJ_table
87e00080   _PIP_A_TABBEG
87e00080   _PIP_A_TABEND
87e27714   _POOL
ffffffff   _POOLMEM
87e25ea0   _POOL_config
87e26ce0   _POOL_init
87e15530   _POOL_open
87e2752c   _PRD_D_tick
87e27f94   _PRD_clock
87e23760   _QUE_get
87e23788   _QUE_put
87e25e90   _READWRITE_Pools
ffffffff   _RESET_VECTOR
87e26074   _RingIO_ctrlPtr
87e13140   _RingIO_exit
87e12f98   _RingIO_init
87e26078   _RingIO_mpcsObj
87e23560   _SEM_pend
87e23500   _SEM_pendBinary
87e20500   _SEM_pendEnterKnl
87e227a0   _SEM_post
87e227a0   _SEM_postBinary
87e22c80   _SEM_postEnterKnl
87e1cf14   _SHMDRV_handshake
87e1cf00   _SHMDRV_init
87e26834   _SMAPOOL_FXNS
87e17f0c   _SMAPOOL_alloc
87e17d54   _SMAPOOL_free
87e17d48   _SMAPOOL_init
87e17c20   _SMAPOOL_open
87e26870   _STS_A_TABBEG
87e26880   _STS_A_TABEND
87e235ec   _STS_add
87e235c0   _STS_delta
87e23608   _STS_reset
87e23880   _STS_set
87e275c4   _SWI_D_curfxn
87e275b4   _SWI_D_curmask
87e275b8   _SWI_D_curset
87e275b0   _SWI_D_execaddr
87e275cc   _SWI_D_inswi
87e275bc   _SWI_D_lock
87e275c8   _SWI_D_rdybeg
87e275ac   _SWI_D_runaddr
87e275ac   _SWI_data
87e1f310   _SWI_post
87e275a0   _SYS
87e27a00   _SYS_PUTCBEG
87e27bff   _SYS_PUTCEND
87e23620   _SYS_abort
87e23320   _SYS_error
87e22d20   _SYS_exit
87e25fb0   _SYS_exitStack
87e276fc   _SYS_exitStackPtr
87e27700   _SYS_exitStackTop
87e238a8   _SYS_one
87e238a0   _SYS_zero
87e25e2a   _SamplePoolParams
87e27df8   _TRC_R_mask
87e276f0   _TSK
87e17a10   _TSKRDWR_create
87e17988   _TSKRDWR_delete
87e17720   _TSKRDWR_execute
87e25ea8   _TSK_ATTRS
87e25ec4   _TSK_config
87e1fae0   _TSK_create
87e21240   _TSK_delete
87e21ca0   _TSK_exit
87e2772c   _TSK_idle
87e26f60   _TSK_init
87e276e8   _TSK_nTasks
87e276ec   _TSK_pid
87e215c0   _TSK_setup
87e22344   _TSK_startup
87e25ee4   _TSK_timerSem
87e237a0   _UTL_doAbort
87e238c0   _UTL_doError
87e23680   _UTL_doPutc
87e238e0   _UTL_halt
87e25fd0   _ZCPYMQT_FXNS
87e1e780   _ZCPYMQT_init
87e259bc   __BCACHE_emifAddr
87e26034   __BCACHE_readTable
87e27c00   __CIOBUF_
87e2157c   __CLK_lat1beg
87e215a0   __CLK_lat1end
87e14e20   __DSPLINK_init
87e275a8   __HOOK_NUMHOOKS
87e275a4   __HOOK_knlId
87e1edc0   __HWI_lat1beg
87e1ef48   __HWI_lat1end
87e1ef48   __HWI_lat2beg
87e1f124   __HWI_lat2end1
87e1f0b0   __HWI_lat2end2
87e1f140   __HWI_lat3beg
87e1f0e0   __HWI_lat3end2
87e221cc   __KNL_lat1beg
87e22248   __KNL_lat1end
87e230c0   __LOG_lat1beg
87e25f84   __MEM_mutex
87e15c20   __MPCS_open
48004000   __PWRM_CM_BASEADDR
5d000000   __PWRM_IVAMMU_BASEADDR
48306000   __PWRM_PRM_BASEADDR
48002000   __PWRM_SCM_BASEADDR
00000000   __PWRM_TIMERBASEADDR
00000020   __PWRM_TIMERINPUTCLK
00000000   __PWRM_TIMERINTRMASK
0000000a   __PWRM_TIMERPERIOD
00000000   __PWRM_USETIMER
87e23760   __QUE_lat1beg
87e23780   __QUE_lat1end
87e23788   __QUE_lat2beg
87e23794   __QUE_lat2end
87e12da0   __RingIO_callNotifier
87e12cb4   __RingIO_checkNotifier
87e1264c   __RingIO_getContiguousDataSize
87e11660   __RingIO_getFirstAcquiredAttr
87e1032c   __RingIO_getFirstAttr
87e10890   __RingIO_initInstance
87e11710   __RingIO_invalidateDataBuffer
87e12760   __RingIO_readerAcquire
87e124b4   __RingIO_readerCancel
87e11f90   __RingIO_readerFlush
87e11bc4   __RingIO_readerGetvAttribute
87e117d8   __RingIO_readerRelease
87e10424   __RingIO_releaseAttribute
87e10e88   __RingIO_updateAttributes
87e11420   __RingIO_writerAcquire
87e11064   __RingIO_writerCancel
87e10954   __RingIO_writerFlush
87e10510   __RingIO_writerRelease
87e10080   __RingIO_writerSetvAttribute
87e21080   __SEM_dopost
87e24920   __STACK_END
00001000   __STACK_SIZE
87e1f418   __SWI_lat1beg
87e1f4c4   __SWI_lat1end
87e1f4c8   __SWI_lat2beg
87e1f528   __SWI_lat2end
87e1f2a0   __SWI_lat3beg
87e1f30c   __SWI_lat3end
87e25f5c   __TSK_mutex
87e26048   ___TI_enable_exit_profile_output
ffffffff   ___TI_pprof_out_hndl
ffffffff   ___TI_prof_data_size
ffffffff   ___TI_prof_data_start
ffffffff   ___binit__
87e273e0   ___bss__
ffffffff   ___c_args__
87e24920   ___cinit__
87e27f00   ___data__
87e27f84   ___edata__
87e2771e   ___end__
87e1e8a0   ___etext__
87e1e500   ___isinf
ffffffff   ___pinit__
87e10080   ___text__
87e1a7c0   __addd
87e218e0   __auto_init
87e1d2c0   __c6xabi_divu
87e1dd20   __c6xabi_remu
87e1d140   __cleanup
87e26040   __cleanup_ptr
87e1ca00   __cmpd
87e264c8   __ctypes_
87e16780   __divd
87e18520   __divf
87e1da00   __divli
87e1d2c0   __divu
87e1b520   __divul
87e19ca0   __divull
87e1d380   __doflush
87e26044   __dtors_ptr
87e1df00   __fixdi
87e1dbe0   __fixdli
87e1df80   __fixfu
87e1e000   __fltlid
87e1e580   __fltuf
87e1a9c0   __frcaddd
87e1c440   __frcmpyd
87e1e5c0   __frcmpyd_div
87e1e300   __frcmpyf
87e1e600   __frcmpyf_div
87e259b8   __ft_end
87e25698   __ftable
87e1e080   __llshl
87e1e640   __llshru
87e2607c   __lock
87e19f00   __mpyd
87e1abc0   __mpyf
87e1e680   __negd
87e1e7c0   __negll
87e1e7e0   __nop
87e180e0   __printfi
87e1e840   __register_lock
87e1e860   __register_unlock
87e1e6c0   __remli
87e1dd20   __remu
87e1e100   __renormd
87e23920   __stack
87e1e360   __subcull
87e1e700   __subd
87e25878   __tmpnams
87e26080   __unlock
87e1c640   __wrt_ok
87e1cae0   _atoi
87e1bfe0   _atol
87e26e00   _c_int00
87e20058   _calloc
87e1cbc0   _close
87e1c100   _fclose
87e1bb00   _fputc
87e19160   _fputs
87e1fe20   _free
87e1d440   _fseek
87e1d500   _lseek
87e1d5c0   _ltoa
87e1bde4   _main
87e1fe48   _malloc
87e1ff78   _memalign
87e1e3c0   _memccpy
87e1de60   _memcpy
87e1cca0   _memset
87e25e28   _mqtParams
87e26088   _numTransfers
87e1e180   _printf
87e1bb00   _putc
87e1e200   _readmsg
87e1feac   _realloc
87e1e880   _remove
87e1b840   _setvbuf
87e27da0   _trace
87e25e50   _transports
87e1e280   _unlink
87e1d680   _write
87e1e420   _writemsg
ffffffff   binit
87e24920   cinit
87e27f84   edata
87e2771e   end
87e1e8a0   etext
87e27800   hwi0
87e27820   hwi1
87e27940   hwi10
87e27960   hwi11
87e27980   hwi12
87e279a0   hwi13
87e279c0   hwi14
87e279e0   hwi15
87e27840   hwi2
87e27860   hwi3
87e27880   hwi4
87e278a0   hwi5
87e278c0   hwi6
87e278e0   hwi7
87e27900   hwi8
87e27920   hwi9
ffffffff   pinit
87e27da0   trace
87e27780   trace$buf
00000001   trace$datatype
00000000   trace$log
00000020   trace$size


GLOBAL SYMBOLS: SORTED BY Symbol Address 

address    name
--------   ----
00000000   BUF$
00000000   CLK_PRDHIGH
00000000   CLK_RESETTIMER
00000000   CLK_TDDR
00000000   CLK_TDDRHIGH
00000000   CLK_TIMERNUM
00000000   DEV$
00000000   DGN$
00000000   DHL$
00000000   DHL_gChannelsAvailable
00000000   DIO$
00000000   DIO_NUMSWIBASE
00000000   DIO_NUMTSKBASE
00000000   DIO_STATIC
00000000   DPI$
00000000   ECM$
00000000   ECM_ENABLE
00000000   GBL_BCACHEREADADDR0
00000000   GBL_BCACHEREADADDR1
00000000   GBL_BCACHEREADADDR2
00000000   GBL_BIGENDIAN
00000000   GBL_CACHE
00000000   GBL_CALLCSLCFGINIT
00000000   GBL_ENABLEINST
00000000   GBL_ENABLE_SK
00000000   GBL_GEMTRUECOMPEN
00000000   GBL_L2MAR0_31
00000000   GBL_L2MAR160_191
00000000   GBL_L2MAR192_223
00000000   GBL_L2MAR224_255
00000000   GBL_L2MAR32_63
00000000   GBL_L2MAR64_95
00000000   GBL_L2MAR96_127
00000000   GBL_NULL
00000000   GBL_PROCID
00000000   GBL_ROM
00000000   GBL_SUPPORTCSL
00000000   GBL_USERINIT
00000000   GIO$
00000000   HOOK$
00000000   HOOK_KNLID
00000000   HST$
00000000   HST_DSM
00000000   HST_MAXFRAMESET
00000000   HST_RTDX
00000000   HWI_GENERATE_RESET_VEC
00000000   HWI_INT10$hwi
00000000   HWI_INT11$hwi
00000000   HWI_INT12$hwi
00000000   HWI_INT13$hwi
00000000   HWI_INT14$hwi
00000000   HWI_INT15$hwi
00000000   HWI_INT4$hwi
00000000   HWI_INT5$hwi
00000000   HWI_INT6$hwi
00000000   HWI_INT7$hwi
00000000   HWI_INT8$hwi
00000000   HWI_INT9$hwi
00000000   HWI_NMI$hwi
00000000   HWI_POLARITYMASK
00000000   HWI_RESERVED0$hwi
00000000   HWI_RESERVED1$hwi
00000000   HWI_RESET
00000000   HWI_RESET$hwi
00000000   HWI_ZEROTAB
00000000   IDL$
00000000   IDL_CALIBRERROR
00000000   IDL_CALIBRFXN
00000000   IDL_USECLKIDLTIME
00000000   KNL_swi$ord
00000000   KNL_swi$pri
00000000   KNL_swi$sts$unittype
00000000   KNL_swi$swi
00000000   LOG_system$datatype
00000000   LOG_system$log
00000000   MBX$
00000000   MEM_NULL
00000000   MEM_USEMPC
00000000   OBJ$
00000000   PIP$
00000000   PIP_A_TABLEN
00000000   PIP_gNextId
00000000   PIP_gNumEmbed
00000000   PRD_A_TABLEN
00000000   PRD_SWIHANDLE
00000000   PWRM_PWRM_CAPSMASK
00000000   PWRM_PWRM_ENABLE
00000000   PWRM_PWRM_LOADENABLE
00000000   PWRM_PWRM_RESOURCETRACKING
00000000   PWRM_PWRM_SCALING
00000000   PWRM_PWRM_TIMERIDNUM
00000000   PWRM_PWRM_TIMERINTRMASK
00000000   PWRM_PWRM_TIMERWUGENMASK
00000000   PWRM_PWRM_USERRESOURCES
00000000   PWRM_PWRM_USETIMER
00000000   RTDX$
00000000   RTDX_MODE
00000000   RTDX_USERTDX
00000000   RTDX_USERTEXECUTION
00000000   SEM$
00000000   SIO$
00000000   STS$
00000000   SWI_EHOOKFXN
00000000   SWI_IHOOKFXN
00000000   TSK_NUM_HOOKS
00000000   TSK_READYFXN
00000000   TSK_SWITCHFXN
00000000   TSK_idle$ord
00000000   TSK_idle$pri
00000000   TSK_idle$tsk
00000000   UDEV$
00000000   _CLK_TDDR
00000000   _CLK_TIMERNUM
00000000   _GBL_CACHE
00000000   _HWI_RESET
00000000   __PWRM_TIMERBASEADDR
00000000   __PWRM_TIMERINTRMASK
00000000   __PWRM_USETIMER
00000000   trace$log
00000001   BUF_ENABLED
00000001   CLK$
00000001   CLK_CALDIV
00000001   CLK_CALMULT
00000001   CLK_ENABLEHTIME
00000001   CLK_HTIMEDIV
00000001   CLK_HTIMEMULT
00000001   CLK_LTIMEDIV
00000001   CLK_POWERENABLE
00000001   CLK_USETIMER
00000001   GBL$
00000001   GBL_L2CONFIGURE
00000001   GBL_L2MODE
00000001   GBL_boot
00000001   HST_NONE
00000001   HWI$
00000001   HWI_ENABLE_EXC
00000001   HWI_NMI
00000001   ISRC$
00000001   KNL_swi$dorta
00000001   KNL_swi$sts$filtmaxmult
00000001   KNL_swi$sts$filtsummult
00000001   LCK$
00000001   LOG$
00000001   LOG_ENABLED
00000001   MEM$
00000001   MEM_gNumHeap
00000001   MSGQ$
00000001   MSGQ_USEMSGQ
00000001   POOL$
00000001   POOL_USEPOOL
00000001   PRD$
00000001   PRD_SCALAR
00000001   PWRM$
00000001   PWRM_PWRM_NUMSLOTS
00000001   QUE$
00000001   SWI$
00000001   SWI_A_TABLEN
00000001   SYS$
00000001   TSK$
00000001   TSK_PRIORITY
00000001   _CLK_USETIMER
00000001   _HWI_NMI
00000001   trace$datatype
00000002   HWI_RESERVED0
00000002   KNL_swi$sts$filter
00000002   LOG_A_TABLEN
00000002   _HWI_RESERVED0
00000002   _LOG_A_TABLEN
00000003   GBL_L1PMODE
00000003   HWI_RESERVED1
00000003   _HWI_RESERVED1
00000004   EVENT4
00000004   HWI_INT4
00000004   _EVENT4
00000004   _HWI_INT4
00000005   CLK_COUNTSPMSHIGH
00000005   CLK_TIMMODE
00000005   EVENT5
00000005   HWI_INT5
00000005   _EVENT5
00000005   _HWI_INT5
00000006   EVENT6
00000006   HWI_INT6
00000006   _EVENT6
00000006   _HWI_INT6
00000007   EVENT7
00000007   GBL_L1DMODE
00000007   HWI_INT7
00000007   _EVENT7
00000007   _HWI_INT7
00000008   EVENT8
00000008   HWI_INT8
00000008   _EVENT8
00000008   _HWI_INT8
00000009   EVENT9
00000009   HWI_INT9
00000009   _EVENT9
00000009   _HWI_INT9
0000000a   EVENT10
0000000a   HWI_INT10
0000000a   PWRM_PWRM_CLKTICKSPERSLOT
0000000a   _EVENT10
0000000a   _HWI_INT10
0000000a   __PWRM_TIMERPERIOD
0000000b   EVENT11
0000000b   HWI_INT11
0000000b   _EVENT11
0000000b   _HWI_INT11
0000000c   EVENT12
0000000c   HWI_INT12
0000000c   _EVENT12
0000000c   _HWI_INT12
0000000d   EVENT13
0000000d   HWI_INT13
0000000d   _EVENT13
0000000d   _HWI_INT13
0000000e   EVENT14
0000000e   HWI_INT14
0000000e   _EVENT14
0000000e   _HWI_INT14
0000000f   EVENT15
0000000f   HWI_INT15
0000000f   _EVENT15
0000000f   _HWI_INT15
00000010   EVENT16
00000010   _EVENT16
00000011   EVENT17
00000011   _EVENT17
00000012   EVENT18
00000012   _EVENT18
00000013   EVENT19
00000013   _EVENT19
00000014   EVENT20
00000014   _EVENT20
00000015   EVENT21
00000015   _EVENT21
00000016   EVENT22
00000016   _EVENT22
00000017   EVENT23
00000017   _EVENT23
00000018   EVENT24
00000018   _EVENT24
00000019   EVENT25
00000019   _EVENT25
0000001a   EVENT26
0000001a   _EVENT26
0000001b   EVENT27
0000001b   _EVENT27
0000001c   EVENT28
0000001c   _EVENT28
0000001d   EVENT29
0000001d   _EVENT29
0000001e   EVENT30
0000001e   _EVENT30
0000001f   EVENT31
0000001f   _EVENT31
00000020   CLK_TCR
00000020   EVENT32
00000020   _EVENT32
00000020   __PWRM_TIMERINPUTCLK
00000020   trace$size
00000021   EVENT33
00000021   _EVENT33
00000022   EVENT34
00000022   _EVENT34
00000023   EVENT35
00000023   _EVENT35
00000024   EVENT36
00000024   _EVENT36
00000025   EVENT37
00000025   _EVENT37
00000026   EVENT38
00000026   _EVENT38
00000027   EVENT39
00000027   _EVENT39
00000028   EVENT40
00000028   _EVENT40
00000029   EVENT41
00000029   _EVENT41
0000002a   EVENT42
0000002a   _EVENT42
0000002b   EVENT43
0000002b   _EVENT43
0000002c   EVENT44
0000002c   _EVENT44
0000002d   EVENT45
0000002d   _EVENT45
0000002e   EVENT46
0000002e   _EVENT46
0000002f   EVENT47
0000002f   _EVENT47
00000030   EVENT48
00000030   _EVENT48
00000031   EVENT49
00000031   _EVENT49
00000032   EVENT50
00000032   _EVENT50
00000033   EVENT51
00000033   _EVENT51
00000034   EVENT52
00000034   _EVENT52
00000035   EVENT53
00000035   _EVENT53
00000036   EVENT54
00000036   _EVENT54
00000037   EVENT55
00000037   _EVENT55
00000038   EVENT56
00000038   _EVENT56
00000039   EVENT57
00000039   _EVENT57
0000003a   EVENT58
0000003a   _EVENT58
0000003b   EVENT59
0000003b   _EVENT59
0000003c   EVENT60
0000003c   _EVENT60
0000003d   EVENT61
0000003d   _EVENT61
0000003e   EVENT62
0000003e   GBL_DSPTYPE
0000003e   _EVENT62
0000003f   EVENT63
0000003f   _EVENT63
00000040   EVENT64
00000040   LOG_system$size
00000040   _EVENT64
00000041   EVENT65
00000041   _EVENT65
00000042   EVENT66
00000042   GBL_FOOTPRINT
00000042   _EVENT66
00000043   EVENT67
00000043   _EVENT67
00000044   EVENT68
00000044   _EVENT68
00000045   EVENT69
00000045   _EVENT69
00000046   EVENT70
00000046   _EVENT70
00000047   EVENT71
00000047   _EVENT71
00000048   EVENT72
00000048   _EVENT72
00000049   EVENT73
00000049   _EVENT73
0000004a   EVENT74
0000004a   _EVENT74
0000004b   EVENT75
0000004b   _EVENT75
0000004c   EVENT76
0000004c   _EVENT76
0000004d   EVENT77
0000004d   _EVENT77
0000004e   EVENT78
0000004e   _EVENT78
0000004f   EVENT79
0000004f   _EVENT79
00000050   EVENT80
00000050   _EVENT80
00000051   EVENT81
00000051   _EVENT81
00000052   EVENT82
00000052   _EVENT82
00000053   EVENT83
00000053   _EVENT83
00000054   EVENT84
00000054   _EVENT84
00000055   EVENT85
00000055   _EVENT85
00000056   EVENT86
00000056   _EVENT86
00000057   EVENT87
00000057   _EVENT87
00000058   EVENT88
00000058   _EVENT88
00000059   EVENT89
00000059   _EVENT89
0000005a   EVENT90
0000005a   _EVENT90
0000005b   EVENT91
0000005b   _EVENT91
0000005c   EVENT92
0000005c   _EVENT92
0000005d   EVENT93
0000005d   _EVENT93
0000005e   EVENT94
0000005e   _EVENT94
0000005f   EVENT95
0000005f   _EVENT95
00000060   EVENT96
00000060   _EVENT96
00000061   EVENT97
00000061   _EVENT97
00000062   EVENT98
00000062   _EVENT98
00000063   EVENT99
00000063   _EVENT99
00000064   EVENT100
00000064   PIP_OBJSIZE
00000064   _EVENT100
00000065   EVENT101
00000065   _EVENT101
00000066   EVENT102
00000066   _EVENT102
00000067   EVENT103
00000067   _EVENT103
00000068   EVENT104
00000068   _EVENT104
00000069   EVENT105
00000069   _EVENT105
0000006a   EVENT106
0000006a   _EVENT106
0000006b   EVENT107
0000006b   _EVENT107
0000006c   EVENT108
0000006c   _EVENT108
0000006d   EVENT109
0000006d   _EVENT109
0000006e   EVENT110
0000006e   _EVENT110
0000006f   EVENT111
0000006f   _EVENT111
00000070   EVENT112
00000070   _EVENT112
00000071   EVENT113
00000071   _EVENT113
00000072   EVENT114
00000072   _EVENT114
00000073   EVENT115
00000073   _EVENT115
00000074   EVENT116
00000074   _EVENT116
00000075   EVENT117
00000075   _EVENT117
00000076   EVENT118
00000076   _EVENT118
00000077   EVENT119
00000077   _EVENT119
00000078   EVENT120
00000078   _EVENT120
00000079   EVENT121
00000079   _EVENT121
0000007a   EVENT122
0000007a   _EVENT122
0000007b   EVENT123
0000007b   _EVENT123
0000007c   EVENT124
0000007c   _EVENT124
0000007d   EVENT125
0000007d   _EVENT125
0000007e   EVENT126
0000007e   _EVENT126
0000007f   EVENT127
0000007f   _EVENT127
00000080   GBL_L2MAR128_159
00000100   HST_MAXFRAMEALLOWED
000003e8   CLK_MICROSECS
00000400   HST_DSMMEMSIZE
00000400   TSK_STACKSIZE
00000408   RTDX_BUFMEMSIZE
00000d66   GBL_CLKTYPE
00001000   __STACK_SIZE
00001963   GBL_DSPSUBTYPE
00004000   CLK_INTBIT
00004000   GBL_TRCMASKVALUE
00004000   HWI_CFGDISPATCHED
00004000   _HWI_CFGDISPATCHED
00004b00   CLK_INPUTCLK
00004b00   CLK_PRD
00004b00   _CLK_PRD
00004e20   GBL_CLKIN
00005205   GBL_A_VERSION
00010000   DDR2$L
00010000   _DDR2_length
00050910   CLK_COUNTSPMS
00050910   CLK_HTIMEPERLTIME
00050910   CLK_LTIMEMULT
00050910   GBL_FREQ
00050910   _CLK_COUNTSPMS
07060504   HWI_INTRMUX1
0a0a0908   HWI_INTRMUX2
34330d0b   HWI_INTRMUX3
48002000   __PWRM_SCM_BASEADDR
48004000   __PWRM_CM_BASEADDR
48306000   __PWRM_PRM_BASEADDR
49038000   CLK_REGS
49038000   _CLK_REGS
49038000   _CLK_gptimer
5d000000   __PWRM_IVAMMU_BASEADDR
87e00080   DDR2$B
87e00080   HST_A_TABBEG
87e00080   HST_A_TABEND
87e00080   PIP_A_TABBEG
87e00080   PIP_A_TABEND
87e00080   PRD_A_TABBEG
87e00080   PRD_A_TABEND
87e00080   _DDR2_base
87e00080   _HST_A_TABBEG
87e00080   _HST_A_TABEND
87e00080   _PIP_A_TABBEG
87e00080   _PIP_A_TABEND
87e10080   .text
87e10080   __RingIO_writerSetvAttribute
87e10080   ___text__
87e1032c   __RingIO_getFirstAttr
87e10424   __RingIO_releaseAttribute
87e10510   __RingIO_writerRelease
87e10890   __RingIO_initInstance
87e10954   __RingIO_writerFlush
87e10e88   __RingIO_updateAttributes
87e11064   __RingIO_writerCancel
87e11420   __RingIO_writerAcquire
87e11660   __RingIO_getFirstAcquiredAttr
87e11710   __RingIO_invalidateDataBuffer
87e117d8   __RingIO_readerRelease
87e11bc4   __RingIO_readerGetvAttribute
87e11f90   __RingIO_readerFlush
87e124b4   __RingIO_readerCancel
87e1264c   __RingIO_getContiguousDataSize
87e12760   __RingIO_readerAcquire
87e12cb4   __RingIO_checkNotifier
87e12da0   __RingIO_callNotifier
87e12f98   _RingIO_init
87e13140   _RingIO_exit
87e131e0   _MPCS_open
87e13240   _MPCS_leave
87e13368   _MPCS_enter
87e13580   _MPCS_delete
87e13a40   _MPCS_create
87e14040   _MPCS_close
87e14180   _IPS_unregister
87e144d4   _IPS_setReserved
87e14500   _IPS_isNotReserved
87e14520   _IPS_register
87e14860   _IPS_notify
87e14a40   _IPS_init
87e14ba0   _IPS_exit
87e14c54   _IPS_clearReserved
87e14e20   __DSPLINK_init
87e15530   _POOL_open
87e155c0   _DSPLINK_terminateISR
87e15c20   __MPCS_open
87e1602c   _MPCS_init
87e161a0   _MPCS_exit
87e16780   __divd
87e17720   _TSKRDWR_execute
87e17988   _TSKRDWR_delete
87e17a10   _TSKRDWR_create
87e17c20   _SMAPOOL_open
87e17d48   _SMAPOOL_init
87e17d54   _SMAPOOL_free
87e17f0c   _SMAPOOL_alloc
87e180e0   __printfi
87e18520   __divf
87e19160   _fputs
87e19ca0   __divull
87e19f00   __mpyd
87e1a7c0   __addd
87e1a9c0   __frcaddd
87e1abc0   __mpyf
87e1afc0   _MPLIST_init
87e1b140   _MPLIST_exit
87e1b1a0   _HAL_intRegister
87e1b2c4   _HAL_intInit
87e1b520   __divul
87e1b6c0   _HOSTrename
87e1b840   _setvbuf
87e1bb00   _fputc
87e1bb00   _putc
87e1bde4   _main
87e1bfe0   _atol
87e1c100   _fclose
87e1c220   _NOTIFY_unregister
87e1c274   _NOTIFY_register
87e1c2d8   _NOTIFY_notify
87e1c340   _HOSTlseek
87e1c440   __frcmpyd
87e1c640   __wrt_ok
87e1c740   _HAL_intWaitClear
87e1c7b0   _HAL_intSend
87e1c7c0   _HAL_intEnable
87e1c7ec   _HAL_intDisable
87e1c818   _HAL_intClear
87e1c840   _HOSTopen
87e1c920   _HOSTread
87e1ca00   __cmpd
87e1cae0   _atoi
87e1cbc0   _close
87e1cca0   _memset
87e1cd80   _DSPLINK_init
87e1ce40   _DSPLINKIPS_init
87e1cf00   _SHMDRV_init
87e1cf14   _SHMDRV_handshake
87e1cfc0   _HOSTunlink
87e1d080   _HOSTwrite
87e1d140   __cleanup
87e1d2c0   __c6xabi_divu
87e1d2c0   __divu
87e1d380   __doflush
87e1d440   _fseek
87e1d500   _lseek
87e1d5c0   _ltoa
87e1d680   _write
87e1d800   _NOTIFY_init
87e1d8c0   _DSPLINKPOOL_init
87e1d960   _HOSTclose
87e1da00   __divli
87e1dbe0   __fixdli
87e1dd20   __c6xabi_remu
87e1dd20   __remu
87e1de60   _memcpy
87e1df00   __fixdi
87e1df80   __fixfu
87e1e000   __fltlid
87e1e080   __llshl
87e1e100   __renormd
87e1e180   _printf
87e1e200   _readmsg
87e1e280   _unlink
87e1e300   __frcmpyf
87e1e360   __subcull
87e1e3c0   _memccpy
87e1e420   _writemsg
87e1e478   C$$IO$$
87e1e480   _DSPLINKDATA_init
87e1e4c0   _DSPLINKMQT_init
87e1e500   ___isinf
87e1e580   __fltuf
87e1e5c0   __frcmpyd_div
87e1e600   __frcmpyf_div
87e1e640   __llshru
87e1e680   __negd
87e1e6c0   __remli
87e1e700   __subd
87e1e740   _HAL_init
87e1e768   _HAL_exit
87e1e780   _ZCPYMQT_init
87e1e7c0   __negll
87e1e7e0   __nop
87e1e840   __register_lock
87e1e860   __register_unlock
87e1e880   _remove
87e1e8a0   _EXC_nmi
87e1e8a0   ___etext__
87e1e8a0   etext
87e1e8d4   _EXC_internal
87e1eb80   _EXC_init
87e1ebc0   _EXC_getLastStatus
87e1ebe0   _EXC_external
87e1ec14   _EXC_exceptionHandler
87e1ed90   _EXC_clearLastStatus
87e1edc0   CLK_HOOKFXN
87e1edc0   HWI_F_dispatch
87e1edc0   _HWI_F_dispatch
87e1edc0   __HWI_lat1beg
87e1ef48   __HWI_lat1end
87e1ef48   __HWI_lat2beg
87e1f0b0   __HWI_lat2end2
87e1f0e0   __HWI_lat3end2
87e1f124   __HWI_lat2end1
87e1f140   __HWI_lat3beg
87e1f2a0   SWI_F_enable
87e1f2a0   __SWI_lat3beg
87e1f30c   __SWI_lat3end
87e1f310   SWI_F_post
87e1f310   _SWI_post
87e1f418   __SWI_lat1beg
87e1f484   SWI_EXECFXN
87e1f484   SWI_F_exec
87e1f4ac   SWI_F_iexec
87e1f4c4   __SWI_lat1end
87e1f4c8   __SWI_lat2beg
87e1f528   __SWI_lat2end
87e1f52c   SWI_F_run
87e1f52c   SWI_RUNFXN
87e1f760   PRD_F_swi
87e1f9e4   PRD_F_tick
87e1fae0   _TSK_create
87e1fe20   _free
87e1fe48   _malloc
87e1feac   _realloc
87e1ff78   _memalign
87e20058   _calloc
87e200c0   _KNL_run
87e20300   _MEM_free
87e20500   _SEM_pendEnterKnl
87e20700   _CLK_stop
87e20764   _CLK_start
87e20900   _MEM_alloc
87e20ae0   _C62_plug
87e20ae0   _C64_plug
87e20ae8   _C62_dispatchPlug
87e20ae8   _C64_dispatchPlug
87e20cc0   _EXC_dispatch
87e20e84   _EXC_setReturnPtr
87e2106c   PRD_THOOKFXN
87e2106c   _KNL_tick
87e21080   __SEM_dopost
87e21240   _TSK_delete
87e21400   CLK_F_getltime
87e21410   CLK_F_isr
87e21560   CLK_F_itime
87e21560   _CLK_F_itime
87e21560   _CLK_itime
87e2157c   __CLK_lat1beg
87e215a0   __CLK_lat1end
87e215c0   _TSK_setup
87e21760   _KNL_saveIsrFrame
87e2180c   _KNL_switch
87e218b8   KNL_glue
87e218e0   __auto_init
87e21a20   _KNL_ready
87e21b60   _MSGQ_open
87e21ca0   _TSK_exit
87e21de0   _BCACHE_setSize
87e21e24   _BCACHE_setMar
87e21e74   _BCACHE_bootInit
87e21e74   _BCACHE_setCacheToSram
87e21ea4   _BCACHE_getSize
87e21ef4   _BCACHE_getMar
87e21f4c   _CLK_reconfig
87e220c4   _GBL_cacheInit64P
87e22180   _KNL_check
87e221cc   __KNL_lat1beg
87e22248   _KNL_idle
87e22248   __KNL_lat1end
87e22270   _KNL_max
87e22344   _TSK_startup
87e223c0   _MSGQ_locate
87e224c0   _MSGQ_startup
87e2268c   _BCACHE_wbInv
87e226a0   _BCACHE_wb
87e226b0   _BCACHE_inv
87e226c0   _MSGQ_locateLocal
87e227a0   _SEM_post
87e227a0   _SEM_postBinary
87e22880   _KNL_exit
87e228c0   _KNL_enter
87e22940   _MSGQ_alloc
87e22a00   _KNL_start
87e22aa0   _MSGQ_close
87e22b40   _MSGQ_get
87e22be0   _MSGQ_put
87e22c80   _SEM_postEnterKnl
87e22d20   _SYS_exit
87e22dc0   _ATM_andi
87e22dc0   _ATM_andu
87e22dd0   _ATM_cleari
87e22dd0   _ATM_clearu
87e22de0   _ATM_deci
87e22de0   _ATM_decu
87e22df0   _ATM_inci
87e22df0   _ATM_incu
87e22e04   _ATM_ori
87e22e04   _ATM_oru
87e22e14   _ATM_seti
87e22e14   _ATM_setu
87e22e40   _HWI_dispatchPlug
87e22ec0   _HWI_eventMap
87e22f40   _KNL_ipost
87e22fc0   _KNL_post
87e23040   _LCK_post
87e23060   _LCK_pend
87e230c0   LOG_F_event
87e230c0   _LOG_event
87e230c0   __LOG_lat1beg
87e23140   _OBJ_create
87e2320c   _BCACHE_wbInvAll
87e23220   _BCACHE_wbAll
87e23230   _BCACHE_invL1pAll
87e23240   _BCACHE_wait
87e232c0   _MEM_valloc
87e23320   _SYS_error
87e23380   FXN_F_nop
87e23384   FXN_F_run
87e23384   _FXN_F_run
87e233c0   FXN_F_zero
87e233c0   _FXN_F_zero
87e233e0   _HWI_disable
87e233f8   _HWI_enable
87e2340c   _HWI_restore
87e23440   _LCK_create
87e234a0   _OBJ_delete
87e23500   _SEM_pendBinary
87e23560   _SEM_pend
87e235c0   STS_F_delta
87e235c0   _STS_delta
87e235ec   STS_F_add
87e235ec   _STS_add
87e23608   STS_F_reset
87e23608   _STS_reset
87e23620   _SYS_abort
87e23680   SYS_PUTCFXN
87e23680   _UTL_doPutc
87e236e0   _C62_disableIER
87e236e0   _C64_disableIER
87e236f8   _C62_enableIER
87e236f8   _C64_enableIER
87e2370c   _C62_clearIFR
87e2370c   _C64_clearIFR
87e23720   _MSGQ_free
87e23760   _QUE_get
87e23760   __QUE_lat1beg
87e23780   __QUE_lat1end
87e23788   _QUE_put
87e23788   __QUE_lat2beg
87e23794   __QUE_lat2end
87e237a0   SYS_ABORTFXN
87e237a0   _UTL_doAbort
87e237e0   GBL_USERINITFXN
87e237e0   GIO_CREATEFXN
87e237e0   GIO_DELETEFXN
87e237e0   GIO_PENDFXN
87e237e0   GIO_POSTFXN
87e237e0   PWRM_PWRM_SHAREDRESOURCEFXN
87e237e0   PWRM_PWRM_SLOTHOOKFXN
87e237e0   TSK_VCREATEFXN
87e237e0   TSK_VDELETEFXN
87e237e0   TSK_VEXITFXN
87e237e0   _FXN_F_nop
87e23800   _GBL_getVersion
87e23820   _HOOK_setenv
87e23840   IDL_F_loop
87e23840   _IDL_loop
87e23860   _LOG_printf
87e23880   _STS_set
87e238a0   _SYS_zero
87e238a8   _SYS_one
87e238c0   SYS_ERRORFXN
87e238c0   _UTL_doError
87e238e0   SYS_EXITFXN
87e238e0   _UTL_halt
87e23900   CLK_TIMEFXN
87e23900   _CLK_gethtime
87e23920   GBL_stackbeg
87e23920   _HWI_STKTOP
87e23920   __stack
87e24918   _HWI_STKBOTTOM
87e2491f   GBL_stackend
87e24920   __STACK_END
87e24920   ___cinit__
87e24920   cinit
87e25694   IDL_A_TABBEG
87e25694   IDL_END
87e25698   __ftable
87e25878   __tmpnams
87e259b8   __ft_end
87e259bc   __BCACHE_emifAddr
87e25bfc   _CLK_inputClock
87e25c00   _KNL_queues
87e25ca0   _KNL_dummy
87e25da8   _DSPLINKPOOL_ctrlPtr
87e25e28   _mqtParams
87e25e2a   _SamplePoolParams
87e25e50   _transports
87e25e78   _MSGQ_config
87e25e90   _READWRITE_Pools
87e25ea0   _POOL_config
87e25ea8   _TSK_ATTRS
87e25ec4   _TSK_config
87e25ee4   _TSK_timerSem
87e25f08   _OBJ_table
87e25f40   _OBJ_segtab
87e25f5c   __TSK_mutex
87e25f84   __MEM_mutex
87e25fac   _DSPLINKDATA_ctrlPtr
87e25fb0   _SYS_exitStack
87e25fd0   _ZCPYMQT_FXNS
87e25ffc   _EXC_status
87e2601c   _HWI_ATTRS
87e26034   __BCACHE_readTable
87e26040   __cleanup_ptr
87e26044   __dtors_ptr
87e26048   ___TI_enable_exit_profile_output
87e26050   _DSPLINK_terminateFxn
87e26054   _MPCS_ctrlPtr
87e26058   _MPCS_csObj
87e26060   _MPCS_GlobalLock
87e26064   _MPLIST_ctrlPtr
87e26068   _MPLIST_mpcsObj
87e2606c   _NOTIFY_ctrlPtr
87e26070   _NOTIFY_numIps
87e26074   _RingIO_ctrlPtr
87e26078   _RingIO_mpcsObj
87e2607c   __lock
87e26080   __unlock
87e26084   _DSPLINKMQT_ctrlPtr
87e26088   _numTransfers
87e2608c   _CLK_gptimer_enablemask
87e26094   IDL_A_CALBEG
87e26094   IDL_END$
87e264c8   __ctypes_
87e267e4   _MSGQ_ATTRS
87e267f0   _MSGQ_LOCATEATTRS
87e267f4   _MSGQ_LOCATEASYNCATTRS
87e26834   _SMAPOOL_FXNS
87e2686d   KNL_swi$sts$maxfmt
87e26870   KNL_swi$sts$stsobj
87e26870   STS_A_TABBEG
87e26870   _STS_A_TABBEG
87e26874   KNL_swi$sts
87e26875   KNL_swi$sts$sumfmt
87e2687d   KNL_swi$sts$avgfmt
87e26880   BIOS_init
87e26880   STS_A_TABEND
87e26880   _BIOS_init
87e26880   _STS_A_TABEND
87e26ae8   BIOS_start
87e26ae8   _BIOS_start
87e26ba0   _MSGQ_init
87e26ce0   _POOL_init
87e26e00   _c_int00
87e26ec0   _MEM_init
87e26f60   _TSK_init
87e26fc0   _OBJ_init
87e26fe0   TSK_idle$stack
87e27378   TSK_idle$stkptr
87e273e0   $bss
87e273e0   .bss
87e273e0   _HWI_dispatchTab
87e273e0   ___bss__
87e274e0   IDL_D_tabbeg
87e274e4   IDL_D_calibrate
87e274e8   IDL_D_calbeg
87e274ec   LOG_D_system
87e274ec   _LOG_D_system
87e274f0   PIP_D_tabbeg
87e274f4   PIP_D_tablen
87e274f8   CLK_R_time
87e274fc   CLK_D_timefxn
87e27500   CLK_D_tabbeg
87e27504   CLK_D_isrhook
87e27508   CLK_D_idletime
87e2750c   _CLK_htimeDiv
87e27510   _CLK_htimeMult
87e27514   _CLK_ltimeDiv
87e27518   _CLK_ltimeMult
87e2751c   _CLK_D_dirty
87e27520   _CLK_D_prd
87e27524   _CLK_D_tddr
87e27528   _CLK_D_countspms
87e2752c   PRD_D_tick
87e2752c   _PRD_D_tick
87e27530   PRD_D_cur
87e27534   PRD_D_elapsed
87e27538   PRD_D_prevtim
87e2753c   PRD_D_scalar
87e27540   PRD_D_swihandle
87e27544   PRD_D_tabbeg
87e27548   PRD_D_tablen
87e2754c   PRD_D_thook
87e27550   RTA_D_fromHost
87e27554   RTA_D_toHost
87e27558   RTA_D_logval
87e27568   RTA_D_stsval
87e27574   HST_D_chanmask
87e27578   HST_D_tabbeg
87e2757c   HST_D_tabend
87e27580   _GBL_procId
87e27584   _GBL_clkIn
87e27588   _GBL_freq
87e2758c   _MEM_D_NUMSEGMENTS
87e27590   _MEM_D_memtab
87e27594   _MEM_D_freelist
87e27598   _MEM_D_lockaddr
87e2759c   _MEM_D_unlockaddr
87e275a0   _SYS
87e275a4   __HOOK_knlId
87e275a8   __HOOK_NUMHOOKS
87e275ac   SWI_D_runaddr
87e275ac   _SWI_D_runaddr
87e275ac   _SWI_data
87e275b0   SWI_D_execaddr
87e275b0   _SWI_D_execaddr
87e275b4   SWI_D_curmask
87e275b4   _SWI_D_curmask
87e275b8   SWI_D_curset
87e275b8   _SWI_D_curset
87e275bc   SWI_D_lock
87e275bc   _SWI_D_lock
87e275c0   SWI_D_curmbox
87e275c4   SWI_D_curfxn
87e275c4   _SWI_D_curfxn
87e275c8   SWI_D_rdybeg
87e275c8   _SWI_D_rdybeg
87e275cc   SWI_D_inswi
87e275cc   _SWI_D_inswi
87e275d0   SWI_D_rdytab
87e27648   _KNL_wFlag
87e2764c   _KNL_wList
87e27650   _KNL_alarm
87e27654   _KNL_setpri
87e27658   _KNL_inactive
87e2765c   _KNL_priority
87e27660   _KNL_set
87e27664   _KNL_curtask
87e27668   _KNL_prevtask
87e2766c   _KNL_curtime
87e27670   _KNL_swiptr
87e27674   _KNL_curqueue
87e27678   _KNL_maxqueue
87e2767c   _KNL_tswitchfxn
87e27680   _KNL_tcreatefxn
87e27684   _KNL_tdeletefxn
87e27688   _KNL_treadyfxn
87e2768c   _KNL_idlefxn
87e27690   _EXC_sysTrapTable
87e27698   _EXC_returnPtr
87e276b0   HWI_D_spsave
87e276b0   _HWI_D_spsave
87e276b0   _HWI_data
87e276bc   _HWI_D_inhwi
87e276c0   HWI_D_bss
87e276c4   HWI_D_ccmask
87e276c8   _EXC_exceptionHook
87e276cc   _EXC_internalHook
87e276d0   _EXC_externalHook
87e276d4   _EXC_nmiHook
87e276d8   _MEM_memtab
87e276e4   DDR2
87e276e4   HST_DSMBUFSEG
87e276e4   MEM_MALLOCSEG
87e276e4   MEM_SEGZERO
87e276e4   RTDX_DATAMEMSEG
87e276e4   TSK_STACKSEG
87e276e4   _DDR2
87e276e8   _TSK_nTasks
87e276ec   _TSK_pid
87e276f0   _TSK
87e276f4   _CLK_DFLTMICROSECS
87e276f8   _CLK_D_microseconds
87e276fc   _SYS_exitStackPtr
87e27700   _SYS_exitStackTop
87e27704   _CLK_htimePerLtime
87e2770c   _MEM
87e27710   _MSGQ
87e27714   _POOL
87e2771e   ___end__
87e2771e   end
87e2772c   TSK_idle
87e2772c   _TSK_idle
87e27780   trace$buf
87e27800   HWI_A_VECS
87e27800   hwi0
87e27820   hwi1
87e27840   hwi2
87e27860   hwi3
87e27880   hwi4
87e278a0   hwi5
87e278c0   hwi6
87e278e0   hwi7
87e27900   hwi8
87e27920   hwi9
87e27940   hwi10
87e27960   hwi11
87e27980   hwi12
87e279a0   hwi13
87e279c0   hwi14
87e279e0   hwi15
87e27a00   _SYS_PUTCBEG
87e27bff   _SYS_PUTCEND
87e27c00   __CIOBUF_
87e27d88   LOG_A_TABBEG
87e27d88   LOG_system
87e27d88   _LOG_A_TABBEG
87e27d88   _LOG_system
87e27da0   _trace
87e27da0   trace
87e27db8   KNL_swi
87e27db8   LOG_A_TABEND
87e27db8   SWI_A_TABBEG
87e27db8   _KNL_swi
87e27db8   _LOG_A_TABEND
87e27de4   SWI_A_TABEND
87e27df4   TRC_cinit
87e27df8   TRC_R_mask
87e27df8   _TRC_R_mask
87e27dfc   GBL_initdone
87e27e00   LOG_system$buf
87e27f00   .data
87e27f00   _DSPLINK_shmBaseAddress
87e27f00   ___data__
87e27f08   _DSPLINK_shmBaseAddress_pad
87e27f84   SYS$config
87e27f84   ___edata__
87e27f84   edata
87e27f94   CLK_A_TABBEG
87e27f94   PRD_clock
87e27f94   _PRD_clock
87e27f98   CLK_null
ffffffff   CACHE_L1D
ffffffff   CACHE_L1P
ffffffff   CACHE_L2
ffffffff   DSPLINKMEM
ffffffff   ECM_EVTMASK0
ffffffff   ECM_EVTMASK1
ffffffff   ECM_EVTMASK2
ffffffff   ECM_EVTMASK3
ffffffff   IRAM
ffffffff   L1DSRAM
ffffffff   POOLMEM
ffffffff   RESET_VECTOR
ffffffff   _CACHE_L1D
ffffffff   _CACHE_L1P
ffffffff   _CACHE_L2
ffffffff   _DSPLINKMEM
ffffffff   _IRAM
ffffffff   _L1DSRAM
ffffffff   _POOLMEM
ffffffff   _RESET_VECTOR
ffffffff   ___TI_pprof_out_hndl
ffffffff   ___TI_prof_data_size
ffffffff   ___TI_prof_data_start
ffffffff   ___binit__
ffffffff   ___c_args__
ffffffff   ___pinit__
ffffffff   binit
ffffffff   pinit

[1119 symbols]
